OpenJDK 64-Bit Server VM (24.121-b00) for linux-amd64 JRE (1.7.0_121-b00), built on Nov 18 2016 00:22:36 by "mockbuild" with gcc 4.8.3 20140911 (Red Hat 4.8.3-9)
Memory: 4k page, physical 15404000k(14636928k free), swap 0k(0k free)
CommandLine flags: -XX:+HeapDumpOnOutOfMemoryError -XX:HeapDumpPath=HzMember5A.hprof -XX:InitialHeapSize=4294967296 -XX:MaxHeapSize=4294967296 -XX:OnOutOfMemoryError= date >> HzMember5A.oome -XX:+PrintGC -XX:+PrintGCApplicationConcurrentTime -XX:+PrintGCApplicationStoppedTime -XX:+PrintGCDetails -XX:+PrintGCTimeStamps -XX:+PrintTenuringDistribution -XX:+UseCompressedOops -XX:+UseParallelGC 
0.222: Application time: 0.1784730 seconds
0.222: Total time for which application threads were stopped: 0.0000870 seconds, Stopping threads took: 0.0000380 seconds
4.055: Application time: 3.8329870 seconds
4.055: Total time for which application threads were stopped: 0.0002020 seconds, Stopping threads took: 0.0000420 seconds
34.059: Application time: 30.0042080 seconds
34.059: Total time for which application threads were stopped: 0.0001410 seconds, Stopping threads took: 0.0000270 seconds
34.096: Application time: 0.0369880 seconds
34.096: Total time for which application threads were stopped: 0.0000610 seconds, Stopping threads took: 0.0000290 seconds
34.108: Application time: 0.0114750 seconds
34.108: Total time for which application threads were stopped: 0.0001340 seconds, Stopping threads took: 0.0001000 seconds
34.110: Application time: 0.0026100 seconds
34.111: Total time for which application threads were stopped: 0.0001320 seconds, Stopping threads took: 0.0000900 seconds
34.111: Application time: 0.0002980 seconds
34.111: Total time for which application threads were stopped: 0.0001020 seconds, Stopping threads took: 0.0000720 seconds
34.112: Application time: 0.0008650 seconds
34.112: Total time for which application threads were stopped: 0.0001470 seconds, Stopping threads took: 0.0001110 seconds
34.114: Application time: 0.0015100 seconds
34.114: Total time for which application threads were stopped: 0.0001240 seconds, Stopping threads took: 0.0000950 seconds
34.116: Application time: 0.0019840 seconds
34.116: Total time for which application threads were stopped: 0.0001780 seconds, Stopping threads took: 0.0001450 seconds
34.117: Application time: 0.0011110 seconds
34.117: Total time for which application threads were stopped: 0.0001440 seconds, Stopping threads took: 0.0001160 seconds
34.125: Application time: 0.0074910 seconds
34.125: Total time for which application threads were stopped: 0.0000870 seconds, Stopping threads took: 0.0000580 seconds
34.125: Application time: 0.0000760 seconds
34.125: Total time for which application threads were stopped: 0.0000510 seconds, Stopping threads took: 0.0000280 seconds
34.125: Application time: 0.0003610 seconds
34.125: Total time for which application threads were stopped: 0.0000640 seconds, Stopping threads took: 0.0000420 seconds
34.125: Application time: 0.0000330 seconds
34.125: Total time for which application threads were stopped: 0.0000590 seconds, Stopping threads took: 0.0000370 seconds
34.126: Application time: 0.0011860 seconds
34.127: Total time for which application threads were stopped: 0.0000730 seconds, Stopping threads took: 0.0000490 seconds
34.127: Application time: 0.0000400 seconds
34.127: Total time for which application threads were stopped: 0.0000570 seconds, Stopping threads took: 0.0000350 seconds
34.127: Application time: 0.0000330 seconds
34.127: Total time for which application threads were stopped: 0.0000630 seconds, Stopping threads took: 0.0000410 seconds
34.127: Application time: 0.0000340 seconds
34.127: Total time for which application threads were stopped: 0.0000720 seconds, Stopping threads took: 0.0000490 seconds
34.127: Application time: 0.0004800 seconds
34.127: Total time for which application threads were stopped: 0.0000390 seconds, Stopping threads took: 0.0000170 seconds
34.128: Application time: 0.0005570 seconds
34.128: Total time for which application threads were stopped: 0.0000760 seconds, Stopping threads took: 0.0000510 seconds
34.128: Application time: 0.0000460 seconds
34.128: Total time for which application threads were stopped: 0.0000760 seconds, Stopping threads took: 0.0000500 seconds
34.129: Application time: 0.0005950 seconds
34.129: Total time for which application threads were stopped: 0.0001830 seconds, Stopping threads took: 0.0000670 seconds
34.130: Application time: 0.0006250 seconds
34.130: Total time for which application threads were stopped: 0.0000750 seconds, Stopping threads took: 0.0000510 seconds
34.130: Application time: 0.0000340 seconds
34.130: Total time for which application threads were stopped: 0.0000700 seconds, Stopping threads took: 0.0000480 seconds
34.130: Application time: 0.0000430 seconds
34.130: Total time for which application threads were stopped: 0.0000710 seconds, Stopping threads took: 0.0000480 seconds
34.132: Application time: 0.0019950 seconds
34.132: Total time for which application threads were stopped: 0.0000750 seconds, Stopping threads took: 0.0000500 seconds
34.132: Application time: 0.0001030 seconds
34.132: Total time for which application threads were stopped: 0.0000500 seconds, Stopping threads took: 0.0000240 seconds
34.133: Application time: 0.0009040 seconds
34.133: Total time for which application threads were stopped: 0.0000940 seconds, Stopping threads took: 0.0000680 seconds
34.136: Application time: 0.0024880 seconds
34.136: Total time for which application threads were stopped: 0.0000940 seconds, Stopping threads took: 0.0000650 seconds
34.136: Application time: 0.0000540 seconds
34.136: Total time for which application threads were stopped: 0.0001280 seconds, Stopping threads took: 0.0000990 seconds
34.136: Application time: 0.0000960 seconds
34.136: Total time for which application threads were stopped: 0.0001040 seconds, Stopping threads took: 0.0000780 seconds
34.136: Application time: 0.0001600 seconds
34.136: Total time for which application threads were stopped: 0.0001060 seconds, Stopping threads took: 0.0000780 seconds
34.137: Application time: 0.0009060 seconds
34.137: Total time for which application threads were stopped: 0.0001310 seconds, Stopping threads took: 0.0001040 seconds
34.137: Application time: 0.0000510 seconds
34.138: Total time for which application threads were stopped: 0.0001330 seconds, Stopping threads took: 0.0001050 seconds
34.138: Application time: 0.0000900 seconds
34.138: Total time for which application threads were stopped: 0.0000770 seconds, Stopping threads took: 0.0000530 seconds
34.138: Application time: 0.0001430 seconds
34.138: Total time for which application threads were stopped: 0.0001640 seconds, Stopping threads took: 0.0001350 seconds
34.139: Application time: 0.0007630 seconds
34.139: Total time for which application threads were stopped: 0.0001530 seconds, Stopping threads took: 0.0001210 seconds
34.139: Application time: 0.0005110 seconds
34.140: Total time for which application threads were stopped: 0.0001070 seconds, Stopping threads took: 0.0000750 seconds
34.141: Application time: 0.0011070 seconds
34.141: Total time for which application threads were stopped: 0.0000800 seconds, Stopping threads took: 0.0000520 seconds
34.141: Application time: 0.0004590 seconds
34.141: Total time for which application threads were stopped: 0.0000830 seconds, Stopping threads took: 0.0000530 seconds
34.143: Application time: 0.0018360 seconds
34.143: Total time for which application threads were stopped: 0.0001370 seconds, Stopping threads took: 0.0001030 seconds
34.144: Application time: 0.0010820 seconds
34.145: Total time for which application threads were stopped: 0.0002360 seconds, Stopping threads took: 0.0000590 seconds
34.150: Application time: 0.0058120 seconds
34.151: Total time for which application threads were stopped: 0.0001070 seconds, Stopping threads took: 0.0000760 seconds
34.155: Application time: 0.0047080 seconds
34.155: Total time for which application threads were stopped: 0.0001240 seconds, Stopping threads took: 0.0000940 seconds
34.157: Application time: 0.0011800 seconds
34.157: Total time for which application threads were stopped: 0.0000940 seconds, Stopping threads took: 0.0000640 seconds
34.208: Application time: 0.0515330 seconds
34.208: Total time for which application threads were stopped: 0.0001980 seconds, Stopping threads took: 0.0000990 seconds
34.216: Application time: 0.0073780 seconds
34.216: Total time for which application threads were stopped: 0.0001370 seconds, Stopping threads took: 0.0000340 seconds
34.230: Application time: 0.0144580 seconds
34.230: Total time for which application threads were stopped: 0.0001300 seconds, Stopping threads took: 0.0000840 seconds
34.232: Application time: 0.0013980 seconds
34.232: [GC
Desired survivor size 178782208 bytes, new threshold 7 (max 15)
 [PSYoungGen: 1049088K->20013K(1223680K)] 1049088K->20085K(4020224K), 0.0190110 secs] [Times: user=0.08 sys=0.00, real=0.02 secs] 
34.251: Total time for which application threads were stopped: 0.0192330 seconds, Stopping threads took: 0.0000550 seconds
34.251: Application time: 0.0001500 seconds
34.251: Total time for which application threads were stopped: 0.0001040 seconds, Stopping threads took: 0.0000610 seconds
34.251: Application time: 0.0000590 seconds
34.252: Total time for which application threads were stopped: 0.0001110 seconds, Stopping threads took: 0.0000770 seconds
34.252: Application time: 0.0000380 seconds
34.252: Total time for which application threads were stopped: 0.0001120 seconds, Stopping threads took: 0.0000810 seconds
34.252: Application time: 0.0000730 seconds
34.252: Total time for which application threads were stopped: 0.0001130 seconds, Stopping threads took: 0.0000840 seconds
34.252: Application time: 0.0000310 seconds
34.252: Total time for which application threads were stopped: 0.0001040 seconds, Stopping threads took: 0.0000780 seconds
34.252: Application time: 0.0000670 seconds
34.252: Total time for which application threads were stopped: 0.0001020 seconds, Stopping threads took: 0.0000660 seconds
34.252: Application time: 0.0000670 seconds
34.252: Total time for which application threads were stopped: 0.0001450 seconds, Stopping threads took: 0.0001130 seconds
34.252: Application time: 0.0000360 seconds
34.253: Total time for which application threads were stopped: 0.0001300 seconds, Stopping threads took: 0.0001000 seconds
34.253: Application time: 0.0000340 seconds
34.253: Total time for which application threads were stopped: 0.0001010 seconds, Stopping threads took: 0.0000760 seconds
34.253: Application time: 0.0000340 seconds
34.253: Total time for which application threads were stopped: 0.0000840 seconds, Stopping threads took: 0.0000590 seconds
34.253: Application time: 0.0000610 seconds
34.253: Total time for which application threads were stopped: 0.0001050 seconds, Stopping threads took: 0.0000730 seconds
34.253: Application time: 0.0000350 seconds
34.253: Total time for which application threads were stopped: 0.0001040 seconds, Stopping threads took: 0.0000780 seconds
34.253: Application time: 0.0000640 seconds
34.253: Total time for which application threads were stopped: 0.0001460 seconds, Stopping threads took: 0.0001140 seconds
34.253: Application time: 0.0000340 seconds
34.253: Total time for which application threads were stopped: 0.0001030 seconds, Stopping threads took: 0.0000730 seconds
34.254: Application time: 0.0000370 seconds
34.254: Total time for which application threads were stopped: 0.0001210 seconds, Stopping threads took: 0.0000920 seconds
34.254: Application time: 0.0000530 seconds
34.254: Total time for which application threads were stopped: 0.0001610 seconds, Stopping threads took: 0.0001280 seconds
34.254: Application time: 0.0000360 seconds
34.254: Total time for which application threads were stopped: 0.0000860 seconds, Stopping threads took: 0.0000610 seconds
34.254: Application time: 0.0000830 seconds
34.254: Total time for which application threads were stopped: 0.0001070 seconds, Stopping threads took: 0.0000790 seconds
34.254: Application time: 0.0000510 seconds
34.254: Total time for which application threads were stopped: 0.0000550 seconds, Stopping threads took: 0.0000370 seconds
34.254: Application time: 0.0000750 seconds
34.254: Total time for which application threads were stopped: 0.0000880 seconds, Stopping threads took: 0.0000600 seconds
34.255: Application time: 0.0000360 seconds
34.255: Total time for which application threads were stopped: 0.0002890 seconds, Stopping threads took: 0.0000550 seconds
34.255: Application time: 0.0000360 seconds
34.255: Total time for which application threads were stopped: 0.0000990 seconds, Stopping threads took: 0.0000710 seconds
34.255: Application time: 0.0000340 seconds
34.255: Total time for which application threads were stopped: 0.0000690 seconds, Stopping threads took: 0.0000440 seconds
34.255: Application time: 0.0000350 seconds
34.255: Total time for which application threads were stopped: 0.0000840 seconds, Stopping threads took: 0.0000570 seconds
34.255: Application time: 0.0000360 seconds
34.255: Total time for which application threads were stopped: 0.0000910 seconds, Stopping threads took: 0.0000640 seconds
34.255: Application time: 0.0000350 seconds
34.255: Total time for which application threads were stopped: 0.0000540 seconds, Stopping threads took: 0.0000300 seconds
34.255: Application time: 0.0000620 seconds
34.256: Total time for which application threads were stopped: 0.0001110 seconds, Stopping threads took: 0.0000810 seconds
34.256: Application time: 0.0000340 seconds
34.256: Total time for which application threads were stopped: 0.0000920 seconds, Stopping threads took: 0.0000640 seconds
34.256: Application time: 0.0000500 seconds
34.256: Total time for which application threads were stopped: 0.0000690 seconds, Stopping threads took: 0.0000440 seconds
34.256: Application time: 0.0000580 seconds
34.256: Total time for which application threads were stopped: 0.0000960 seconds, Stopping threads took: 0.0000680 seconds
34.256: Application time: 0.0000570 seconds
34.256: Total time for which application threads were stopped: 0.0001320 seconds, Stopping threads took: 0.0001010 seconds
34.256: Application time: 0.0000350 seconds
34.256: Total time for which application threads were stopped: 0.0001040 seconds, Stopping threads took: 0.0000780 seconds
34.256: Application time: 0.0000370 seconds
34.256: Total time for which application threads were stopped: 0.0001280 seconds, Stopping threads took: 0.0001000 seconds
34.257: Application time: 0.0000340 seconds
34.257: Total time for which application threads were stopped: 0.0001370 seconds, Stopping threads took: 0.0001080 seconds
34.257: Application time: 0.0001100 seconds
34.257: Total time for which application threads were stopped: 0.0001480 seconds, Stopping threads took: 0.0001120 seconds
34.257: Application time: 0.0000390 seconds
34.257: Total time for which application threads were stopped: 0.0000980 seconds, Stopping threads took: 0.0000670 seconds
34.258: Application time: 0.0009570 seconds
34.258: Total time for which application threads were stopped: 0.0001430 seconds, Stopping threads took: 0.0001070 seconds
34.258: Application time: 0.0001030 seconds
34.258: Total time for which application threads were stopped: 0.0001320 seconds, Stopping threads took: 0.0000960 seconds
34.258: Application time: 0.0000440 seconds
34.259: Total time for which application threads were stopped: 0.0001130 seconds, Stopping threads took: 0.0000830 seconds
34.259: Application time: 0.0000520 seconds
34.259: Total time for which application threads were stopped: 0.0000960 seconds, Stopping threads took: 0.0000700 seconds
34.259: Application time: 0.0000330 seconds
34.259: Total time for which application threads were stopped: 0.0001950 seconds, Stopping threads took: 0.0000740 seconds
34.267: Application time: 0.0082980 seconds
34.267: Total time for which application threads were stopped: 0.0001210 seconds, Stopping threads took: 0.0000840 seconds
34.268: Application time: 0.0007270 seconds
34.268: Total time for which application threads were stopped: 0.0001060 seconds, Stopping threads took: 0.0000750 seconds
35.268: Application time: 1.0001580 seconds
35.269: Total time for which application threads were stopped: 0.0002490 seconds, Stopping threads took: 0.0000670 seconds
39.239: Application time: 3.9706220 seconds
39.239: Total time for which application threads were stopped: 0.0001650 seconds, Stopping threads took: 0.0000600 seconds
39.422: Application time: 0.1828760 seconds
39.422: Total time for which application threads were stopped: 0.0001070 seconds, Stopping threads took: 0.0000580 seconds
40.243: Application time: 0.8207670 seconds
40.243: Total time for which application threads were stopped: 0.0001660 seconds, Stopping threads took: 0.0000560 seconds
45.263: Application time: 5.0199540 seconds
45.263: Total time for which application threads were stopped: 0.0002260 seconds, Stopping threads took: 0.0001120 seconds
45.268: Application time: 0.0041990 seconds
45.268: Total time for which application threads were stopped: 0.0001360 seconds, Stopping threads took: 0.0000880 seconds
45.280: Application time: 0.0119790 seconds
45.280: Total time for which application threads were stopped: 0.0001850 seconds, Stopping threads took: 0.0001270 seconds
45.288: Application time: 0.0082290 seconds
45.288: Total time for which application threads were stopped: 0.0001260 seconds, Stopping threads took: 0.0000820 seconds
49.063: Application time: 3.7749210 seconds
49.064: Total time for which application threads were stopped: 0.0002770 seconds, Stopping threads took: 0.0000760 seconds
49.094: Application time: 0.0309170 seconds
49.095: Total time for which application threads were stopped: 0.0001030 seconds, Stopping threads took: 0.0000550 seconds
49.097: Application time: 0.0022900 seconds
49.097: Total time for which application threads were stopped: 0.0000890 seconds, Stopping threads took: 0.0000590 seconds
51.470: Application time: 2.3726940 seconds
51.470: Total time for which application threads were stopped: 0.0001550 seconds, Stopping threads took: 0.0000470 seconds
51.470: Application time: 0.0000300 seconds
51.470: Total time for which application threads were stopped: 0.0000370 seconds, Stopping threads took: 0.0000180 seconds
51.470: Application time: 0.0000560 seconds
51.470: Total time for which application threads were stopped: 0.0000570 seconds, Stopping threads took: 0.0000290 seconds
51.478: Application time: 0.0079480 seconds
51.478: Total time for which application threads were stopped: 0.0001140 seconds, Stopping threads took: 0.0000790 seconds
51.489: Application time: 0.0107270 seconds
51.489: Total time for which application threads were stopped: 0.0000840 seconds, Stopping threads took: 0.0000500 seconds
51.555: Application time: 0.0658350 seconds
51.555: Total time for which application threads were stopped: 0.0000950 seconds, Stopping threads took: 0.0000490 seconds
59.556: Application time: 8.0010640 seconds
59.556: Total time for which application threads were stopped: 0.0001660 seconds, Stopping threads took: 0.0000660 seconds
60.549: Application time: 0.9932760 seconds
60.550: Total time for which application threads were stopped: 0.0001610 seconds, Stopping threads took: 0.0000570 seconds
60.576: Application time: 0.0261910 seconds
60.576: Total time for which application threads were stopped: 0.0001960 seconds, Stopping threads took: 0.0001340 seconds
60.586: Application time: 0.0101140 seconds
60.586: Total time for which application threads were stopped: 0.0001800 seconds, Stopping threads took: 0.0001070 seconds
60.593: Application time: 0.0067780 seconds
60.593: Total time for which application threads were stopped: 0.0000970 seconds, Stopping threads took: 0.0000520 seconds
60.603: Application time: 0.0101560 seconds
60.603: Total time for which application threads were stopped: 0.0001680 seconds, Stopping threads took: 0.0001250 seconds
60.643: Application time: 0.0393750 seconds
60.645: Total time for which application threads were stopped: 0.0017800 seconds, Stopping threads took: 0.0014100 seconds
60.681: Application time: 0.0361660 seconds
60.681: Total time for which application threads were stopped: 0.0002910 seconds, Stopping threads took: 0.0000550 seconds
60.771: Application time: 0.0897340 seconds
60.771: Total time for which application threads were stopped: 0.0002490 seconds, Stopping threads took: 0.0001110 seconds
61.224: Application time: 0.4529190 seconds
61.224: Total time for which application threads were stopped: 0.0003350 seconds, Stopping threads took: 0.0001040 seconds
61.593: Application time: 0.3688020 seconds
61.593: Total time for which application threads were stopped: 0.0002260 seconds, Stopping threads took: 0.0000630 seconds
61.604: Application time: 0.0102150 seconds
61.604: Total time for which application threads were stopped: 0.0003260 seconds, Stopping threads took: 0.0002330 seconds
61.605: Application time: 0.0009930 seconds
61.605: Total time for which application threads were stopped: 0.0002190 seconds, Stopping threads took: 0.0001720 seconds
61.605: Application time: 0.0003020 seconds
61.606: Total time for which application threads were stopped: 0.0001580 seconds, Stopping threads took: 0.0001170 seconds
61.606: Application time: 0.0001770 seconds
61.606: Total time for which application threads were stopped: 0.0001740 seconds, Stopping threads took: 0.0001320 seconds
61.606: Application time: 0.0001200 seconds
61.606: Total time for which application threads were stopped: 0.0001420 seconds, Stopping threads took: 0.0001020 seconds
61.606: Application time: 0.0001700 seconds
61.606: Total time for which application threads were stopped: 0.0000990 seconds, Stopping threads took: 0.0000480 seconds
61.636: Application time: 0.0300100 seconds
61.637: Total time for which application threads were stopped: 0.0002050 seconds, Stopping threads took: 0.0001270 seconds
61.671: Application time: 0.0343710 seconds
61.671: Total time for which application threads were stopped: 0.0003260 seconds, Stopping threads took: 0.0001680 seconds
61.853: Application time: 0.1813320 seconds
61.853: Total time for which application threads were stopped: 0.0003480 seconds, Stopping threads took: 0.0001250 seconds
61.973: Application time: 0.1200510 seconds
61.973: Total time for which application threads were stopped: 0.0002450 seconds, Stopping threads took: 0.0000870 seconds
62.110: Application time: 0.1366580 seconds
62.110: Total time for which application threads were stopped: 0.0003720 seconds, Stopping threads took: 0.0001650 seconds
62.229: Application time: 0.1189650 seconds
62.231: Total time for which application threads were stopped: 0.0012180 seconds, Stopping threads took: 0.0010420 seconds
62.402: Application time: 0.1713760 seconds
62.402: [GC
Desired survivor size 178782208 bytes, new threshold 7 (max 15)
 [PSYoungGen: 1069101K->87834K(1223680K)] 1069173K->87914K(4020224K), 0.0178510 secs] [Times: user=0.07 sys=0.05, real=0.02 secs] 
62.420: Total time for which application threads were stopped: 0.0183920 seconds, Stopping threads took: 0.0001510 seconds
62.594: Application time: 0.1733370 seconds
62.594: Total time for which application threads were stopped: 0.0003010 seconds, Stopping threads took: 0.0000760 seconds
62.594: Application time: 0.0001050 seconds
62.594: Total time for which application threads were stopped: 0.0001020 seconds, Stopping threads took: 0.0000620 seconds
62.599: Application time: 0.0047380 seconds
62.600: Total time for which application threads were stopped: 0.0006220 seconds, Stopping threads took: 0.0001240 seconds
62.944: Application time: 0.3442410 seconds
62.944: Total time for which application threads were stopped: 0.0003150 seconds, Stopping threads took: 0.0000640 seconds
63.669: Application time: 0.7250830 seconds
63.670: [GC
Desired survivor size 178782208 bytes, new threshold 7 (max 15)
 [PSYoungGen: 1136922K->152299K(1223680K)] 1137002K->152387K(4020224K), 0.0211820 secs] [Times: user=0.05 sys=0.10, real=0.02 secs] 
63.691: Total time for which application threads were stopped: 0.0217260 seconds, Stopping threads took: 0.0001350 seconds
64.097: Application time: 0.4061390 seconds
64.097: Total time for which application threads were stopped: 0.0003960 seconds, Stopping threads took: 0.0001590 seconds
64.812: Application time: 0.7140880 seconds
64.812: [GC
Desired survivor size 178782208 bytes, new threshold 7 (max 15)
 [PSYoungGen: 1201387K->174581K(1223680K)] 1201475K->188044K(4020224K), 0.0225110 secs] [Times: user=0.09 sys=0.08, real=0.02 secs] 
64.835: Total time for which application threads were stopped: 0.0231710 seconds, Stopping threads took: 0.0002390 seconds
65.835: Application time: 1.0001850 seconds
65.835: Total time for which application threads were stopped: 0.0003930 seconds, Stopping threads took: 0.0001550 seconds
66.049: Application time: 0.2135230 seconds
66.049: [GC
Desired survivor size 285212672 bytes, new threshold 6 (max 15)
 [PSYoungGen: 1223669K->174578K(1223680K)] 1237132K->215350K(4020224K), 0.0217200 secs] [Times: user=0.14 sys=0.00, real=0.02 secs] 
66.071: Total time for which application threads were stopped: 0.0221760 seconds, Stopping threads took: 0.0001140 seconds
67.071: Application time: 1.0001400 seconds
67.072: Total time for which application threads were stopped: 0.0003650 seconds, Stopping threads took: 0.0001280 seconds
67.267: Application time: 0.1952850 seconds
67.267: [GC
Desired survivor size 306184192 bytes, new threshold 5 (max 15)
 [PSYoungGen: 1223666K->174583K(974848K)] 1264438K->248756K(3771392K), 0.0223170 secs] [Times: user=0.12 sys=0.02, real=0.02 secs] 
67.289: Total time for which application threads were stopped: 0.0225870 seconds, Stopping threads took: 0.0000600 seconds
68.192: Application time: 0.9028700 seconds
68.193: [GC
Desired survivor size 311951360 bytes, new threshold 4 (max 15)
 [PSYoungGen: 974839K->197051K(997376K)] 1049012K->279963K(3793920K), 0.0183940 secs] [Times: user=0.14 sys=0.00, real=0.02 secs] 
68.211: Total time for which application threads were stopped: 0.0188750 seconds, Stopping threads took: 0.0000910 seconds
69.168: Application time: 0.9564630 seconds
69.168: [GC
Desired survivor size 320339968 bytes, new threshold 3 (max 15)
 [PSYoungGen: 997307K->211854K(1077248K)] 1080219K->315682K(3873792K), 0.0177300 secs] [Times: user=0.12 sys=0.02, real=0.01 secs] 
69.186: Total time for which application threads were stopped: 0.0182310 seconds, Stopping threads took: 0.0001030 seconds
70.078: Application time: 0.8921240 seconds
70.078: [GC
Desired survivor size 311427072 bytes, new threshold 2 (max 15)
 [PSYoungGen: 984462K->177404K(1085440K)] 1088290K->334492K(3881984K), 0.0189220 secs] [Times: user=0.09 sys=0.04, real=0.01 secs] 
70.097: Total time for which application threads were stopped: 0.0192950 seconds, Stopping threads took: 0.0000980 seconds
70.924: Application time: 0.8271430 seconds
70.925: [GC
Desired survivor size 301989888 bytes, new threshold 1 (max 15)
 [PSYoungGen: 950012K->128579K(1103360K)] 1107100K->364019K(3899904K), 0.0196610 secs] [Times: user=0.05 sys=0.09, real=0.02 secs] 
70.945: Total time for which application threads were stopped: 0.0201440 seconds, Stopping threads took: 0.0000880 seconds
71.908: Application time: 0.9631580 seconds
71.908: [GC
Desired survivor size 301465600 bytes, new threshold 1 (max 15)
 [PSYoungGen: 927811K->78841K(1094144K)] 1163251K->397107K(3890688K), 0.0172730 secs] [Times: user=0.10 sys=0.03, real=0.01 secs] 
71.925: Total time for which application threads were stopped: 0.0177650 seconds, Stopping threads took: 0.0001740 seconds
72.835: Application time: 0.9092140 seconds
72.835: [GC
Desired survivor size 297795584 bytes, new threshold 1 (max 15)
 [PSYoungGen: 878073K->83188K(1107456K)] 1196339K->449228K(3904000K), 0.0134860 secs] [Times: user=0.08 sys=0.02, real=0.02 secs] 
72.849: Total time for which application threads were stopped: 0.0140300 seconds, Stopping threads took: 0.0001090 seconds
73.849: Application time: 1.0000450 seconds
73.849: Total time for which application threads were stopped: 0.0003970 seconds, Stopping threads took: 0.0001530 seconds
73.880: Application time: 0.0312260 seconds
73.881: [GC
Desired survivor size 293076992 bytes, new threshold 1 (max 15)
 [PSYoungGen: 896235K->80976K(1103872K)] 1262275K->497646K(3900416K), 0.0141450 secs] [Times: user=0.06 sys=0.02, real=0.01 secs] 
73.895: Total time for which application threads were stopped: 0.0144760 seconds, Stopping threads took: 0.0001110 seconds
74.126: Application time: 0.2313720 seconds
74.126: Total time for which application threads were stopped: 0.0001890 seconds, Stopping threads took: 0.0001040 seconds
74.875: Application time: 0.7481970 seconds
74.875: [GC
Desired survivor size 287309824 bytes, new threshold 1 (max 15)
 [PSYoungGen: 894032K->80755K(1117696K)] 1310702K->551562K(3914240K), 0.0149180 secs] [Times: user=0.08 sys=0.02, real=0.02 secs] 
74.890: Total time for which application threads were stopped: 0.0154390 seconds, Stopping threads took: 0.0001210 seconds
75.888: Application time: 0.9982380 seconds
75.889: [GC
Desired survivor size 280494080 bytes, new threshold 1 (max 15)
 [PSYoungGen: 912239K->83979K(1112064K)] 1383046K->605019K(3908608K), 0.0134860 secs] [Times: user=0.06 sys=0.03, real=0.01 secs] 
75.902: Total time for which application threads were stopped: 0.0139070 seconds, Stopping threads took: 0.0001340 seconds
76.902: Application time: 1.0001450 seconds
76.903: Total time for which application threads were stopped: 0.0003290 seconds, Stopping threads took: 0.0000730 seconds
76.970: Application time: 0.0672850 seconds
76.970: [GC
Desired survivor size 273678336 bytes, new threshold 1 (max 15)
 [PSYoungGen: 915467K->78124K(1131008K)] 1436507K->653936K(3927552K), 0.0156650 secs] [Times: user=0.05 sys=0.05, real=0.02 secs] 
76.986: Total time for which application threads were stopped: 0.0159800 seconds, Stopping threads took: 0.0001000 seconds
77.979: Application time: 0.9927360 seconds
77.979: [GC
Desired survivor size 265289728 bytes, new threshold 1 (max 15)
 [PSYoungGen: 935212K->81430K(1124352K)] 1511024K->706546K(3920896K), 0.0133420 secs] [Times: user=0.05 sys=0.06, real=0.01 secs] 
77.992: Total time for which application threads were stopped: 0.0136990 seconds, Stopping threads took: 0.0000640 seconds
79.113: Application time: 1.1208330 seconds
79.114: [GC
Desired survivor size 256901120 bytes, new threshold 1 (max 15)
 [PSYoungGen: 938518K->83781K(1147392K)] 1563634K->748959K(3943936K), 0.0144530 secs] [Times: user=0.07 sys=0.02, real=0.02 secs] 
79.128: Total time for which application threads were stopped: 0.0150370 seconds, Stopping threads took: 0.0001400 seconds
80.128: Application time: 1.0000680 seconds
80.129: Total time for which application threads were stopped: 0.0002160 seconds, Stopping threads took: 0.0000950 seconds
80.197: Application time: 0.0680130 seconds
80.197: [GC
Desired survivor size 249036800 bytes, new threshold 1 (max 15)
 [PSYoungGen: 972101K->77513K(1139200K)] 1637279K->785642K(3935744K), 0.0136250 secs] [Times: user=0.08 sys=0.01, real=0.02 secs] 
80.211: Total time for which application threads were stopped: 0.0139160 seconds, Stopping threads took: 0.0000760 seconds
81.211: Application time: 1.0001510 seconds
81.211: Total time for which application threads were stopped: 0.0002460 seconds, Stopping threads took: 0.0001040 seconds
81.354: Application time: 0.1435310 seconds
81.355: [GC
Desired survivor size 240648192 bytes, new threshold 1 (max 15)
 [PSYoungGen: 965833K->79198K(1163264K)] 1673962K->828037K(3959808K), 0.0129290 secs] [Times: user=0.07 sys=0.02, real=0.02 secs] 
81.368: Total time for which application threads were stopped: 0.0132510 seconds, Stopping threads took: 0.0001020 seconds
82.368: Application time: 1.0000600 seconds
82.368: Total time for which application threads were stopped: 0.0003650 seconds, Stopping threads took: 0.0000880 seconds
82.470: Application time: 0.1016120 seconds
82.470: [GC
Desired survivor size 233308160 bytes, new threshold 1 (max 15)
 [PSYoungGen: 999262K->74000K(1155072K)] 1748101K->861277K(3951616K), 0.0129800 secs] [Times: user=0.06 sys=0.03, real=0.01 secs] 
82.483: Total time for which application threads were stopped: 0.0134280 seconds, Stopping threads took: 0.0002030 seconds
83.510: Application time: 1.0271370 seconds
83.511: [GC
Desired survivor size 224919552 bytes, new threshold 1 (max 15)
 [PSYoungGen: 994064K->80143K(1178624K)] 1781341K->897839K(3975168K), 0.0119270 secs] [Times: user=0.04 sys=0.05, real=0.01 secs] 
83.523: Total time for which application threads were stopped: 0.0123410 seconds, Stopping threads took: 0.0001190 seconds
84.632: Application time: 1.1092530 seconds
84.632: [GC
Desired survivor size 217579520 bytes, new threshold 1 (max 15)
 [PSYoungGen: 1030927K->74412K(1170432K)] 1848623K->927084K(3966976K), 0.0126260 secs] [Times: user=0.09 sys=0.00, real=0.01 secs] 
84.645: Total time for which application threads were stopped: 0.0131570 seconds, Stopping threads took: 0.0001320 seconds
85.770: Application time: 1.1249800 seconds
85.770: [GC
Desired survivor size 210763776 bytes, new threshold 1 (max 15)
 [PSYoungGen: 1025196K->70778K(1192448K)] 1877868K->957264K(3988992K), 0.0133490 secs] [Times: user=0.08 sys=0.01, real=0.01 secs] 
85.784: Total time for which application threads were stopped: 0.0137840 seconds, Stopping threads took: 0.0001520 seconds
86.784: Application time: 1.0001460 seconds
86.784: Total time for which application threads were stopped: 0.0002380 seconds, Stopping threads took: 0.0001070 seconds
86.979: Application time: 0.1951830 seconds
86.980: [GC
Desired survivor size 202375168 bytes, new threshold 1 (max 15)
 [PSYoungGen: 1050746K->78582K(1185792K)] 1937232K->995625K(3982336K), 0.0118690 secs] [Times: user=0.07 sys=0.02, real=0.01 secs] 
86.992: Total time for which application threads were stopped: 0.0127310 seconds, Stopping threads took: 0.0002790 seconds
88.289: Application time: 1.2971320 seconds
88.290: [GC
Desired survivor size 195035136 bytes, new threshold 1 (max 15)
 [PSYoungGen: 1058550K->75950K(1207808K)] 1975593K->1026744K(4004352K), 0.0147750 secs] [Times: user=0.09 sys=0.00, real=0.01 secs] 
88.304: Total time for which application threads were stopped: 0.0151670 seconds, Stopping threads took: 0.0001240 seconds
89.553: Application time: 1.2486020 seconds
89.553: [GC
Desired survivor size 187695104 bytes, new threshold 1 (max 15)
 [PSYoungGen: 1086126K->76303K(1200640K)] 2036920K->1056467K(3997184K), 0.0144490 secs] [Times: user=0.10 sys=0.00, real=0.02 secs] 
89.568: Total time for which application threads were stopped: 0.0149560 seconds, Stopping threads took: 0.0001090 seconds
90.791: Application time: 1.2228960 seconds
90.791: [GC
Desired survivor size 181927936 bytes, new threshold 1 (max 15)
 [PSYoungGen: 1086479K->69783K(1220608K)] 2066643K->1083394K(4017152K), 0.0118140 secs] [Times: user=0.08 sys=0.00, real=0.01 secs] 
90.803: Total time for which application threads were stopped: 0.0122480 seconds, Stopping threads took: 0.0001540 seconds
92.060: Application time: 1.2569760 seconds
92.060: [GC
Desired survivor size 176160768 bytes, new threshold 1 (max 15)
 [PSYoungGen: 1107095K->71378K(1214976K)] 2120706K->1116366K(4011520K), 0.0137630 secs] [Times: user=0.09 sys=0.00, real=0.01 secs] 
92.074: Total time for which application threads were stopped: 0.0141910 seconds, Stopping threads took: 0.0001490 seconds
93.339: Application time: 1.2646090 seconds
93.339: [GC
Desired survivor size 169345024 bytes, new threshold 1 (max 15)
 [PSYoungGen: 1108690K->74719K(1232896K)] 2153678K->1147226K(4029440K), 0.0114250 secs] [Times: user=0.07 sys=0.02, real=0.01 secs] 
93.351: Total time for which application threads were stopped: 0.0118880 seconds, Stopping threads took: 0.0001710 seconds
94.254: Application time: 0.9034380 seconds
94.255: Total time for which application threads were stopped: 0.0002360 seconds, Stopping threads took: 0.0001030 seconds
94.671: Application time: 0.4163500 seconds
94.671: [GC
Desired survivor size 165150720 bytes, new threshold 1 (max 15)
 [PSYoungGen: 1134954K->62752K(1226240K)] 2207461K->1167165K(4022784K), 0.0129830 secs] [Times: user=0.10 sys=0.00, real=0.01 secs] 
94.684: Total time for which application threads were stopped: 0.0133170 seconds, Stopping threads took: 0.0001060 seconds
96.017: Application time: 1.3327260 seconds
96.017: [GC
Desired survivor size 160432128 bytes, new threshold 1 (max 15)
 [PSYoungGen: 1123616K->65231K(1241600K)] 2228029K->1196924K(4038144K), 0.0116830 secs] [Times: user=0.07 sys=0.01, real=0.02 secs] 
96.029: Total time for which application threads were stopped: 0.0120900 seconds, Stopping threads took: 0.0001110 seconds
97.029: Application time: 1.0001450 seconds
97.029: Total time for which application threads were stopped: 0.0002930 seconds, Stopping threads took: 0.0001650 seconds
97.508: Application time: 0.4784840 seconds
97.508: [GC
Desired survivor size 155189248 bytes, new threshold 1 (max 15)
 [PSYoungGen: 1145551K->66748K(1236992K)] 2277244K->1224279K(4033536K), 0.0138050 secs] [Times: user=0.08 sys=0.00, real=0.01 secs] 
97.522: Total time for which application threads were stopped: 0.0141810 seconds, Stopping threads took: 0.0001450 seconds
98.818: Application time: 1.2960920 seconds
98.822: [GC
Desired survivor size 150470656 bytes, new threshold 1 (max 15)
 [PSYoungGen: 1147068K->66826K(1251328K)] 2304599K->1256943K(4047872K), 0.0144010 secs] [Times: user=0.10 sys=0.00, real=0.01 secs] 
98.837: Total time for which application threads were stopped: 0.0182810 seconds, Stopping threads took: 0.0036100 seconds
100.245: Application time: 1.4083640 seconds
100.245: [GC
Desired survivor size 146800640 bytes, new threshold 1 (max 15)
 [PSYoungGen: 1166602K->59387K(1246720K)] 2356719K->1278427K(4043264K), 0.0126700 secs] [Times: user=0.09 sys=0.00, real=0.02 secs] 
100.258: Total time for which application threads were stopped: 0.0131110 seconds, Stopping threads took: 0.0001250 seconds
101.765: Application time: 1.5074590 seconds
101.766: [GC
Desired survivor size 142606336 bytes, new threshold 1 (max 15)
 [PSYoungGen: 1159163K->62109K(1259008K)] 2378203K->1305285K(4055552K), 0.0137730 secs] [Times: user=0.10 sys=0.00, real=0.02 secs] 
101.780: Total time for which application threads were stopped: 0.0142080 seconds, Stopping threads took: 0.0001350 seconds
102.762: Application time: 0.9824300 seconds
102.763: Total time for which application threads were stopped: 0.0004660 seconds, Stopping threads took: 0.0002100 seconds
102.845: Application time: 0.0820100 seconds
102.845: Total time for which application threads were stopped: 0.0001900 seconds, Stopping threads took: 0.0001210 seconds
103.151: Application time: 0.3063920 seconds
103.151: [GC
Desired survivor size 141033472 bytes, new threshold 1 (max 15)
 [PSYoungGen: 1177757K->48251K(1254912K)] 2420933K->1316089K(4051456K), 0.0122280 secs] [Times: user=0.08 sys=0.00, real=0.01 secs] 
103.164: Total time for which application threads were stopped: 0.0125650 seconds, Stopping threads took: 0.0001020 seconds
103.164: Application time: 0.0004430 seconds
103.164: Total time for which application threads were stopped: 0.0001880 seconds, Stopping threads took: 0.0001080 seconds
103.754: Application time: 0.5893900 seconds
103.754: Total time for which application threads were stopped: 0.0003270 seconds, Stopping threads took: 0.0000820 seconds
104.516: Application time: 0.7622380 seconds
104.517: [GC
Desired survivor size 138412032 bytes, new threshold 1 (max 15)
 [PSYoungGen: 1163899K->49275K(1263104K)] 2431737K->1335880K(4059648K), 0.0118960 secs] [Times: user=0.07 sys=0.00, real=0.02 secs] 
