OpenJDK 64-Bit Server VM (24.121-b00) for linux-amd64 JRE (1.7.0_121-b00), built on Nov 18 2016 00:22:36 by "mockbuild" with gcc 4.8.3 20140911 (Red Hat 4.8.3-9)
Memory: 4k page, physical 15404000k(14633968k free), swap 0k(0k free)
CommandLine flags: -XX:+HeapDumpOnOutOfMemoryError -XX:HeapDumpPath=HzMember2A.hprof -XX:InitialHeapSize=4294967296 -XX:MaxHeapSize=4294967296 -XX:OnOutOfMemoryError= date >> HzMember2A.oome -XX:+PrintGC -XX:+PrintGCApplicationConcurrentTime -XX:+PrintGCApplicationStoppedTime -XX:+PrintGCDetails -XX:+PrintGCTimeStamps -XX:+PrintTenuringDistribution -XX:+UseCompressedOops -XX:+UseParallelGC 
0.212: Application time: 0.1717980 seconds
0.212: Total time for which application threads were stopped: 0.0000860 seconds, Stopping threads took: 0.0000330 seconds
4.051: Application time: 3.8387380 seconds
4.051: Total time for which application threads were stopped: 0.0001480 seconds, Stopping threads took: 0.0000490 seconds
34.001: Application time: 29.9495510 seconds
34.001: Total time for which application threads were stopped: 0.0001610 seconds, Stopping threads took: 0.0000550 seconds
34.002: Application time: 0.0007870 seconds
34.002: Total time for which application threads were stopped: 0.0000340 seconds, Stopping threads took: 0.0000190 seconds
34.012: Application time: 0.0101960 seconds
34.012: Total time for which application threads were stopped: 0.0001170 seconds, Stopping threads took: 0.0000930 seconds
34.015: Application time: 0.0028290 seconds
34.015: Total time for which application threads were stopped: 0.0000630 seconds, Stopping threads took: 0.0000440 seconds
34.016: Application time: 0.0004930 seconds
34.016: Total time for which application threads were stopped: 0.0001250 seconds, Stopping threads took: 0.0000740 seconds
34.016: Application time: 0.0000670 seconds
34.016: Total time for which application threads were stopped: 0.0002350 seconds, Stopping threads took: 0.0001860 seconds
34.016: Application time: 0.0000960 seconds
34.016: Total time for which application threads were stopped: 0.0001930 seconds, Stopping threads took: 0.0001580 seconds
34.018: Application time: 0.0013840 seconds
34.018: Total time for which application threads were stopped: 0.0002110 seconds, Stopping threads took: 0.0001740 seconds
34.020: Application time: 0.0019170 seconds
34.020: Total time for which application threads were stopped: 0.0000510 seconds, Stopping threads took: 0.0000290 seconds
34.022: Application time: 0.0017560 seconds
34.022: Total time for which application threads were stopped: 0.0001170 seconds, Stopping threads took: 0.0000930 seconds
34.029: Application time: 0.0077430 seconds
34.030: Total time for which application threads were stopped: 0.0000870 seconds, Stopping threads took: 0.0000590 seconds
34.030: Application time: 0.0000690 seconds
34.030: Total time for which application threads were stopped: 0.0000320 seconds, Stopping threads took: 0.0000160 seconds
34.030: Application time: 0.0003440 seconds
34.030: Total time for which application threads were stopped: 0.0000870 seconds, Stopping threads took: 0.0000650 seconds
34.030: Application time: 0.0000310 seconds
34.030: Total time for which application threads were stopped: 0.0000580 seconds, Stopping threads took: 0.0000360 seconds
34.031: Application time: 0.0011260 seconds
34.031: Total time for which application threads were stopped: 0.0000630 seconds, Stopping threads took: 0.0000410 seconds
34.031: Application time: 0.0000370 seconds
34.031: Total time for which application threads were stopped: 0.0000520 seconds, Stopping threads took: 0.0000270 seconds
34.031: Application time: 0.0000320 seconds
34.032: Total time for which application threads were stopped: 0.0000580 seconds, Stopping threads took: 0.0000370 seconds
34.032: Application time: 0.0000320 seconds
34.032: Total time for which application threads were stopped: 0.0000600 seconds, Stopping threads took: 0.0000400 seconds
34.032: Application time: 0.0004600 seconds
34.032: Total time for which application threads were stopped: 0.0000620 seconds, Stopping threads took: 0.0000360 seconds
34.033: Application time: 0.0004860 seconds
34.033: Total time for which application threads were stopped: 0.0001050 seconds, Stopping threads took: 0.0000790 seconds
34.033: Application time: 0.0000510 seconds
34.033: Total time for which application threads were stopped: 0.0000830 seconds, Stopping threads took: 0.0000550 seconds
34.034: Application time: 0.0010560 seconds
34.034: Total time for which application threads were stopped: 0.0001420 seconds, Stopping threads took: 0.0001150 seconds
34.034: Application time: 0.0000370 seconds
34.034: Total time for which application threads were stopped: 0.0001590 seconds, Stopping threads took: 0.0001300 seconds
34.034: Application time: 0.0000510 seconds
34.034: Total time for which application threads were stopped: 0.0000690 seconds, Stopping threads took: 0.0000420 seconds
34.034: Application time: 0.0000710 seconds
34.035: Total time for which application threads were stopped: 0.0000910 seconds, Stopping threads took: 0.0000630 seconds
34.035: Application time: 0.0005110 seconds
34.035: Total time for which application threads were stopped: 0.0000480 seconds, Stopping threads took: 0.0000280 seconds
34.036: Application time: 0.0012540 seconds
34.036: Total time for which application threads were stopped: 0.0000980 seconds, Stopping threads took: 0.0000740 seconds
34.037: Application time: 0.0004170 seconds
34.037: Total time for which application threads were stopped: 0.0001480 seconds, Stopping threads took: 0.0000430 seconds
34.038: Application time: 0.0009280 seconds
34.038: Total time for which application threads were stopped: 0.0000700 seconds, Stopping threads took: 0.0000460 seconds
34.041: Application time: 0.0030980 seconds
34.041: Total time for which application threads were stopped: 0.0001070 seconds, Stopping threads took: 0.0000780 seconds
34.041: Application time: 0.0001990 seconds
34.042: Total time for which application threads were stopped: 0.0000940 seconds, Stopping threads took: 0.0000670 seconds
34.042: Application time: 0.0008930 seconds
34.043: Total time for which application threads were stopped: 0.0001710 seconds, Stopping threads took: 0.0001380 seconds
34.043: Application time: 0.0002330 seconds
34.043: Total time for which application threads were stopped: 0.0001520 seconds, Stopping threads took: 0.0001200 seconds
34.044: Application time: 0.0007330 seconds
34.044: Total time for which application threads were stopped: 0.0001190 seconds, Stopping threads took: 0.0000870 seconds
34.045: Application time: 0.0006880 seconds
34.045: Total time for which application threads were stopped: 0.0001080 seconds, Stopping threads took: 0.0000720 seconds
34.045: Application time: 0.0007470 seconds
34.046: Total time for which application threads were stopped: 0.0001490 seconds, Stopping threads took: 0.0001170 seconds
34.046: Application time: 0.0005510 seconds
34.046: Total time for which application threads were stopped: 0.0000960 seconds, Stopping threads took: 0.0000660 seconds
34.049: Application time: 0.0024600 seconds
34.049: Total time for which application threads were stopped: 0.0001280 seconds, Stopping threads took: 0.0000830 seconds
34.049: Application time: 0.0006340 seconds
34.050: Total time for which application threads were stopped: 0.0000920 seconds, Stopping threads took: 0.0000580 seconds
34.050: Application time: 0.0002770 seconds
34.050: Total time for which application threads were stopped: 0.0001690 seconds, Stopping threads took: 0.0001240 seconds
34.050: Application time: 0.0003490 seconds
34.051: Total time for which application threads were stopped: 0.0002410 seconds, Stopping threads took: 0.0000660 seconds
34.057: Application time: 0.0066370 seconds
34.057: Total time for which application threads were stopped: 0.0001150 seconds, Stopping threads took: 0.0000710 seconds
34.062: Application time: 0.0042000 seconds
34.062: Total time for which application threads were stopped: 0.0000980 seconds, Stopping threads took: 0.0000690 seconds
34.123: Application time: 0.0612610 seconds
34.123: Total time for which application threads were stopped: 0.0001640 seconds, Stopping threads took: 0.0000370 seconds
34.140: Application time: 0.0168150 seconds
34.140: Total time for which application threads were stopped: 0.0000860 seconds, Stopping threads took: 0.0000540 seconds
34.145: Application time: 0.0052460 seconds
34.145: Total time for which application threads were stopped: 0.0001070 seconds, Stopping threads took: 0.0000770 seconds
34.309: Application time: 0.1634960 seconds
34.309: Total time for which application threads were stopped: 0.0001140 seconds, Stopping threads took: 0.0000730 seconds
34.310: Application time: 0.0013780 seconds
34.310: Total time for which application threads were stopped: 0.0000500 seconds, Stopping threads took: 0.0000260 seconds
35.311: Application time: 1.0001500 seconds
35.311: Total time for which application threads were stopped: 0.0001400 seconds, Stopping threads took: 0.0000470 seconds
43.312: Application time: 8.0011120 seconds
43.312: Total time for which application threads were stopped: 0.0002410 seconds, Stopping threads took: 0.0000530 seconds
45.153: Application time: 1.8404600 seconds
45.153: Total time for which application threads were stopped: 0.0001270 seconds, Stopping threads took: 0.0000370 seconds
45.153: Application time: 0.0004560 seconds
45.153: Total time for which application threads were stopped: 0.0000350 seconds, Stopping threads took: 0.0000170 seconds
45.159: Application time: 0.0060810 seconds
45.159: Total time for which application threads were stopped: 0.0001060 seconds, Stopping threads took: 0.0000770 seconds
45.161: Application time: 0.0016960 seconds
45.161: Total time for which application threads were stopped: 0.0000790 seconds, Stopping threads took: 0.0000500 seconds
45.161: Application time: 0.0001360 seconds
45.161: Total time for which application threads were stopped: 0.0000360 seconds, Stopping threads took: 0.0000190 seconds
45.163: Application time: 0.0014970 seconds
45.163: Total time for which application threads were stopped: 0.0000920 seconds, Stopping threads took: 0.0000650 seconds
45.163: Application time: 0.0002960 seconds
45.163: Total time for which application threads were stopped: 0.0000480 seconds, Stopping threads took: 0.0000290 seconds
45.250: Application time: 0.0870630 seconds
45.250: [GC
Desired survivor size 178782208 bytes, new threshold 7 (max 15)
 [PSYoungGen: 1049088K->21158K(1223680K)] 1049088K->21230K(4020224K), 0.0176590 secs] [Times: user=0.07 sys=0.00, real=0.02 secs] 
45.268: Total time for which application threads were stopped: 0.0178680 seconds, Stopping threads took: 0.0000510 seconds
45.268: Application time: 0.0001450 seconds
45.268: Total time for which application threads were stopped: 0.0000650 seconds, Stopping threads took: 0.0000340 seconds
45.268: Application time: 0.0000650 seconds
45.268: Total time for which application threads were stopped: 0.0000630 seconds, Stopping threads took: 0.0000400 seconds
45.269: Application time: 0.0000380 seconds
45.269: Total time for which application threads were stopped: 0.0000590 seconds, Stopping threads took: 0.0000370 seconds
45.269: Application time: 0.0000370 seconds
45.269: Total time for which application threads were stopped: 0.0000610 seconds, Stopping threads took: 0.0000390 seconds
45.269: Application time: 0.0000360 seconds
45.269: Total time for which application threads were stopped: 0.0000580 seconds, Stopping threads took: 0.0000360 seconds
45.269: Application time: 0.0000350 seconds
45.269: Total time for which application threads were stopped: 0.0000580 seconds, Stopping threads took: 0.0000370 seconds
45.269: Application time: 0.0000360 seconds
45.269: Total time for which application threads were stopped: 0.0000580 seconds, Stopping threads took: 0.0000370 seconds
45.269: Application time: 0.0000360 seconds
45.269: Total time for which application threads were stopped: 0.0000310 seconds, Stopping threads took: 0.0000160 seconds
45.269: Application time: 0.0000350 seconds
45.269: Total time for which application threads were stopped: 0.0000310 seconds, Stopping threads took: 0.0000170 seconds
45.269: Application time: 0.0000360 seconds
45.269: Total time for which application threads were stopped: 0.0000590 seconds, Stopping threads took: 0.0000370 seconds
45.269: Application time: 0.0000350 seconds
45.269: Total time for which application threads were stopped: 0.0000580 seconds, Stopping threads took: 0.0000360 seconds
45.269: Application time: 0.0000350 seconds
45.269: Total time for which application threads were stopped: 0.0000580 seconds, Stopping threads took: 0.0000360 seconds
45.269: Application time: 0.0000360 seconds
45.269: Total time for which application threads were stopped: 0.0000580 seconds, Stopping threads took: 0.0000370 seconds
45.270: Application time: 0.0000360 seconds
45.270: Total time for which application threads were stopped: 0.0000310 seconds, Stopping threads took: 0.0000160 seconds
45.270: Application time: 0.0000350 seconds
45.270: Total time for which application threads were stopped: 0.0000580 seconds, Stopping threads took: 0.0000360 seconds
45.270: Application time: 0.0000380 seconds
45.270: Total time for which application threads were stopped: 0.0000320 seconds, Stopping threads took: 0.0000170 seconds
45.270: Application time: 0.0000340 seconds
45.270: Total time for which application threads were stopped: 0.0000580 seconds, Stopping threads took: 0.0000370 seconds
45.270: Application time: 0.0000360 seconds
45.270: Total time for which application threads were stopped: 0.0000310 seconds, Stopping threads took: 0.0000160 seconds
45.270: Application time: 0.0000350 seconds
45.270: Total time for which application threads were stopped: 0.0000590 seconds, Stopping threads took: 0.0000370 seconds
45.270: Application time: 0.0000350 seconds
45.270: Total time for which application threads were stopped: 0.0003680 seconds, Stopping threads took: 0.0000360 seconds
45.270: Application time: 0.0000370 seconds
45.270: Total time for which application threads were stopped: 0.0000600 seconds, Stopping threads took: 0.0000380 seconds
45.271: Application time: 0.0000350 seconds
45.271: Total time for which application threads were stopped: 0.0000310 seconds, Stopping threads took: 0.0000160 seconds
45.271: Application time: 0.0000350 seconds
45.271: Total time for which application threads were stopped: 0.0000580 seconds, Stopping threads took: 0.0000370 seconds
45.271: Application time: 0.0000370 seconds
45.271: Total time for which application threads were stopped: 0.0000580 seconds, Stopping threads took: 0.0000370 seconds
45.271: Application time: 0.0000370 seconds
45.271: Total time for which application threads were stopped: 0.0000600 seconds, Stopping threads took: 0.0000370 seconds
45.271: Application time: 0.0000360 seconds
45.271: Total time for which application threads were stopped: 0.0000590 seconds, Stopping threads took: 0.0000380 seconds
45.271: Application time: 0.0000350 seconds
45.271: Total time for which application threads were stopped: 0.0000590 seconds, Stopping threads took: 0.0000380 seconds
45.271: Application time: 0.0000360 seconds
45.271: Total time for which application threads were stopped: 0.0000300 seconds, Stopping threads took: 0.0000160 seconds
45.271: Application time: 0.0000360 seconds
45.271: Total time for which application threads were stopped: 0.0000310 seconds, Stopping threads took: 0.0000160 seconds
45.271: Application time: 0.0000350 seconds
45.271: Total time for which application threads were stopped: 0.0000300 seconds, Stopping threads took: 0.0000160 seconds
45.271: Application time: 0.0000360 seconds
45.271: Total time for which application threads were stopped: 0.0000310 seconds, Stopping threads took: 0.0000170 seconds
45.271: Application time: 0.0000350 seconds
45.271: Total time for which application threads were stopped: 0.0000580 seconds, Stopping threads took: 0.0000370 seconds
45.271: Application time: 0.0000350 seconds
45.272: Total time for which application threads were stopped: 0.0000580 seconds, Stopping threads took: 0.0000370 seconds
45.272: Application time: 0.0000360 seconds
45.272: Total time for which application threads were stopped: 0.0000580 seconds, Stopping threads took: 0.0000370 seconds
45.272: Application time: 0.0000350 seconds
45.272: Total time for which application threads were stopped: 0.0000640 seconds, Stopping threads took: 0.0000430 seconds
45.272: Application time: 0.0000350 seconds
45.272: Total time for which application threads were stopped: 0.0000580 seconds, Stopping threads took: 0.0000370 seconds
45.272: Application time: 0.0000350 seconds
45.272: Total time for which application threads were stopped: 0.0000300 seconds, Stopping threads took: 0.0000160 seconds
45.272: Application time: 0.0000360 seconds
45.272: Total time for which application threads were stopped: 0.0000620 seconds, Stopping threads took: 0.0000400 seconds
45.272: Application time: 0.0000350 seconds
45.272: Total time for which application threads were stopped: 0.0000570 seconds, Stopping threads took: 0.0000360 seconds
45.272: Application time: 0.0000360 seconds
45.272: Total time for which application threads were stopped: 0.0001330 seconds, Stopping threads took: 0.0000370 seconds
46.169: Application time: 0.8965790 seconds
46.169: Total time for which application threads were stopped: 0.0001470 seconds, Stopping threads took: 0.0000640 seconds
46.180: Application time: 0.0111390 seconds
46.180: Total time for which application threads were stopped: 0.0000830 seconds, Stopping threads took: 0.0000510 seconds
47.180: Application time: 1.0001320 seconds
47.181: Total time for which application threads were stopped: 0.0002010 seconds, Stopping threads took: 0.0000470 seconds
48.961: Application time: 1.7803520 seconds
48.961: Total time for which application threads were stopped: 0.0002070 seconds, Stopping threads took: 0.0001090 seconds
49.002: Application time: 0.0407140 seconds
49.002: Total time for which application threads were stopped: 0.0001210 seconds, Stopping threads took: 0.0000310 seconds
60.432: Application time: 11.4304930 seconds
60.433: Total time for which application threads were stopped: 0.0001690 seconds, Stopping threads took: 0.0000800 seconds
60.454: Application time: 0.0211680 seconds
60.454: Total time for which application threads were stopped: 0.0003390 seconds, Stopping threads took: 0.0002960 seconds
60.468: Application time: 0.0136320 seconds
60.468: Total time for which application threads were stopped: 0.0001140 seconds, Stopping threads took: 0.0000640 seconds
60.471: Application time: 0.0031480 seconds
60.471: Total time for which application threads were stopped: 0.0000690 seconds, Stopping threads took: 0.0000420 seconds
60.482: Application time: 0.0112160 seconds
60.482: Total time for which application threads were stopped: 0.0001520 seconds, Stopping threads took: 0.0001230 seconds
60.486: Application time: 0.0033410 seconds
60.486: Total time for which application threads were stopped: 0.0000530 seconds, Stopping threads took: 0.0000320 seconds
60.538: Application time: 0.0523860 seconds
60.539: Total time for which application threads were stopped: 0.0003240 seconds, Stopping threads took: 0.0000830 seconds
60.579: Application time: 0.0402500 seconds
60.579: Total time for which application threads were stopped: 0.0001970 seconds, Stopping threads took: 0.0000350 seconds
60.642: Application time: 0.0632880 seconds
60.643: Total time for which application threads were stopped: 0.0002070 seconds, Stopping threads took: 0.0001080 seconds
61.157: Application time: 0.5143750 seconds
61.157: Total time for which application threads were stopped: 0.0003340 seconds, Stopping threads took: 0.0001540 seconds
61.249: Application time: 0.0915980 seconds
61.249: Total time for which application threads were stopped: 0.0002690 seconds, Stopping threads took: 0.0001410 seconds
61.471: Application time: 0.2217380 seconds
61.471: Total time for which application threads were stopped: 0.0002930 seconds, Stopping threads took: 0.0001430 seconds
61.472: Application time: 0.0010480 seconds
61.472: Total time for which application threads were stopped: 0.0002800 seconds, Stopping threads took: 0.0002420 seconds
61.473: Application time: 0.0005480 seconds
61.473: Total time for which application threads were stopped: 0.0002900 seconds, Stopping threads took: 0.0002320 seconds
61.479: Application time: 0.0054210 seconds
61.479: Total time for which application threads were stopped: 0.0001160 seconds, Stopping threads took: 0.0000730 seconds
61.480: Application time: 0.0013460 seconds
61.480: Total time for which application threads were stopped: 0.0002530 seconds, Stopping threads took: 0.0002050 seconds
61.481: Application time: 0.0010170 seconds
61.482: Total time for which application threads were stopped: 0.0005220 seconds, Stopping threads took: 0.0004710 seconds
61.483: Application time: 0.0012570 seconds
61.483: Total time for which application threads were stopped: 0.0001620 seconds, Stopping threads took: 0.0001110 seconds
61.485: Application time: 0.0012770 seconds
61.485: Total time for which application threads were stopped: 0.0001110 seconds, Stopping threads took: 0.0000640 seconds
61.486: Application time: 0.0010800 seconds
61.486: Total time for which application threads were stopped: 0.0001240 seconds, Stopping threads took: 0.0000810 seconds
61.489: Application time: 0.0033670 seconds
61.490: Total time for which application threads were stopped: 0.0001170 seconds, Stopping threads took: 0.0000780 seconds
61.616: Application time: 0.1261980 seconds
61.616: Total time for which application threads were stopped: 0.0003110 seconds, Stopping threads took: 0.0001480 seconds
61.950: Application time: 0.3339070 seconds
61.950: Total time for which application threads were stopped: 0.0003940 seconds, Stopping threads took: 0.0001760 seconds
62.449: Application time: 0.4982630 seconds
62.449: Total time for which application threads were stopped: 0.0004340 seconds, Stopping threads took: 0.0002590 seconds
62.471: Application time: 0.0224360 seconds
62.472: Total time for which application threads were stopped: 0.0003080 seconds, Stopping threads took: 0.0000850 seconds
62.473: Application time: 0.0009040 seconds
62.473: Total time for which application threads were stopped: 0.0002180 seconds, Stopping threads took: 0.0001570 seconds
62.473: Application time: 0.0001480 seconds
62.473: Total time for which application threads were stopped: 0.0000780 seconds, Stopping threads took: 0.0000430 seconds
62.473: Application time: 0.0000800 seconds
62.473: Total time for which application threads were stopped: 0.0001660 seconds, Stopping threads took: 0.0001060 seconds
62.474: Application time: 0.0003050 seconds
62.474: Total time for which application threads were stopped: 0.0001340 seconds, Stopping threads took: 0.0000870 seconds
62.474: Application time: 0.0001180 seconds
62.474: Total time for which application threads were stopped: 0.0001150 seconds, Stopping threads took: 0.0000730 seconds
62.475: Application time: 0.0008560 seconds
62.475: Total time for which application threads were stopped: 0.0001820 seconds, Stopping threads took: 0.0001420 seconds
62.486: Application time: 0.0103890 seconds
62.486: [GC
Desired survivor size 178782208 bytes, new threshold 7 (max 15)
 [PSYoungGen: 1069880K->98128K(1223680K)] 1069952K->98208K(4020224K), 0.0187400 secs] [Times: user=0.07 sys=0.03, real=0.02 secs] 
62.505: Total time for which application threads were stopped: 0.0194010 seconds, Stopping threads took: 0.0004530 seconds
62.552: Application time: 0.0470640 seconds
62.552: Total time for which application threads were stopped: 0.0003230 seconds, Stopping threads took: 0.0001490 seconds
62.563: Application time: 0.0107960 seconds
62.564: Total time for which application threads were stopped: 0.0005060 seconds, Stopping threads took: 0.0001620 seconds
62.848: Application time: 0.2844460 seconds
62.848: Total time for which application threads were stopped: 0.0003010 seconds, Stopping threads took: 0.0001070 seconds
63.742: Application time: 0.8931490 seconds
63.742: [GC
Desired survivor size 178782208 bytes, new threshold 7 (max 15)
 [PSYoungGen: 1147216K->156729K(1223680K)] 1147296K->156817K(4020224K), 0.0200510 secs] [Times: user=0.06 sys=0.08, real=0.02 secs] 
63.762: Total time for which application threads were stopped: 0.0206390 seconds, Stopping threads took: 0.0001810 seconds
64.762: Application time: 1.0001380 seconds
64.763: Total time for which application threads were stopped: 0.0003930 seconds, Stopping threads took: 0.0001560 seconds
65.049: Application time: 0.2864830 seconds
65.049: [GC
Desired survivor size 178782208 bytes, new threshold 7 (max 15)
 [PSYoungGen: 1205817K->174586K(1223680K)] 1205905K->181577K(4020224K), 0.0201220 secs] [Times: user=0.07 sys=0.07, real=0.02 secs] 
65.070: Total time for which application threads were stopped: 0.0204000 seconds, Stopping threads took: 0.0000800 seconds
66.070: Application time: 1.0001900 seconds
66.070: Total time for which application threads were stopped: 0.0002830 seconds, Stopping threads took: 0.0000790 seconds
66.329: Application time: 0.2589570 seconds
66.329: [GC
Desired survivor size 283115520 bytes, new threshold 6 (max 15)
 [PSYoungGen: 1223182K->174580K(1223680K)] 1230173K->209371K(4020224K), 0.0213610 secs] [Times: user=0.15 sys=0.01, real=0.02 secs] 
66.351: Total time for which application threads were stopped: 0.0217910 seconds, Stopping threads took: 0.0000880 seconds
67.351: Application time: 1.0002410 seconds
67.351: Total time for which application threads were stopped: 0.0003180 seconds, Stopping threads took: 0.0000670 seconds
67.584: Application time: 0.2326250 seconds
67.584: [GC
Desired survivor size 300941312 bytes, new threshold 5 (max 15)
 [PSYoungGen: 1223668K->174591K(985088K)] 1258459K->237959K(3781632K), 0.0196740 secs] [Times: user=0.11 sys=0.02, real=0.02 secs] 
67.604: Total time for which application threads were stopped: 0.0200260 seconds, Stopping threads took: 0.0001620 seconds
68.597: Application time: 0.9929350 seconds
68.597: [GC
Desired survivor size 306184192 bytes, new threshold 4 (max 15)
 [PSYoungGen: 984962K->195540K(1006080K)] 1048330K->269800K(3802624K), 0.0184590 secs] [Times: user=0.13 sys=0.00, real=0.02 secs] 
68.616: Total time for which application threads were stopped: 0.0189760 seconds, Stopping threads took: 0.0001560 seconds
69.616: Application time: 1.0001160 seconds
69.616: Total time for which application threads were stopped: 0.0002790 seconds, Stopping threads took: 0.0000670 seconds
69.623: Application time: 0.0069300 seconds
69.623: [GC
Desired survivor size 316669952 bytes, new threshold 3 (max 15)
 [PSYoungGen: 1006036K->214630K(1078784K)] 1080296K->301162K(3875328K), 0.0166950 secs] [Times: user=0.11 sys=0.00, real=0.02 secs] 
69.640: Total time for which application threads were stopped: 0.0169410 seconds, Stopping threads took: 0.0000530 seconds
70.567: Application time: 0.9267380 seconds
70.567: [GC
Desired survivor size 307232768 bytes, new threshold 2 (max 15)
 [PSYoungGen: 994406K->176485K(1089024K)] 1080938K->321863K(3885568K), 0.0186380 secs] [Times: user=0.09 sys=0.04, real=0.02 secs] 
70.586: Total time for which application threads were stopped: 0.0190550 seconds, Stopping threads took: 0.0001310 seconds
71.502: Application time: 0.9164730 seconds
71.503: [GC
Desired survivor size 298319872 bytes, new threshold 1 (max 15)
 [PSYoungGen: 956261K->128497K(1106944K)] 1101639K->347583K(3903488K), 0.0179440 secs] [Times: user=0.07 sys=0.06, real=0.02 secs] 
71.521: Total time for which application threads were stopped: 0.0184440 seconds, Stopping threads took: 0.0001320 seconds
72.521: Application time: 1.0001740 seconds
72.521: Total time for which application threads were stopped: 0.0002510 seconds, Stopping threads took: 0.0001480 seconds
72.607: Application time: 0.0857980 seconds
72.607: [GC
Desired survivor size 297271296 bytes, new threshold 1 (max 15)
 [PSYoungGen: 935409K->85841K(1098240K)] 1154495K->387250K(3894784K), 0.0162420 secs] [Times: user=0.07 sys=0.06, real=0.02 secs] 
72.624: Total time for which application threads were stopped: 0.0165390 seconds, Stopping threads took: 0.0000800 seconds
73.624: Application time: 1.0001740 seconds
73.624: Total time for which application threads were stopped: 0.0003680 seconds, Stopping threads took: 0.0001210 seconds
73.706: Application time: 0.0815530 seconds
73.706: [GC
Desired survivor size 294649856 bytes, new threshold 1 (max 15)
 [PSYoungGen: 892753K->82934K(1110528K)] 1194162K->426753K(3907072K), 0.0115380 secs] [Times: user=0.08 sys=0.00, real=0.01 secs] 
73.718: Total time for which application threads were stopped: 0.0118110 seconds, Stopping threads took: 0.0000560 seconds
74.030: Application time: 0.3128230 seconds
74.031: Total time for which application threads were stopped: 0.0002320 seconds, Stopping threads took: 0.0001490 seconds
74.729: Application time: 0.6985970 seconds
74.730: [GC
Desired survivor size 290979840 bytes, new threshold 1 (max 15)
 [PSYoungGen: 903158K->79352K(1107968K)] 1246977K->471915K(3904512K), 0.0121720 secs] [Times: user=0.07 sys=0.01, real=0.02 secs] 
74.742: Total time for which application threads were stopped: 0.0126830 seconds, Stopping threads took: 0.0001270 seconds
75.730: Application time: 0.9884980 seconds
75.731: [GC
Desired survivor size 284688384 bytes, new threshold 1 (max 15)
 [PSYoungGen: 899576K->84303K(1120256K)] 1292139K->528755K(3916800K), 0.0167920 secs] [Times: user=0.10 sys=0.01, real=0.02 secs] 
75.748: Total time for which application threads were stopped: 0.0171680 seconds, Stopping threads took: 0.0001110 seconds
76.784: Application time: 1.0366300 seconds
76.785: [GC
Desired survivor size 277872640 bytes, new threshold 1 (max 15)
 [PSYoungGen: 920399K->84894K(1114112K)] 1364851K->579849K(3910656K), 0.0150920 secs] [Times: user=0.08 sys=0.02, real=0.02 secs] 
76.800: Total time for which application threads were stopped: 0.0154710 seconds, Stopping threads took: 0.0001300 seconds
77.865: Application time: 1.0649150 seconds
77.865: [GC
Desired survivor size 270532608 bytes, new threshold 1 (max 15)
 [PSYoungGen: 920990K->85697K(1134080K)] 1415945K->629865K(3930624K), 0.0128960 secs] [Times: user=0.09 sys=0.00, real=0.01 secs] 
77.878: Total time for which application threads were stopped: 0.0133430 seconds, Stopping threads took: 0.0001080 seconds
79.023: Application time: 1.1453150 seconds
79.024: [GC
Desired survivor size 262668288 bytes, new threshold 1 (max 15)
 [PSYoungGen: 948417K->85522K(1126912K)] 1492585K->675553K(3923456K), 0.0130400 secs] [Times: user=0.07 sys=0.02, real=0.01 secs] 
79.037: Total time for which application threads were stopped: 0.0133320 seconds, Stopping threads took: 0.0000540 seconds
80.037: Application time: 1.0000410 seconds
80.037: Total time for which application threads were stopped: 0.0001880 seconds, Stopping threads took: 0.0000800 seconds
80.135: Application time: 0.0982620 seconds
80.135: [GC
Desired survivor size 254803968 bytes, new threshold 1 (max 15)
 [PSYoungGen: 948242K->82754K(1149440K)] 1538273K->719531K(3945984K), 0.0122680 secs] [Times: user=0.04 sys=0.05, real=0.01 secs] 
80.148: Total time for which application threads were stopped: 0.0126020 seconds, Stopping threads took: 0.0001460 seconds
81.376: Application time: 1.2284090 seconds
81.377: [GC
Desired survivor size 247988224 bytes, new threshold 1 (max 15)
 [PSYoungGen: 975682K->77106K(1141760K)] 1612459K->757358K(3938304K), 0.0119380 secs] [Times: user=0.05 sys=0.04, real=0.01 secs] 
81.389: Total time for which application threads were stopped: 0.0124310 seconds, Stopping threads took: 0.0001380 seconds
82.447: Application time: 1.0588380 seconds
82.448: [GC
Desired survivor size 241172480 bytes, new threshold 1 (max 15)
 [PSYoungGen: 970034K->73007K(1162752K)] 1650286K->792099K(3959296K), 0.0108320 secs] [Times: user=0.05 sys=0.04, real=0.01 secs] 
82.459: Total time for which application threads were stopped: 0.0112280 seconds, Stopping threads took: 0.0001120 seconds
83.656: Application time: 1.1972440 seconds
83.656: [GC
Desired survivor size 232783872 bytes, new threshold 1 (max 15)
 [PSYoungGen: 993583K->80788K(1156096K)] 1712675K->834799K(3952640K), 0.0114120 secs] [Times: user=0.07 sys=0.01, real=0.01 secs] 
83.668: Total time for which application threads were stopped: 0.0117960 seconds, Stopping threads took: 0.0001360 seconds
84.896: Application time: 1.2283400 seconds
84.896: [GC
Desired survivor size 225443840 bytes, new threshold 1 (max 15)
 [PSYoungGen: 1001364K->74405K(1178112K)] 1755375K->866127K(3974656K), 0.0118830 secs] [Times: user=0.05 sys=0.03, real=0.01 secs] 
84.908: Total time for which application threads were stopped: 0.0124090 seconds, Stopping threads took: 0.0001680 seconds
86.217: Application time: 1.3081480 seconds
86.217: [GC
Desired survivor size 218103808 bytes, new threshold 1 (max 15)
 [PSYoungGen: 1025189K->74858K(1170944K)] 1816911K->900368K(3967488K), 0.0108510 secs] [Times: user=0.08 sys=0.00, real=0.01 secs] 
86.228: Total time for which application threads were stopped: 0.0111970 seconds, Stopping threads took: 0.0000610 seconds
86.920: Application time: 0.6916830 seconds
86.920: Total time for which application threads were stopped: 0.0002210 seconds, Stopping threads took: 0.0000960 seconds
87.554: Application time: 0.6347270 seconds
87.555: [GC
Desired survivor size 211812352 bytes, new threshold 1 (max 15)
 [PSYoungGen: 1025635K->69909K(1191424K)] 1851146K->924819K(3987968K), 0.0109030 secs] [Times: user=0.06 sys=0.00, real=0.01 secs] 
87.566: Total time for which application threads were stopped: 0.0113170 seconds, Stopping threads took: 0.0001500 seconds
88.804: Application time: 1.2381270 seconds
88.804: [GC
Desired survivor size 201850880 bytes, new threshold 1 (max 15)
 [PSYoungGen: 1048341K->87011K(1185280K)] 1903251K->970792K(3981824K), 0.0121970 secs] [Times: user=0.06 sys=0.01, real=0.01 secs] 
88.817: Total time for which application threads were stopped: 0.0126020 seconds, Stopping threads took: 0.0001400 seconds
90.119: Application time: 1.3026710 seconds
90.119: [GC
Desired survivor size 196083712 bytes, new threshold 1 (max 15)
 [PSYoungGen: 1065439K->70092K(1206784K)] 1949221K->988445K(4003328K), 0.0109000 secs] [Times: user=0.07 sys=0.02, real=0.00 secs] 
90.130: Total time for which application threads were stopped: 0.0112880 seconds, Stopping threads took: 0.0001130 seconds
91.363: Application time: 1.2321710 seconds
91.363: [GC
Desired survivor size 188743680 bytes, new threshold 1 (max 15)
 [PSYoungGen: 1079756K->78612K(1201152K)] 1998109K->1028257K(3997696K), 0.0110760 secs] [Times: user=0.07 sys=0.02, real=0.01 secs] 
91.374: Total time for which application threads were stopped: 0.0114060 seconds, Stopping threads took: 0.0000730 seconds
92.617: Application time: 1.2433430 seconds
92.618: [GC
Desired survivor size 182976512 bytes, new threshold 1 (max 15)
 [PSYoungGen: 1088276K->69297K(1219584K)] 2037921K->1051055K(4016128K), 0.0110110 secs] [Times: user=0.07 sys=0.01, real=0.01 secs] 
92.629: Total time for which application threads were stopped: 0.0113880 seconds, Stopping threads took: 0.0001110 seconds
93.949: Application time: 1.3205930 seconds
93.950: [GC
Desired survivor size 176685056 bytes, new threshold 1 (max 15)
 [PSYoungGen: 1104561K->71613K(1213952K)] 2086319K->1078018K(4010496K), 0.0100530 secs] [Times: user=0.06 sys=0.02, real=0.02 secs] 
93.960: Total time for which application threads were stopped: 0.0105040 seconds, Stopping threads took: 0.0001070 seconds
94.960: Application time: 1.0001420 seconds
94.960: Total time for which application threads were stopped: 0.0002330 seconds, Stopping threads took: 0.0001190 seconds
95.206: Application time: 0.2453350 seconds
95.206: [GC
Desired survivor size 169869312 bytes, new threshold 1 (max 15)
 [PSYoungGen: 1106877K->78493K(1232384K)] 2113282K->1116405K(4028928K), 0.0131090 secs] [Times: user=0.09 sys=0.01, real=0.02 secs] 
95.219: Total time for which application threads were stopped: 0.0134210 seconds, Stopping threads took: 0.0001240 seconds
96.553: Application time: 1.3338740 seconds
96.553: [GC
Desired survivor size 165150720 bytes, new threshold 1 (max 15)
 [PSYoungGen: 1138333K->67499K(1225728K)] 2176245K->1137222K(4022272K), 0.0110970 secs] [Times: user=0.08 sys=0.00, real=0.01 secs] 
96.564: Total time for which application threads were stopped: 0.0114350 seconds, Stopping threads took: 0.0000800 seconds
97.565: Application time: 1.0001510 seconds
97.565: Total time for which application threads were stopped: 0.0002710 seconds, Stopping threads took: 0.0001670 seconds
97.923: Application time: 0.3586690 seconds
97.924: [GC
Desired survivor size 159907840 bytes, new threshold 1 (max 15)
 [PSYoungGen: 1127339K->69082K(1242112K)] 2197062K->1167928K(4038656K), 0.0117800 secs] [Times: user=0.07 sys=0.00, real=0.01 secs] 
97.936: Total time for which application threads were stopped: 0.0120680 seconds, Stopping threads took: 0.0000980 seconds
99.384: Application time: 1.4482580 seconds
99.384: [GC
Desired survivor size 155189248 bytes, new threshold 1 (max 15)
 [PSYoungGen: 1149914K->68068K(1236992K)] 2248760K->1195485K(4033536K), 0.0105870 secs] [Times: user=0.08 sys=0.00, real=0.01 secs] 
99.395: Total time for which application threads were stopped: 0.0109690 seconds, Stopping threads took: 0.0001270 seconds
100.837: Application time: 1.4425630 seconds
100.838: [GC
Desired survivor size 151519232 bytes, new threshold 1 (max 15)
 [PSYoungGen: 1148900K->62322K(1250304K)] 2276317K->1221861K(4046848K), 0.0117560 secs] [Times: user=0.06 sys=0.03, real=0.01 secs] 
100.849: Total time for which application threads were stopped: 0.0121000 seconds, Stopping threads took: 0.0000880 seconds
102.254: Application time: 1.4042220 seconds
102.254: [GC
Desired survivor size 147324928 bytes, new threshold 1 (max 15)
 [PSYoungGen: 1161074K->62171K(1246720K)] 2320613K->1253950K(4043264K), 0.0112420 secs] [Times: user=0.08 sys=0.00, real=0.01 secs] 
102.265: Total time for which application threads were stopped: 0.0117100 seconds, Stopping threads took: 0.0001120 seconds
102.266: Application time: 0.0003770 seconds
102.266: Total time for which application threads were stopped: 0.0002370 seconds, Stopping threads took: 0.0001720 seconds
102.660: Application time: 0.3939840 seconds
102.660: Total time for which application threads were stopped: 0.0002170 seconds, Stopping threads took: 0.0001450 seconds
102.731: Application time: 0.0708570 seconds
102.731: Total time for which application threads were stopped: 0.0001940 seconds, Stopping threads took: 0.0001170 seconds
103.427: Application time: 0.6954000 seconds
103.427: [GC
Desired survivor size 144179200 bytes, new threshold 1 (max 15)
 [PSYoungGen: 1160923K->57567K(1257472K)] 2352702K->1275984K(4054016K), 0.0108510 secs] [Times: user=0.05 sys=0.01, real=0.01 secs] 
103.438: Total time for which application threads were stopped: 0.0114150 seconds, Stopping threads took: 0.0001670 seconds
103.581: Application time: 0.1432560 seconds
103.582: Total time for which application threads were stopped: 0.0002270 seconds, Stopping threads took: 0.0000670 seconds
104.582: Application time: 1.0001410 seconds
104.582: Total time for which application threads were stopped: 0.0002000 seconds, Stopping threads took: 0.0000790 seconds
104.863: Application time: 0.2809660 seconds
104.863: [GC
Desired survivor size 140509184 bytes, new threshold 1 (max 15)
 [PSYoungGen: 1171167K->59761K(1254400K)] 2389584K->1296509K(4050944K), 0.0102510 secs] [Times: user=0.06 sys=0.00, real=0.01 secs] 
