OpenJDK 64-Bit Server VM (24.121-b00) for linux-amd64 JRE (1.7.0_121-b00), built on Nov 18 2016 00:22:36 by "mockbuild" with gcc 4.8.3 20140911 (Red Hat 4.8.3-9)
Memory: 4k page, physical 15404000k(14628488k free), swap 0k(0k free)
CommandLine flags: -XX:+HeapDumpOnOutOfMemoryError -XX:HeapDumpPath=HzMember3A.hprof -XX:InitialHeapSize=4294967296 -XX:MaxHeapSize=4294967296 -XX:OnOutOfMemoryError= date >> HzMember3A.oome -XX:+PrintGC -XX:+PrintGCApplicationConcurrentTime -XX:+PrintGCApplicationStoppedTime -XX:+PrintGCDetails -XX:+PrintGCTimeStamps -XX:+PrintTenuringDistribution -XX:+UseCompressedOops -XX:+UseParallelGC 
0.213: Application time: 0.1722180 seconds
0.213: Total time for which application threads were stopped: 0.0000610 seconds, Stopping threads took: 0.0000220 seconds
4.051: Application time: 3.8381600 seconds
4.051: Total time for which application threads were stopped: 0.0002280 seconds, Stopping threads took: 0.0000500 seconds
34.055: Application time: 30.0044000 seconds
34.056: Total time for which application threads were stopped: 0.0001570 seconds, Stopping threads took: 0.0000550 seconds
34.073: Application time: 0.0177690 seconds
34.073: Total time for which application threads were stopped: 0.0000530 seconds, Stopping threads took: 0.0000230 seconds
34.074: Application time: 0.0010000 seconds
34.075: Total time for which application threads were stopped: 0.0000920 seconds, Stopping threads took: 0.0000680 seconds
34.085: Application time: 0.0101070 seconds
34.085: Total time for which application threads were stopped: 0.0000950 seconds, Stopping threads took: 0.0000700 seconds
34.085: Application time: 0.0002000 seconds
34.085: Total time for which application threads were stopped: 0.0001010 seconds, Stopping threads took: 0.0000790 seconds
34.085: Application time: 0.0001660 seconds
34.085: Total time for which application threads were stopped: 0.0001120 seconds, Stopping threads took: 0.0000890 seconds
34.085: Application time: 0.0001510 seconds
34.086: Total time for which application threads were stopped: 0.0001230 seconds, Stopping threads took: 0.0000930 seconds
34.086: Application time: 0.0003390 seconds
34.086: Total time for which application threads were stopped: 0.0001900 seconds, Stopping threads took: 0.0001530 seconds
34.086: Application time: 0.0000760 seconds
34.086: Total time for which application threads were stopped: 0.0001310 seconds, Stopping threads took: 0.0001010 seconds
34.088: Application time: 0.0011960 seconds
34.088: Total time for which application threads were stopped: 0.0001550 seconds, Stopping threads took: 0.0001170 seconds
34.088: Application time: 0.0002360 seconds
34.088: Total time for which application threads were stopped: 0.0000900 seconds, Stopping threads took: 0.0000660 seconds
34.088: Application time: 0.0003680 seconds
34.089: Total time for which application threads were stopped: 0.0001240 seconds, Stopping threads took: 0.0000850 seconds
34.089: Application time: 0.0005370 seconds
34.089: Total time for which application threads were stopped: 0.0002010 seconds, Stopping threads took: 0.0001620 seconds
34.090: Application time: 0.0010070 seconds
34.090: Total time for which application threads were stopped: 0.0001130 seconds, Stopping threads took: 0.0000830 seconds
34.092: Application time: 0.0015620 seconds
34.092: Total time for which application threads were stopped: 0.0001880 seconds, Stopping threads took: 0.0001530 seconds
34.094: Application time: 0.0019700 seconds
34.094: Total time for which application threads were stopped: 0.0002440 seconds, Stopping threads took: 0.0001210 seconds
34.095: Application time: 0.0006370 seconds
34.095: Total time for which application threads were stopped: 0.0001530 seconds, Stopping threads took: 0.0001270 seconds
34.099: Application time: 0.0038690 seconds
34.099: Total time for which application threads were stopped: 0.0001350 seconds, Stopping threads took: 0.0001110 seconds
34.102: Application time: 0.0031670 seconds
34.102: Total time for which application threads were stopped: 0.0000820 seconds, Stopping threads took: 0.0000560 seconds
34.104: Application time: 0.0014200 seconds
34.104: Total time for which application threads were stopped: 0.0000810 seconds, Stopping threads took: 0.0000520 seconds
34.104: Application time: 0.0000380 seconds
34.104: Total time for which application threads were stopped: 0.0000750 seconds, Stopping threads took: 0.0000500 seconds
34.104: Application time: 0.0000330 seconds
34.104: Total time for which application threads were stopped: 0.0000570 seconds, Stopping threads took: 0.0000350 seconds
34.104: Application time: 0.0000340 seconds
34.104: Total time for which application threads were stopped: 0.0000620 seconds, Stopping threads took: 0.0000390 seconds
34.105: Application time: 0.0004530 seconds
34.105: Total time for which application threads were stopped: 0.0000670 seconds, Stopping threads took: 0.0000450 seconds
34.105: Application time: 0.0004940 seconds
34.105: Total time for which application threads were stopped: 0.0000920 seconds, Stopping threads took: 0.0000650 seconds
34.105: Application time: 0.0000390 seconds
34.105: Total time for which application threads were stopped: 0.0000840 seconds, Stopping threads took: 0.0000590 seconds
34.107: Application time: 0.0010450 seconds
34.107: Total time for which application threads were stopped: 0.0000830 seconds, Stopping threads took: 0.0000610 seconds
34.107: Application time: 0.0000320 seconds
34.107: Total time for which application threads were stopped: 0.0001250 seconds, Stopping threads took: 0.0001020 seconds
34.107: Application time: 0.0000460 seconds
34.107: Total time for which application threads were stopped: 0.0000760 seconds, Stopping threads took: 0.0000500 seconds
34.107: Application time: 0.0000710 seconds
34.107: Total time for which application threads were stopped: 0.0000690 seconds, Stopping threads took: 0.0000440 seconds
34.108: Application time: 0.0005280 seconds
34.108: Total time for which application threads were stopped: 0.0000920 seconds, Stopping threads took: 0.0000660 seconds
34.109: Application time: 0.0012770 seconds
34.109: Total time for which application threads were stopped: 0.0001000 seconds, Stopping threads took: 0.0000750 seconds
34.109: Application time: 0.0002460 seconds
34.109: Total time for which application threads were stopped: 0.0000880 seconds, Stopping threads took: 0.0000590 seconds
34.109: Application time: 0.0001030 seconds
34.110: Total time for which application threads were stopped: 0.0000960 seconds, Stopping threads took: 0.0000650 seconds
34.110: Application time: 0.0003140 seconds
34.110: Total time for which application threads were stopped: 0.0001230 seconds, Stopping threads took: 0.0000940 seconds
34.111: Application time: 0.0005820 seconds
34.111: Total time for which application threads were stopped: 0.0001300 seconds, Stopping threads took: 0.0001030 seconds
34.111: Application time: 0.0000790 seconds
34.111: Total time for which application threads were stopped: 0.0000990 seconds, Stopping threads took: 0.0000720 seconds
34.113: Application time: 0.0016930 seconds
34.113: Total time for which application threads were stopped: 0.0001090 seconds, Stopping threads took: 0.0000800 seconds
34.113: Application time: 0.0006940 seconds
34.114: Total time for which application threads were stopped: 0.0001680 seconds, Stopping threads took: 0.0001280 seconds
34.114: Application time: 0.0006330 seconds
34.114: Total time for which application threads were stopped: 0.0001140 seconds, Stopping threads took: 0.0000810 seconds
34.115: Application time: 0.0006490 seconds
34.115: Total time for which application threads were stopped: 0.0001250 seconds, Stopping threads took: 0.0000970 seconds
34.116: Application time: 0.0011290 seconds
34.116: Total time for which application threads were stopped: 0.0002250 seconds, Stopping threads took: 0.0001030 seconds
34.129: Application time: 0.0120460 seconds
34.129: Total time for which application threads were stopped: 0.0001620 seconds, Stopping threads took: 0.0001230 seconds
34.129: Application time: 0.0005960 seconds
34.129: Total time for which application threads were stopped: 0.0000920 seconds, Stopping threads took: 0.0000650 seconds
34.135: Application time: 0.0059060 seconds
34.135: Total time for which application threads were stopped: 0.0001330 seconds, Stopping threads took: 0.0000660 seconds
34.193: Application time: 0.0576260 seconds
34.193: Total time for which application threads were stopped: 0.0001830 seconds, Stopping threads took: 0.0000560 seconds
34.211: Application time: 0.0182000 seconds
34.212: Total time for which application threads were stopped: 0.0001210 seconds, Stopping threads took: 0.0000880 seconds
34.968: Application time: 0.7562230 seconds
34.968: Total time for which application threads were stopped: 0.0001350 seconds, Stopping threads took: 0.0000500 seconds
34.968: Application time: 0.0002990 seconds
34.968: Total time for which application threads were stopped: 0.0000360 seconds, Stopping threads took: 0.0000190 seconds
34.969: Application time: 0.0011530 seconds
34.969: Total time for which application threads were stopped: 0.0000340 seconds, Stopping threads took: 0.0000170 seconds
38.034: Application time: 3.0644300 seconds
38.034: Total time for which application threads were stopped: 0.0002440 seconds, Stopping threads took: 0.0001000 seconds
39.212: Application time: 1.1775850 seconds
39.212: Total time for which application threads were stopped: 0.0003360 seconds, Stopping threads took: 0.0001070 seconds
43.213: Application time: 4.0005470 seconds
43.213: Total time for which application threads were stopped: 0.0002540 seconds, Stopping threads took: 0.0001220 seconds
45.045: Application time: 1.8326430 seconds
45.046: Total time for which application threads were stopped: 0.0001400 seconds, Stopping threads took: 0.0000500 seconds
45.046: Application time: 0.0004740 seconds
45.046: Total time for which application threads were stopped: 0.0000350 seconds, Stopping threads took: 0.0000180 seconds
45.053: Application time: 0.0073150 seconds
45.054: Total time for which application threads were stopped: 0.0001100 seconds, Stopping threads took: 0.0000860 seconds
45.056: Application time: 0.0021840 seconds
45.056: Total time for which application threads were stopped: 0.0000480 seconds, Stopping threads took: 0.0000280 seconds
45.238: Application time: 0.1824460 seconds
45.238: Total time for which application threads were stopped: 0.0001040 seconds, Stopping threads took: 0.0000680 seconds
45.241: Application time: 0.0021870 seconds
45.241: [GC
Desired survivor size 178782208 bytes, new threshold 7 (max 15)
 [PSYoungGen: 1049088K->21498K(1223680K)] 1049088K->21570K(4020224K), 0.0177120 secs] [Times: user=0.06 sys=0.01, real=0.02 secs] 
45.258: Total time for which application threads were stopped: 0.0179150 seconds, Stopping threads took: 0.0000510 seconds
45.259: Application time: 0.0001310 seconds
45.259: Total time for which application threads were stopped: 0.0001490 seconds, Stopping threads took: 0.0001100 seconds
45.259: Application time: 0.0000820 seconds
45.259: Total time for which application threads were stopped: 0.0001060 seconds, Stopping threads took: 0.0000790 seconds
45.259: Application time: 0.0000380 seconds
45.259: Total time for which application threads were stopped: 0.0000810 seconds, Stopping threads took: 0.0000570 seconds
45.259: Application time: 0.0000620 seconds
45.259: Total time for which application threads were stopped: 0.0001340 seconds, Stopping threads took: 0.0001060 seconds
45.259: Application time: 0.0000320 seconds
45.259: Total time for which application threads were stopped: 0.0000990 seconds, Stopping threads took: 0.0000710 seconds
45.260: Application time: 0.0002990 seconds
45.260: Total time for which application threads were stopped: 0.0002040 seconds, Stopping threads took: 0.0001610 seconds
45.260: Application time: 0.0001530 seconds
45.260: Total time for which application threads were stopped: 0.0000940 seconds, Stopping threads took: 0.0000560 seconds
45.260: Application time: 0.0000860 seconds
45.260: Total time for which application threads were stopped: 0.0001390 seconds, Stopping threads took: 0.0000810 seconds
45.260: Application time: 0.0000380 seconds
45.260: Total time for which application threads were stopped: 0.0000460 seconds, Stopping threads took: 0.0000290 seconds
45.261: Application time: 0.0001360 seconds
45.261: Total time for which application threads were stopped: 0.0001100 seconds, Stopping threads took: 0.0000800 seconds
45.261: Application time: 0.0000950 seconds
45.261: Total time for which application threads were stopped: 0.0000710 seconds, Stopping threads took: 0.0000480 seconds
45.261: Application time: 0.0000690 seconds
45.261: Total time for which application threads were stopped: 0.0000960 seconds, Stopping threads took: 0.0000690 seconds
45.261: Application time: 0.0000880 seconds
45.261: Total time for which application threads were stopped: 0.0000980 seconds, Stopping threads took: 0.0000720 seconds
45.261: Application time: 0.0000620 seconds
45.261: Total time for which application threads were stopped: 0.0001310 seconds, Stopping threads took: 0.0001020 seconds
45.262: Application time: 0.0000970 seconds
45.262: Total time for which application threads were stopped: 0.0000760 seconds, Stopping threads took: 0.0000510 seconds
45.262: Application time: 0.0001020 seconds
45.262: Total time for which application threads were stopped: 0.0001510 seconds, Stopping threads took: 0.0001060 seconds
45.262: Application time: 0.0000840 seconds
45.262: Total time for which application threads were stopped: 0.0000500 seconds, Stopping threads took: 0.0000320 seconds
45.262: Application time: 0.0001040 seconds
45.262: Total time for which application threads were stopped: 0.0001390 seconds, Stopping threads took: 0.0000990 seconds
45.262: Application time: 0.0000590 seconds
45.262: Total time for which application threads were stopped: 0.0000740 seconds, Stopping threads took: 0.0000510 seconds
45.264: Application time: 0.0019320 seconds
45.265: Total time for which application threads were stopped: 0.0004650 seconds, Stopping threads took: 0.0001530 seconds
45.265: Application time: 0.0000840 seconds
45.265: Total time for which application threads were stopped: 0.0001260 seconds, Stopping threads took: 0.0000980 seconds
45.265: Application time: 0.0000440 seconds
45.265: Total time for which application threads were stopped: 0.0000460 seconds, Stopping threads took: 0.0000280 seconds
45.265: Application time: 0.0000360 seconds
45.265: Total time for which application threads were stopped: 0.0000700 seconds, Stopping threads took: 0.0000410 seconds
45.265: Application time: 0.0000410 seconds
45.265: Total time for which application threads were stopped: 0.0000460 seconds, Stopping threads took: 0.0000290 seconds
45.265: Application time: 0.0000640 seconds
45.266: Total time for which application threads were stopped: 0.0001420 seconds, Stopping threads took: 0.0001100 seconds
45.266: Application time: 0.0000860 seconds
45.266: Total time for which application threads were stopped: 0.0000770 seconds, Stopping threads took: 0.0000530 seconds
45.266: Application time: 0.0000490 seconds
45.266: Total time for which application threads were stopped: 0.0000840 seconds, Stopping threads took: 0.0000560 seconds
45.266: Application time: 0.0000390 seconds
45.266: Total time for which application threads were stopped: 0.0001580 seconds, Stopping threads took: 0.0001260 seconds
45.266: Application time: 0.0001120 seconds
45.266: Total time for which application threads were stopped: 0.0000970 seconds, Stopping threads took: 0.0000680 seconds
45.266: Application time: 0.0000810 seconds
45.266: Total time for which application threads were stopped: 0.0001320 seconds, Stopping threads took: 0.0000920 seconds
45.267: Application time: 0.0001310 seconds
45.267: Total time for which application threads were stopped: 0.0001130 seconds, Stopping threads took: 0.0000730 seconds
45.267: Application time: 0.0001330 seconds
45.267: Total time for which application threads were stopped: 0.0001690 seconds, Stopping threads took: 0.0001290 seconds
45.267: Application time: 0.0000750 seconds
45.267: Total time for which application threads were stopped: 0.0001130 seconds, Stopping threads took: 0.0000880 seconds
45.267: Application time: 0.0001080 seconds
45.267: Total time for which application threads were stopped: 0.0000830 seconds, Stopping threads took: 0.0000570 seconds
45.267: Application time: 0.0000820 seconds
45.268: Total time for which application threads were stopped: 0.0001770 seconds, Stopping threads took: 0.0001220 seconds
45.268: Application time: 0.0000970 seconds
45.268: Total time for which application threads were stopped: 0.0000750 seconds, Stopping threads took: 0.0000520 seconds
45.268: Application time: 0.0000530 seconds
45.268: Total time for which application threads were stopped: 0.0000800 seconds, Stopping threads took: 0.0000560 seconds
45.268: Application time: 0.0000350 seconds
45.268: Total time for which application threads were stopped: 0.0000930 seconds, Stopping threads took: 0.0000610 seconds
45.268: Application time: 0.0000350 seconds
45.268: Total time for which application threads were stopped: 0.0000380 seconds, Stopping threads took: 0.0000230 seconds
45.268: Application time: 0.0000340 seconds
45.268: Total time for which application threads were stopped: 0.0001840 seconds, Stopping threads took: 0.0000460 seconds
45.276: Application time: 0.0074770 seconds
45.276: Total time for which application threads were stopped: 0.0001500 seconds, Stopping threads took: 0.0001100 seconds
46.276: Application time: 1.0001410 seconds
46.276: Total time for which application threads were stopped: 0.0002150 seconds, Stopping threads took: 0.0000470 seconds
48.854: Application time: 2.5772150 seconds
48.854: Total time for which application threads were stopped: 0.0002430 seconds, Stopping threads took: 0.0001030 seconds
49.074: Application time: 0.2204170 seconds
49.074: Total time for which application threads were stopped: 0.0001820 seconds, Stopping threads took: 0.0001600 seconds
51.232: Application time: 2.1577100 seconds
51.232: Total time for which application threads were stopped: 0.0001410 seconds, Stopping threads took: 0.0000550 seconds
51.232: Application time: 0.0000310 seconds
51.232: Total time for which application threads were stopped: 0.0000540 seconds, Stopping threads took: 0.0000240 seconds
51.232: Application time: 0.0000380 seconds
51.232: Total time for which application threads were stopped: 0.0000310 seconds, Stopping threads took: 0.0000160 seconds
51.240: Application time: 0.0080390 seconds
51.241: Total time for which application threads were stopped: 0.0000470 seconds, Stopping threads took: 0.0000290 seconds
51.308: Application time: 0.0679240 seconds
51.309: Total time for which application threads were stopped: 0.0000700 seconds, Stopping threads took: 0.0000410 seconds
51.498: Application time: 0.1894990 seconds
51.498: Total time for which application threads were stopped: 0.0001410 seconds, Stopping threads took: 0.0001070 seconds
59.499: Application time: 8.0011110 seconds
59.500: Total time for which application threads were stopped: 0.0002630 seconds, Stopping threads took: 0.0001200 seconds
60.323: Application time: 0.8235810 seconds
60.323: Total time for which application threads were stopped: 0.0001280 seconds, Stopping threads took: 0.0000450 seconds
60.345: Application time: 0.0221640 seconds
60.346: Total time for which application threads were stopped: 0.0002080 seconds, Stopping threads took: 0.0001600 seconds
60.358: Application time: 0.0127530 seconds
60.359: Total time for which application threads were stopped: 0.0001290 seconds, Stopping threads took: 0.0000890 seconds
60.363: Application time: 0.0048410 seconds
60.363: Total time for which application threads were stopped: 0.0000970 seconds, Stopping threads took: 0.0000620 seconds
60.369: Application time: 0.0057690 seconds
60.369: Total time for which application threads were stopped: 0.0001240 seconds, Stopping threads took: 0.0000800 seconds
60.373: Application time: 0.0035710 seconds
60.373: Total time for which application threads were stopped: 0.0001590 seconds, Stopping threads took: 0.0000650 seconds
60.433: Application time: 0.0601490 seconds
60.434: Total time for which application threads were stopped: 0.0003910 seconds, Stopping threads took: 0.0001140 seconds
60.464: Application time: 0.0301680 seconds
60.464: Total time for which application threads were stopped: 0.0003660 seconds, Stopping threads took: 0.0001190 seconds
61.073: Application time: 0.6092120 seconds
61.074: Total time for which application threads were stopped: 0.0003780 seconds, Stopping threads took: 0.0001830 seconds
61.219: Application time: 0.1456420 seconds
61.220: Total time for which application threads were stopped: 0.0003270 seconds, Stopping threads took: 0.0001890 seconds
61.366: Application time: 0.1461800 seconds
61.366: Total time for which application threads were stopped: 0.0003010 seconds, Stopping threads took: 0.0001710 seconds
61.367: Application time: 0.0009960 seconds
61.367: Total time for which application threads were stopped: 0.0001560 seconds, Stopping threads took: 0.0001170 seconds
61.367: Application time: 0.0000980 seconds
61.368: Total time for which application threads were stopped: 0.0002150 seconds, Stopping threads took: 0.0001750 seconds
61.371: Application time: 0.0036680 seconds
61.371: Total time for which application threads were stopped: 0.0001130 seconds, Stopping threads took: 0.0000740 seconds
61.372: Application time: 0.0007930 seconds
61.372: Total time for which application threads were stopped: 0.0001150 seconds, Stopping threads took: 0.0000770 seconds
61.373: Application time: 0.0008480 seconds
61.373: Total time for which application threads were stopped: 0.0001050 seconds, Stopping threads took: 0.0000640 seconds
61.375: Application time: 0.0017710 seconds
61.375: Total time for which application threads were stopped: 0.0001430 seconds, Stopping threads took: 0.0001000 seconds
61.378: Application time: 0.0027190 seconds
61.378: Total time for which application threads were stopped: 0.0001360 seconds, Stopping threads took: 0.0000940 seconds
61.378: Application time: 0.0003620 seconds
61.379: Total time for which application threads were stopped: 0.0001090 seconds, Stopping threads took: 0.0000650 seconds
61.379: Application time: 0.0006220 seconds
61.379: Total time for which application threads were stopped: 0.0001360 seconds, Stopping threads took: 0.0000920 seconds
61.381: Application time: 0.0017840 seconds
61.381: Total time for which application threads were stopped: 0.0001030 seconds, Stopping threads took: 0.0000660 seconds
61.415: Application time: 0.0341320 seconds
61.416: Total time for which application threads were stopped: 0.0002710 seconds, Stopping threads took: 0.0001270 seconds
61.775: Application time: 0.3592960 seconds
61.775: Total time for which application threads were stopped: 0.0004170 seconds, Stopping threads took: 0.0001780 seconds
61.958: Application time: 0.1830770 seconds
61.959: Total time for which application threads were stopped: 0.0002720 seconds, Stopping threads took: 0.0001180 seconds
62.035: Application time: 0.0758570 seconds
62.035: Total time for which application threads were stopped: 0.0002890 seconds, Stopping threads took: 0.0001270 seconds
62.195: Application time: 0.1598690 seconds
62.195: Total time for which application threads were stopped: 0.0002500 seconds, Stopping threads took: 0.0000860 seconds
62.222: Application time: 0.0272990 seconds
62.223: Total time for which application threads were stopped: 0.0002020 seconds, Stopping threads took: 0.0001160 seconds
62.366: Application time: 0.1434920 seconds
62.367: Total time for which application threads were stopped: 0.0006000 seconds, Stopping threads took: 0.0003580 seconds
62.367: Application time: 0.0000620 seconds
62.367: Total time for which application threads were stopped: 0.0001850 seconds, Stopping threads took: 0.0001380 seconds
62.367: Application time: 0.0001580 seconds
62.367: Total time for which application threads were stopped: 0.0000830 seconds, Stopping threads took: 0.0000410 seconds
62.368: Application time: 0.0007980 seconds
62.368: Total time for which application threads were stopped: 0.0000740 seconds, Stopping threads took: 0.0000400 seconds
62.368: Application time: 0.0004670 seconds
62.369: Total time for which application threads were stopped: 0.0002560 seconds, Stopping threads took: 0.0002110 seconds
62.369: Application time: 0.0007380 seconds
62.370: Total time for which application threads were stopped: 0.0002800 seconds, Stopping threads took: 0.0002390 seconds
62.372: Application time: 0.0024360 seconds
62.373: Total time for which application threads were stopped: 0.0010260 seconds, Stopping threads took: 0.0006240 seconds
62.374: Application time: 0.0004500 seconds
62.374: [GC
Desired survivor size 178782208 bytes, new threshold 7 (max 15)
 [PSYoungGen: 1070415K->96290K(1223680K)] 1070487K->96370K(4020224K), 0.0167330 secs] [Times: user=0.08 sys=0.04, real=0.02 secs] 
62.391: Total time for which application threads were stopped: 0.0174120 seconds, Stopping threads took: 0.0005000 seconds
62.745: Application time: 0.3536930 seconds
62.745: Total time for which application threads were stopped: 0.0003190 seconds, Stopping threads took: 0.0001300 seconds
63.610: Application time: 0.8648610 seconds
63.610: [GC
Desired survivor size 178782208 bytes, new threshold 7 (max 15)
 [PSYoungGen: 1145378K->156673K(1223680K)] 1145458K->156753K(4020224K), 0.0205380 secs] [Times: user=0.05 sys=0.08, real=0.02 secs] 
63.631: Total time for which application threads were stopped: 0.0210110 seconds, Stopping threads took: 0.0000780 seconds
64.631: Application time: 1.0001510 seconds
64.632: Total time for which application threads were stopped: 0.0004020 seconds, Stopping threads took: 0.0000870 seconds
64.786: Application time: 0.1541440 seconds
64.786: [GC
Desired survivor size 178782208 bytes, new threshold 7 (max 15)
 [PSYoungGen: 1205761K->174580K(1223680K)] 1205841K->183214K(4020224K), 0.0197120 secs] [Times: user=0.10 sys=0.05, real=0.02 secs] 
64.806: Total time for which application threads were stopped: 0.0201340 seconds, Stopping threads took: 0.0001030 seconds
65.806: Application time: 1.0001250 seconds
65.806: Total time for which application threads were stopped: 0.0004030 seconds, Stopping threads took: 0.0001440 seconds
65.998: Application time: 0.1914090 seconds
65.998: [GC
Desired survivor size 280494080 bytes, new threshold 6 (max 15)
 [PSYoungGen: 1223668K->174578K(1223680K)] 1232302K->206048K(4020224K), 0.0190600 secs] [Times: user=0.10 sys=0.04, real=0.02 secs] 
66.017: Total time for which application threads were stopped: 0.0194420 seconds, Stopping threads took: 0.0001870 seconds
67.017: Application time: 1.0001410 seconds
67.018: Total time for which application threads were stopped: 0.0003380 seconds, Stopping threads took: 0.0000800 seconds
67.174: Application time: 0.1565780 seconds
67.174: [GC
Desired survivor size 311427072 bytes, new threshold 5 (max 15)
 [PSYoungGen: 1223666K->174576K(964608K)] 1255136K->256365K(3761152K), 0.0218570 secs] [Times: user=0.12 sys=0.05, real=0.03 secs] 
67.196: Total time for which application threads were stopped: 0.0221820 seconds, Stopping threads took: 0.0001320 seconds
68.126: Application time: 0.9290910 seconds
68.126: [GC
Desired survivor size 315621376 bytes, new threshold 4 (max 15)
 [PSYoungGen: 964592K->198183K(988672K)] 1046381K->290989K(3785216K), 0.0238800 secs] [Times: user=0.16 sys=0.00, real=0.02 secs] 
68.150: Total time for which application threads were stopped: 0.0243760 seconds, Stopping threads took: 0.0001200 seconds
69.067: Application time: 0.9167410 seconds
69.067: [GC
Desired survivor size 326107136 bytes, new threshold 3 (max 15)
 [PSYoungGen: 988199K->219002K(1069568K)] 1081005K->332587K(3866112K), 0.0190100 secs] [Times: user=0.14 sys=0.00, real=0.02 secs] 
69.086: Total time for which application threads were stopped: 0.0195650 seconds, Stopping threads took: 0.0001480 seconds
69.951: Application time: 0.8648440 seconds
69.951: [GC
Desired survivor size 315097088 bytes, new threshold 2 (max 15)
 [PSYoungGen: 980346K->177240K(1079808K)] 1093931K->359840K(3876352K), 0.0198260 secs] [Times: user=0.06 sys=0.09, real=0.02 secs] 
69.971: Total time for which application threads were stopped: 0.0202900 seconds, Stopping threads took: 0.0000820 seconds
70.828: Application time: 0.8565000 seconds
70.828: [GC
Desired survivor size 305659904 bytes, new threshold 1 (max 15)
 [PSYoungGen: 938577K->130062K(1099776K)] 1121177K->390407K(3896320K), 0.0177210 secs] [Times: user=0.06 sys=0.08, real=0.02 secs] 
70.849: Total time for which application threads were stopped: 0.0207280 seconds, Stopping threads took: 0.0001830 seconds
70.946: Application time: 0.0971040 seconds
70.946: Total time for which application threads were stopped: 0.0001800 seconds, Stopping threads took: 0.0001220 seconds
71.742: Application time: 0.7963420 seconds
71.743: [GC
Desired survivor size 307232768 bytes, new threshold 1 (max 15)
 [PSYoungGen: 922126K->70873K(1090560K)] 1182471K->412800K(3887104K), 0.0162370 secs] [Times: user=0.05 sys=0.06, real=0.02 secs] 
71.759: Total time for which application threads were stopped: 0.0166690 seconds, Stopping threads took: 0.0000690 seconds
72.657: Application time: 0.8976740 seconds
72.657: [GC
Desired survivor size 304087040 bytes, new threshold 1 (max 15)
 [PSYoungGen: 862937K->81154K(1101312K)] 1204864K->465325K(3897856K), 0.0130170 secs] [Times: user=0.07 sys=0.01, real=0.01 secs] 
72.670: Total time for which application threads were stopped: 0.0136770 seconds, Stopping threads took: 0.0001820 seconds
73.655: Application time: 0.9844800 seconds
73.655: [GC
Desired survivor size 300417024 bytes, new threshold 1 (max 15)
 [PSYoungGen: 882434K->73737K(1098240K)] 1266605K->495124K(3894784K), 0.0112600 secs] [Times: user=0.04 sys=0.03, real=0.02 secs] 
73.667: Total time for which application threads were stopped: 0.0117920 seconds, Stopping threads took: 0.0001610 seconds
74.104: Application time: 0.4373480 seconds
74.104: Total time for which application threads were stopped: 0.0002000 seconds, Stopping threads took: 0.0001320 seconds
74.554: Application time: 0.4496100 seconds
74.554: [GC
Desired survivor size 293601280 bytes, new threshold 1 (max 15)
 [PSYoungGen: 875017K->82854K(1111552K)] 1296404K->542264K(3908096K), 0.0120560 secs] [Times: user=0.07 sys=0.01, real=0.02 secs] 
74.566: Total time for which application threads were stopped: 0.0124290 seconds, Stopping threads took: 0.0001240 seconds
75.536: Application time: 0.9700240 seconds
75.536: [GC
Desired survivor size 286261248 bytes, new threshold 1 (max 15)
 [PSYoungGen: 901030K->84010K(1104896K)] 1360440K->588036K(3901440K), 0.0131220 secs] [Times: user=0.06 sys=0.03, real=0.01 secs] 
75.550: Total time for which application threads were stopped: 0.0134880 seconds, Stopping threads took: 0.0000930 seconds
76.487: Application time: 0.9377370 seconds
76.488: [GC
Desired survivor size 278396928 bytes, new threshold 1 (max 15)
 [PSYoungGen: 902013K->82417K(1126400K)] 1406040K->634671K(3922944K), 0.0127030 secs] [Times: user=0.04 sys=0.05, real=0.01 secs] 
76.501: Total time for which application threads were stopped: 0.0131850 seconds, Stopping threads took: 0.0001260 seconds
77.498: Application time: 0.9969700 seconds
77.498: [GC
Desired survivor size 270008320 bytes, new threshold 1 (max 15)
 [PSYoungGen: 929265K->81850K(1118720K)] 1481519K->684602K(3915264K), 0.0136030 secs] [Times: user=0.04 sys=0.04, real=0.01 secs] 
77.512: Total time for which application threads were stopped: 0.0140410 seconds, Stopping threads took: 0.0001450 seconds
78.478: Application time: 0.9659720 seconds
78.478: [GC
Desired survivor size 261619712 bytes, new threshold 1 (max 15)
 [PSYoungGen: 928698K->80717K(1142784K)] 1531450K->731114K(3939328K), 0.0173970 secs] [Times: user=0.12 sys=0.01, real=0.01 secs] 
78.495: Total time for which application threads were stopped: 0.0177660 seconds, Stopping threads took: 0.0001080 seconds
79.495: Application time: 1.0001420 seconds
79.496: Total time for which application threads were stopped: 0.0002450 seconds, Stopping threads took: 0.0001340 seconds
79.546: Application time: 0.0498820 seconds
79.546: [GC
Desired survivor size 253755392 bytes, new threshold 1 (max 15)
 [PSYoungGen: 959819K->78199K(1134592K)] 1610216K->771167K(3931136K), 0.0121500 secs] [Times: user=0.06 sys=0.02, real=0.01 secs] 
79.558: Total time for which application threads were stopped: 0.0124580 seconds, Stopping threads took: 0.0001040 seconds
80.558: Application time: 1.0001440 seconds
80.559: Total time for which application threads were stopped: 0.0003900 seconds, Stopping threads took: 0.0001370 seconds
80.738: Application time: 0.1794940 seconds
80.738: [GC
Desired survivor size 245366784 bytes, new threshold 1 (max 15)
 [PSYoungGen: 957303K->77594K(1158656K)] 1650271K->812662K(3955200K), 0.0120510 secs] [Times: user=0.05 sys=0.04, real=0.01 secs] 
80.750: Total time for which application threads were stopped: 0.0123520 seconds, Stopping threads took: 0.0000870 seconds
81.804: Application time: 1.0538060 seconds
81.805: [GC
Desired survivor size 237502464 bytes, new threshold 1 (max 15)
 [PSYoungGen: 988442K->76014K(1150464K)] 1723510K->850917K(3947008K), 0.0115570 secs] [Times: user=0.06 sys=0.03, real=0.00 secs] 
81.816: Total time for which application threads were stopped: 0.0119210 seconds, Stopping threads took: 0.0001080 seconds
82.875: Application time: 1.0589720 seconds
82.876: [GC
Desired survivor size 229638144 bytes, new threshold 1 (max 15)
 [PSYoungGen: 986369K->72522K(1174016K)] 1761271K->880858K(3970560K), 0.0111180 secs] [Times: user=0.07 sys=0.01, real=0.02 secs] 
82.887: Total time for which application threads were stopped: 0.0115990 seconds, Stopping threads took: 0.0001040 seconds
83.223: Application time: 0.3367160 seconds
83.224: Total time for which application threads were stopped: 0.0001730 seconds, Stopping threads took: 0.0001020 seconds
84.105: Application time: 0.8816380 seconds
84.106: [GC
Desired survivor size 224395264 bytes, new threshold 1 (max 15)
 [PSYoungGen: 1014289K->61494K(1166336K)] 1822626K->906089K(3962880K), 0.0105120 secs] [Times: user=0.07 sys=0.01, real=0.00 secs] 
84.116: Total time for which application threads were stopped: 0.0109400 seconds, Stopping threads took: 0.0001570 seconds
85.270: Application time: 1.1538790 seconds
85.270: [GC
Desired survivor size 216006656 bytes, new threshold 1 (max 15)
 [PSYoungGen: 1003574K->70936K(1187328K)] 1848169K->941543K(3983872K), 0.0100900 secs] [Times: user=0.06 sys=0.00, real=0.01 secs] 
85.281: Total time for which application threads were stopped: 0.0105110 seconds, Stopping threads took: 0.0001510 seconds
86.511: Application time: 1.2308370 seconds
86.512: [GC
Desired survivor size 211812352 bytes, new threshold 1 (max 15)
 [PSYoungGen: 1039128K->51123K(1179136K)] 1909735K->951389K(3975680K), 0.0097180 secs] [Times: user=0.07 sys=0.00, real=0.01 secs] 
86.522: Total time for which application threads were stopped: 0.0101770 seconds, Stopping threads took: 0.0001020 seconds
87.714: Application time: 1.1926310 seconds
87.715: [GC
Desired survivor size 203948032 bytes, new threshold 1 (max 15)
 [PSYoungGen: 1019315K->68068K(1199104K)] 1919581K->994170K(3995648K), 0.0099540 secs] [Times: user=0.07 sys=0.00, real=0.02 secs] 
87.725: Total time for which application threads were stopped: 0.0103100 seconds, Stopping threads took: 0.0001080 seconds
88.916: Application time: 1.1918150 seconds
88.917: [GC
Desired survivor size 199753728 bytes, new threshold 1 (max 15)
 [PSYoungGen: 1060324K->47464K(1191424K)] 1986426K->1006449K(3987968K), 0.0103480 secs] [Times: user=0.04 sys=0.03, real=0.01 secs] 
88.927: Total time for which application threads were stopped: 0.0107190 seconds, Stopping threads took: 0.0001220 seconds
90.212: Application time: 1.2844330 seconds
90.212: [GC
Desired survivor size 193462272 bytes, new threshold 1 (max 15)
 [PSYoungGen: 1039720K->52384K(1209344K)] 1998705K->1034434K(4005888K), 0.0099940 secs] [Times: user=0.07 sys=0.00, real=0.01 secs] 
90.222: Total time for which application threads were stopped: 0.0103300 seconds, Stopping threads took: 0.0000800 seconds
91.222: Application time: 1.0001620 seconds
91.222: Total time for which application threads were stopped: 0.0002630 seconds, Stopping threads took: 0.0001120 seconds
91.428: Application time: 0.2054340 seconds
91.428: [GC
Desired survivor size 186122240 bytes, new threshold 1 (max 15)
 [PSYoungGen: 1066656K->62098K(1203200K)] 2048706K->1069818K(3999744K), 0.0094980 secs] [Times: user=0.07 sys=0.00, real=0.01 secs] 
91.439: Total time for which application threads were stopped: 0.0108250 seconds, Stopping threads took: 0.0000760 seconds
92.599: Application time: 1.1603780 seconds
92.599: [GC
Desired survivor size 178782208 bytes, new threshold 1 (max 15)
 [PSYoungGen: 1076370K->60410K(1223680K)] 2084090K->1098958K(4020224K), 0.0104760 secs] [Times: user=0.07 sys=0.00, real=0.01 secs] 
92.610: Total time for which application threads were stopped: 0.0108740 seconds, Stopping threads took: 0.0000870 seconds
93.797: Application time: 1.1869040 seconds
93.797: [GC
Desired survivor size 171442176 bytes, new threshold 1 (max 15)
 [PSYoungGen: 1102010K->60856K(1216512K)] 2140557K->1129584K(4013056K), 0.0101670 secs] [Times: user=0.07 sys=0.00, real=0.01 secs] 
93.807: Total time for which application threads were stopped: 0.0105950 seconds, Stopping threads took: 0.0001620 seconds
94.807: Application time: 1.0001570 seconds
94.808: Total time for which application threads were stopped: 0.0003290 seconds, Stopping threads took: 0.0001210 seconds
95.077: Application time: 0.2696170 seconds
95.078: [GC
Desired survivor size 164626432 bytes, new threshold 1 (max 15)
 [PSYoungGen: 1102776K->61438K(1237504K)] 2171504K->1158420K(4034048K), 0.0105260 secs] [Times: user=0.06 sys=0.00, real=0.01 secs] 
95.088: Total time for which application threads were stopped: 0.0108260 seconds, Stopping threads took: 0.0000930 seconds
96.611: Application time: 1.5230890 seconds
96.612: [GC
Desired survivor size 156762112 bytes, new threshold 1 (max 15)
 [PSYoungGen: 1131518K->69131K(1230848K)] 2228500K->1197050K(4027392K), 0.0115250 secs] [Times: user=0.07 sys=0.01, real=0.01 secs] 
96.623: Total time for which application threads were stopped: 0.0118770 seconds, Stopping threads took: 0.0000780 seconds
97.983: Application time: 1.3597060 seconds
97.983: [GC
Desired survivor size 149422080 bytes, new threshold 1 (max 15)
 [PSYoungGen: 1139211K->68297K(1252352K)] 2267130K->1226094K(4048896K), 0.0108490 secs] [Times: user=0.08 sys=0.00, real=0.01 secs] 
97.994: Total time for which application threads were stopped: 0.0111890 seconds, Stopping threads took: 0.0000760 seconds
98.994: Application time: 1.0001390 seconds
98.995: Total time for which application threads were stopped: 0.0002340 seconds, Stopping threads took: 0.0001100 seconds
99.324: Application time: 0.3291620 seconds
99.324: [GC
Desired survivor size 143654912 bytes, new threshold 1 (max 15)
 [PSYoungGen: 1167561K->62996K(1245184K)] 2325358K->1251941K(4041728K), 0.0117590 secs] [Times: user=0.06 sys=0.02, real=0.01 secs] 
99.336: Total time for which application threads were stopped: 0.0120230 seconds, Stopping threads took: 0.0000610 seconds
100.785: Application time: 1.4489880 seconds
100.785: [GC
Desired survivor size 139460608 bytes, new threshold 1 (max 15)
 [PSYoungGen: 1162260K->56821K(1262080K)] 2351205K->1276031K(4058624K), 0.0106440 secs] [Times: user=0.07 sys=0.00, real=0.00 secs] 
100.796: Total time for which application threads were stopped: 0.0110380 seconds, Stopping threads took: 0.0001300 seconds
101.796: Application time: 1.0001910 seconds
101.796: Total time for which application threads were stopped: 0.0002450 seconds, Stopping threads took: 0.0001250 seconds
102.113: Application time: 0.3172130 seconds
102.114: [GC
Desired survivor size 134742016 bytes, new threshold 1 (max 15)
 [PSYoungGen: 1178613K->59511K(1257984K)] 2397823K->1307515K(4054528K), 0.0116590 secs] [Times: user=0.08 sys=0.00, real=0.02 secs] 
102.126: Total time for which application threads were stopped: 0.0122110 seconds, Stopping threads took: 0.0001710 seconds
102.126: Application time: 0.0003020 seconds
102.126: Total time for which application threads were stopped: 0.0002290 seconds, Stopping threads took: 0.0001480 seconds
102.552: Application time: 0.4260170 seconds
102.553: Total time for which application threads were stopped: 0.0004470 seconds, Stopping threads took: 0.0002010 seconds
102.626: Application time: 0.0738700 seconds
102.627: Total time for which application threads were stopped: 0.0002350 seconds, Stopping threads took: 0.0001380 seconds
103.269: Application time: 0.6419920 seconds
103.269: [GC
Desired survivor size 132644864 bytes, new threshold 1 (max 15)
 [PSYoungGen: 1181303K->44108K(1268736K)] 2429307K->1320753K(4065280K), 0.0099780 secs] [Times: user=0.06 sys=0.02, real=0.01 secs] 
103.279: Total time for which application threads were stopped: 0.0105830 seconds, Stopping threads took: 0.0001470 seconds
103.504: Application time: 0.2249960 seconds
103.505: Total time for which application threads were stopped: 0.0002580 seconds, Stopping threads took: 0.0000660 seconds
104.505: Application time: 1.0001650 seconds
104.505: Total time for which application threads were stopped: 0.0003500 seconds, Stopping threads took: 0.0000700 seconds
104.615: Application time: 0.1099900 seconds
104.615: [GC
Desired survivor size 128450560 bytes, new threshold 1 (max 15)
 [PSYoungGen: 1181260K->53348K(1266688K)] 2457905K->1348697K(4063232K), 0.0100360 secs] [Times: user=0.07 sys=0.00, real=0.02 secs] 
