OpenJDK 64-Bit Server VM (24.121-b00) for linux-amd64 JRE (1.7.0_121-b00), built on Nov 18 2016 00:22:36 by "mockbuild" with gcc 4.8.3 20140911 (Red Hat 4.8.3-9)
Memory: 4k page, physical 15404000k(14634908k free), swap 0k(0k free)
CommandLine flags: -XX:+HeapDumpOnOutOfMemoryError -XX:HeapDumpPath=HzMember2D.hprof -XX:InitialHeapSize=4294967296 -XX:MaxHeapSize=4294967296 -XX:OnOutOfMemoryError= date >> HzMember2D.oome -XX:+PrintGC -XX:+PrintGCApplicationConcurrentTime -XX:+PrintGCApplicationStoppedTime -XX:+PrintGCDetails -XX:+PrintGCTimeStamps -XX:+PrintTenuringDistribution -XX:+UseCompressedOops -XX:+UseParallelGC 
0.212: Application time: 0.1715060 seconds
0.213: Total time for which application threads were stopped: 0.0000680 seconds, Stopping threads took: 0.0000260 seconds
4.052: Application time: 3.8391030 seconds
4.052: Total time for which application threads were stopped: 0.0002350 seconds, Stopping threads took: 0.0000490 seconds
14.053: Application time: 10.0013770 seconds
14.053: Total time for which application threads were stopped: 0.0001330 seconds, Stopping threads took: 0.0000410 seconds
14.384: Application time: 0.3305840 seconds
14.384: Total time for which application threads were stopped: 0.0001280 seconds, Stopping threads took: 0.0000640 seconds
14.396: Application time: 0.0114960 seconds
14.396: Total time for which application threads were stopped: 0.0000940 seconds, Stopping threads took: 0.0000610 seconds
14.397: Application time: 0.0010680 seconds
14.397: Total time for which application threads were stopped: 0.0001630 seconds, Stopping threads took: 0.0001300 seconds
14.397: Application time: 0.0000940 seconds
14.397: Total time for which application threads were stopped: 0.0001590 seconds, Stopping threads took: 0.0001340 seconds
14.397: Application time: 0.0000660 seconds
14.397: Total time for which application threads were stopped: 0.0000890 seconds, Stopping threads took: 0.0000610 seconds
14.398: Application time: 0.0003710 seconds
14.398: Total time for which application threads were stopped: 0.0001520 seconds, Stopping threads took: 0.0001150 seconds
14.399: Application time: 0.0011690 seconds
14.399: Total time for which application threads were stopped: 0.0001460 seconds, Stopping threads took: 0.0001120 seconds
14.399: Application time: 0.0002580 seconds
14.400: Total time for which application threads were stopped: 0.0001020 seconds, Stopping threads took: 0.0000770 seconds
14.400: Application time: 0.0004450 seconds
14.400: Total time for which application threads were stopped: 0.0001170 seconds, Stopping threads took: 0.0000890 seconds
14.401: Application time: 0.0009620 seconds
14.401: Total time for which application threads were stopped: 0.0001600 seconds, Stopping threads took: 0.0001240 seconds
14.403: Application time: 0.0015930 seconds
14.403: Total time for which application threads were stopped: 0.0001760 seconds, Stopping threads took: 0.0000660 seconds
14.405: Application time: 0.0021210 seconds
14.405: Total time for which application threads were stopped: 0.0000960 seconds, Stopping threads took: 0.0000700 seconds
14.406: Application time: 0.0009620 seconds
14.406: Total time for which application threads were stopped: 0.0000960 seconds, Stopping threads took: 0.0000690 seconds
14.409: Application time: 0.0023160 seconds
14.409: Total time for which application threads were stopped: 0.0001530 seconds, Stopping threads took: 0.0001260 seconds
14.412: Application time: 0.0031540 seconds
14.412: Total time for which application threads were stopped: 0.0001270 seconds, Stopping threads took: 0.0001000 seconds
14.414: Application time: 0.0015070 seconds
14.414: Total time for which application threads were stopped: 0.0000960 seconds, Stopping threads took: 0.0000680 seconds
14.414: Application time: 0.0000470 seconds
14.414: Total time for which application threads were stopped: 0.0000680 seconds, Stopping threads took: 0.0000440 seconds
14.414: Application time: 0.0000400 seconds
14.414: Total time for which application threads were stopped: 0.0000780 seconds, Stopping threads took: 0.0000560 seconds
14.414: Application time: 0.0000430 seconds
14.414: Total time for which application threads were stopped: 0.0000730 seconds, Stopping threads took: 0.0000490 seconds
14.415: Application time: 0.0004960 seconds
14.415: Total time for which application threads were stopped: 0.0000410 seconds, Stopping threads took: 0.0000210 seconds
14.415: Application time: 0.0005200 seconds
14.415: Total time for which application threads were stopped: 0.0001040 seconds, Stopping threads took: 0.0000730 seconds
14.415: Application time: 0.0000520 seconds
14.415: Total time for which application threads were stopped: 0.0000820 seconds, Stopping threads took: 0.0000510 seconds
14.416: Application time: 0.0010800 seconds
14.417: Total time for which application threads were stopped: 0.0000930 seconds, Stopping threads took: 0.0000670 seconds
14.417: Application time: 0.0000460 seconds
14.417: Total time for which application threads were stopped: 0.0001120 seconds, Stopping threads took: 0.0000880 seconds
14.417: Application time: 0.0000670 seconds
14.417: Total time for which application threads were stopped: 0.0001120 seconds, Stopping threads took: 0.0000840 seconds
14.417: Application time: 0.0001160 seconds
14.417: Total time for which application threads were stopped: 0.0000910 seconds, Stopping threads took: 0.0000620 seconds
14.418: Application time: 0.0005390 seconds
14.418: Total time for which application threads were stopped: 0.0001470 seconds, Stopping threads took: 0.0001160 seconds
14.419: Application time: 0.0009630 seconds
14.419: Total time for which application threads were stopped: 0.0001360 seconds, Stopping threads took: 0.0001060 seconds
14.419: Application time: 0.0004640 seconds
14.419: Total time for which application threads were stopped: 0.0001480 seconds, Stopping threads took: 0.0001210 seconds
14.420: Application time: 0.0001380 seconds
14.420: Total time for which application threads were stopped: 0.0001120 seconds, Stopping threads took: 0.0000800 seconds
14.420: Application time: 0.0000810 seconds
14.420: Total time for which application threads were stopped: 0.0000920 seconds, Stopping threads took: 0.0000660 seconds
14.421: Application time: 0.0008380 seconds
14.421: Total time for which application threads were stopped: 0.0000950 seconds, Stopping threads took: 0.0000740 seconds
14.425: Application time: 0.0041210 seconds
14.425: Total time for which application threads were stopped: 0.0001100 seconds, Stopping threads took: 0.0000820 seconds
14.425: Application time: 0.0000500 seconds
14.425: Total time for which application threads were stopped: 0.0001070 seconds, Stopping threads took: 0.0000820 seconds
14.425: Application time: 0.0002310 seconds
14.426: Total time for which application threads were stopped: 0.0001970 seconds, Stopping threads took: 0.0001700 seconds
14.426: Application time: 0.0004840 seconds
14.426: Total time for which application threads were stopped: 0.0002530 seconds, Stopping threads took: 0.0001260 seconds
14.436: Application time: 0.0094740 seconds
14.436: Total time for which application threads were stopped: 0.0001160 seconds, Stopping threads took: 0.0000810 seconds
14.436: Application time: 0.0001290 seconds
14.436: Total time for which application threads were stopped: 0.0001590 seconds, Stopping threads took: 0.0001240 seconds
14.441: Application time: 0.0050970 seconds
14.442: Total time for which application threads were stopped: 0.0001310 seconds, Stopping threads took: 0.0000960 seconds
14.499: Application time: 0.0572330 seconds
14.499: Total time for which application threads were stopped: 0.0002040 seconds, Stopping threads took: 0.0000670 seconds
14.511: Application time: 0.0117090 seconds
14.511: [GC
Desired survivor size 178782208 bytes, new threshold 7 (max 15)
 [PSYoungGen: 1049088K->20023K(1223680K)] 1049088K->20095K(4020224K), 0.0183570 secs] [Times: user=0.07 sys=0.01, real=0.02 secs] 
14.529: Total time for which application threads were stopped: 0.0186160 seconds, Stopping threads took: 0.0000890 seconds
14.529: Application time: 0.0001630 seconds
14.530: Total time for which application threads were stopped: 0.0001290 seconds, Stopping threads took: 0.0000850 seconds
14.530: Application time: 0.0000610 seconds
14.530: Total time for which application threads were stopped: 0.0000910 seconds, Stopping threads took: 0.0000630 seconds
14.530: Application time: 0.0000380 seconds
14.530: Total time for which application threads were stopped: 0.0001280 seconds, Stopping threads took: 0.0000960 seconds
14.530: Application time: 0.0000370 seconds
14.530: Total time for which application threads were stopped: 0.0000960 seconds, Stopping threads took: 0.0000670 seconds
14.530: Application time: 0.0000360 seconds
14.530: Total time for which application threads were stopped: 0.0001020 seconds, Stopping threads took: 0.0000740 seconds
14.530: Application time: 0.0000680 seconds
14.530: Total time for which application threads were stopped: 0.0001380 seconds, Stopping threads took: 0.0001050 seconds
14.530: Application time: 0.0000420 seconds
14.531: Total time for which application threads were stopped: 0.0001250 seconds, Stopping threads took: 0.0000940 seconds
14.531: Application time: 0.0000550 seconds
14.531: Total time for which application threads were stopped: 0.0000910 seconds, Stopping threads took: 0.0000660 seconds
14.531: Application time: 0.0000630 seconds
14.531: Total time for which application threads were stopped: 0.0000960 seconds, Stopping threads took: 0.0000670 seconds
14.531: Application time: 0.0000800 seconds
14.531: Total time for which application threads were stopped: 0.0001500 seconds, Stopping threads took: 0.0001170 seconds
14.531: Application time: 0.0000310 seconds
14.531: Total time for which application threads were stopped: 0.0000800 seconds, Stopping threads took: 0.0000540 seconds
14.531: Application time: 0.0000740 seconds
14.531: Total time for which application threads were stopped: 0.0001120 seconds, Stopping threads took: 0.0000870 seconds
14.531: Application time: 0.0000360 seconds
14.532: Total time for which application threads were stopped: 0.0000910 seconds, Stopping threads took: 0.0000620 seconds
14.532: Application time: 0.0000510 seconds
14.532: Total time for which application threads were stopped: 0.0001000 seconds, Stopping threads took: 0.0000710 seconds
14.532: Application time: 0.0000680 seconds
14.532: Total time for which application threads were stopped: 0.0001260 seconds, Stopping threads took: 0.0000940 seconds
14.532: Application time: 0.0000330 seconds
14.532: Total time for which application threads were stopped: 0.0000850 seconds, Stopping threads took: 0.0000580 seconds
14.532: Application time: 0.0000550 seconds
14.532: Total time for which application threads were stopped: 0.0001010 seconds, Stopping threads took: 0.0000700 seconds
14.532: Application time: 0.0000340 seconds
14.532: Total time for which application threads were stopped: 0.0001170 seconds, Stopping threads took: 0.0000860 seconds
14.532: Application time: 0.0000450 seconds
14.533: Total time for which application threads were stopped: 0.0001140 seconds, Stopping threads took: 0.0000830 seconds
14.533: Application time: 0.0000410 seconds
14.533: Total time for which application threads were stopped: 0.0003230 seconds, Stopping threads took: 0.0000980 seconds
14.533: Application time: 0.0000390 seconds
14.533: Total time for which application threads were stopped: 0.0000960 seconds, Stopping threads took: 0.0000660 seconds
14.533: Application time: 0.0000400 seconds
14.533: Total time for which application threads were stopped: 0.0001060 seconds, Stopping threads took: 0.0000750 seconds
14.533: Application time: 0.0000400 seconds
14.533: Total time for which application threads were stopped: 0.0001110 seconds, Stopping threads took: 0.0000800 seconds
14.533: Application time: 0.0000360 seconds
14.533: Total time for which application threads were stopped: 0.0001400 seconds, Stopping threads took: 0.0001080 seconds
14.534: Application time: 0.0000390 seconds
14.534: Total time for which application threads were stopped: 0.0001130 seconds, Stopping threads took: 0.0000830 seconds
14.534: Application time: 0.0000380 seconds
14.534: Total time for which application threads were stopped: 0.0001230 seconds, Stopping threads took: 0.0000890 seconds
14.534: Application time: 0.0000610 seconds
14.534: Total time for which application threads were stopped: 0.0000750 seconds, Stopping threads took: 0.0000500 seconds
14.534: Application time: 0.0000540 seconds
14.534: Total time for which application threads were stopped: 0.0000980 seconds, Stopping threads took: 0.0000680 seconds
14.534: Application time: 0.0000350 seconds
14.534: Total time for which application threads were stopped: 0.0001270 seconds, Stopping threads took: 0.0000970 seconds
14.534: Application time: 0.0000350 seconds
14.534: Total time for which application threads were stopped: 0.0001040 seconds, Stopping threads took: 0.0000760 seconds
14.534: Application time: 0.0000340 seconds
14.535: Total time for which application threads were stopped: 0.0001130 seconds, Stopping threads took: 0.0000830 seconds
14.535: Application time: 0.0000360 seconds
14.535: Total time for which application threads were stopped: 0.0001020 seconds, Stopping threads took: 0.0000740 seconds
14.535: Application time: 0.0000640 seconds
14.535: Total time for which application threads were stopped: 0.0001240 seconds, Stopping threads took: 0.0000980 seconds
14.535: Application time: 0.0000360 seconds
14.535: Total time for which application threads were stopped: 0.0001010 seconds, Stopping threads took: 0.0000700 seconds
14.535: Application time: 0.0000600 seconds
14.535: Total time for which application threads were stopped: 0.0001480 seconds, Stopping threads took: 0.0001030 seconds
14.535: Application time: 0.0000350 seconds
14.535: Total time for which application threads were stopped: 0.0000880 seconds, Stopping threads took: 0.0000620 seconds
14.535: Application time: 0.0000620 seconds
14.536: Total time for which application threads were stopped: 0.0000720 seconds, Stopping threads took: 0.0000480 seconds
14.536: Application time: 0.0000540 seconds
14.536: Total time for which application threads were stopped: 0.0000970 seconds, Stopping threads took: 0.0000670 seconds
14.536: Application time: 0.0000350 seconds
14.536: Total time for which application threads were stopped: 0.0000910 seconds, Stopping threads took: 0.0000610 seconds
14.536: Application time: 0.0000360 seconds
14.536: Total time for which application threads were stopped: 0.0002120 seconds, Stopping threads took: 0.0000730 seconds
14.542: Application time: 0.0062750 seconds
14.542: Total time for which application threads were stopped: 0.0001250 seconds, Stopping threads took: 0.0000870 seconds
14.545: Application time: 0.0024820 seconds
14.545: Total time for which application threads were stopped: 0.0001740 seconds, Stopping threads took: 0.0001340 seconds
14.549: Application time: 0.0042640 seconds
14.550: Total time for which application threads were stopped: 0.0001470 seconds, Stopping threads took: 0.0001100 seconds
14.555: Application time: 0.0054960 seconds
14.555: Total time for which application threads were stopped: 0.0001090 seconds, Stopping threads took: 0.0000330 seconds
14.556: Application time: 0.0013010 seconds
14.556: Total time for which application threads were stopped: 0.0000480 seconds, Stopping threads took: 0.0000230 seconds
15.557: Application time: 1.0001650 seconds
15.557: Total time for which application threads were stopped: 0.0001870 seconds, Stopping threads took: 0.0000430 seconds
19.545: Application time: 3.9879840 seconds
19.545: Total time for which application threads were stopped: 0.0001460 seconds, Stopping threads took: 0.0000470 seconds
19.676: Application time: 0.1310010 seconds
19.676: Total time for which application threads were stopped: 0.0000860 seconds, Stopping threads took: 0.0000590 seconds
20.466: Application time: 0.7902000 seconds
20.466: Total time for which application threads were stopped: 0.0001430 seconds, Stopping threads took: 0.0000420 seconds
25.480: Application time: 5.0138340 seconds
25.480: Total time for which application threads were stopped: 0.0001390 seconds, Stopping threads took: 0.0000520 seconds
25.481: Application time: 0.0006510 seconds
25.481: Total time for which application threads were stopped: 0.0000480 seconds, Stopping threads took: 0.0000270 seconds
25.574: Application time: 0.0930930 seconds
25.574: Total time for which application threads were stopped: 0.0001480 seconds, Stopping threads took: 0.0001080 seconds
25.586: Application time: 0.0115570 seconds
25.586: Total time for which application threads were stopped: 0.0001010 seconds, Stopping threads took: 0.0000610 seconds
26.586: Application time: 1.0000910 seconds
26.586: Total time for which application threads were stopped: 0.0002490 seconds, Stopping threads took: 0.0000880 seconds
29.307: Application time: 2.7210310 seconds
29.308: Total time for which application threads were stopped: 0.0002260 seconds, Stopping threads took: 0.0000500 seconds
29.382: Application time: 0.0747640 seconds
29.382: Total time for which application threads were stopped: 0.0000540 seconds, Stopping threads took: 0.0000330 seconds
29.385: Application time: 0.0023270 seconds
29.385: Total time for which application threads were stopped: 0.0000800 seconds, Stopping threads took: 0.0000530 seconds
31.691: Application time: 2.3062480 seconds
31.691: Total time for which application threads were stopped: 0.0002220 seconds, Stopping threads took: 0.0001110 seconds
31.691: Application time: 0.0000360 seconds
31.691: Total time for which application threads were stopped: 0.0000540 seconds, Stopping threads took: 0.0000340 seconds
31.691: Application time: 0.0000350 seconds
31.692: Total time for which application threads were stopped: 0.0000750 seconds, Stopping threads took: 0.0000490 seconds
31.700: Application time: 0.0081430 seconds
31.700: Total time for which application threads were stopped: 0.0000750 seconds, Stopping threads took: 0.0000500 seconds
31.700: Application time: 0.0003770 seconds
31.700: Total time for which application threads were stopped: 0.0000970 seconds, Stopping threads took: 0.0000600 seconds
31.955: Application time: 0.2545040 seconds
31.955: Total time for which application threads were stopped: 0.0001100 seconds, Stopping threads took: 0.0000620 seconds
39.956: Application time: 8.0010240 seconds
39.956: Total time for which application threads were stopped: 0.0001310 seconds, Stopping threads took: 0.0000500 seconds
40.656: Application time: 0.7003850 seconds
40.657: Total time for which application threads were stopped: 0.0001620 seconds, Stopping threads took: 0.0000570 seconds
40.685: Application time: 0.0287540 seconds
40.685: Total time for which application threads were stopped: 0.0001390 seconds, Stopping threads took: 0.0000980 seconds
40.694: Application time: 0.0082660 seconds
40.694: Total time for which application threads were stopped: 0.0001190 seconds, Stopping threads took: 0.0000860 seconds
40.713: Application time: 0.0192320 seconds
40.713: Total time for which application threads were stopped: 0.0000760 seconds, Stopping threads took: 0.0000470 seconds
40.716: Application time: 0.0024510 seconds
40.716: Total time for which application threads were stopped: 0.0007850 seconds, Stopping threads took: 0.0007440 seconds
40.729: Application time: 0.0128510 seconds
40.729: Total time for which application threads were stopped: 0.0001050 seconds, Stopping threads took: 0.0000670 seconds
40.779: Application time: 0.0492860 seconds
40.779: Total time for which application threads were stopped: 0.0003930 seconds, Stopping threads took: 0.0001130 seconds
40.806: Application time: 0.0265890 seconds
40.806: Total time for which application threads were stopped: 0.0002900 seconds, Stopping threads took: 0.0000720 seconds
40.899: Application time: 0.0926500 seconds
40.899: Total time for which application threads were stopped: 0.0002520 seconds, Stopping threads took: 0.0001060 seconds
41.039: Application time: 0.1402080 seconds
41.039: Total time for which application threads were stopped: 0.0002200 seconds, Stopping threads took: 0.0000670 seconds
41.366: Application time: 0.3271790 seconds
41.367: Total time for which application threads were stopped: 0.0003640 seconds, Stopping threads took: 0.0001450 seconds
41.682: Application time: 0.3150880 seconds
41.682: Total time for which application threads were stopped: 0.0002950 seconds, Stopping threads took: 0.0001480 seconds
41.693: Application time: 0.0109050 seconds
41.693: Total time for which application threads were stopped: 0.0002130 seconds, Stopping threads took: 0.0001620 seconds
41.694: Application time: 0.0002020 seconds
41.694: Total time for which application threads were stopped: 0.0001640 seconds, Stopping threads took: 0.0001220 seconds
41.696: Application time: 0.0027590 seconds
41.697: Total time for which application threads were stopped: 0.0002150 seconds, Stopping threads took: 0.0001730 seconds
41.698: Application time: 0.0010140 seconds
41.698: Total time for which application threads were stopped: 0.0002390 seconds, Stopping threads took: 0.0001880 seconds
41.708: Application time: 0.0104900 seconds
41.709: Total time for which application threads were stopped: 0.0002080 seconds, Stopping threads took: 0.0001510 seconds
41.710: Application time: 0.0015510 seconds
41.710: Total time for which application threads were stopped: 0.0001360 seconds, Stopping threads took: 0.0001000 seconds
41.712: Application time: 0.0016090 seconds
41.712: Total time for which application threads were stopped: 0.0001620 seconds, Stopping threads took: 0.0001150 seconds
41.713: Application time: 0.0008250 seconds
41.713: Total time for which application threads were stopped: 0.0001440 seconds, Stopping threads took: 0.0001110 seconds
41.714: Application time: 0.0008170 seconds
41.714: Total time for which application threads were stopped: 0.0001110 seconds, Stopping threads took: 0.0000730 seconds
41.715: Application time: 0.0012190 seconds
41.715: Total time for which application threads were stopped: 0.0001010 seconds, Stopping threads took: 0.0000690 seconds
41.720: Application time: 0.0042110 seconds
41.720: Total time for which application threads were stopped: 0.0001160 seconds, Stopping threads took: 0.0000770 seconds
41.761: Application time: 0.0410500 seconds
41.761: Total time for which application threads were stopped: 0.0002740 seconds, Stopping threads took: 0.0001190 seconds
42.144: Application time: 0.3828840 seconds
42.144: Total time for which application threads were stopped: 0.0004460 seconds, Stopping threads took: 0.0002190 seconds
42.615: Application time: 0.4703020 seconds
42.615: [GC
Desired survivor size 178782208 bytes, new threshold 7 (max 15)
 [PSYoungGen: 1069111K->91293K(1223680K)] 1069183K->91373K(4020224K), 0.0152570 secs] [Times: user=0.03 sys=0.07, real=0.01 secs] 
42.630: Total time for which application threads were stopped: 0.0157420 seconds, Stopping threads took: 0.0001500 seconds
42.694: Application time: 0.0632200 seconds
42.694: Total time for which application threads were stopped: 0.0003370 seconds, Stopping threads took: 0.0001340 seconds
42.694: Application time: 0.0000680 seconds
42.694: Total time for which application threads were stopped: 0.0000720 seconds, Stopping threads took: 0.0000430 seconds
42.694: Application time: 0.0000640 seconds
42.694: Total time for which application threads were stopped: 0.0000920 seconds, Stopping threads took: 0.0000600 seconds
42.695: Application time: 0.0004630 seconds
42.695: Total time for which application threads were stopped: 0.0001040 seconds, Stopping threads took: 0.0000650 seconds
42.697: Application time: 0.0021850 seconds
42.697: Total time for which application threads were stopped: 0.0002130 seconds, Stopping threads took: 0.0001650 seconds
42.697: Application time: 0.0001220 seconds
42.697: Total time for which application threads were stopped: 0.0001380 seconds, Stopping threads took: 0.0000960 seconds
42.705: Application time: 0.0071380 seconds
42.705: Total time for which application threads were stopped: 0.0002230 seconds, Stopping threads took: 0.0001550 seconds
42.825: Application time: 0.1206470 seconds
42.826: Total time for which application threads were stopped: 0.0005720 seconds, Stopping threads took: 0.0001420 seconds
43.809: Application time: 0.9829400 seconds
43.809: [GC
Desired survivor size 178782208 bytes, new threshold 7 (max 15)
 [PSYoungGen: 1140381K->153405K(1223680K)] 1140461K->153493K(4020224K), 0.0199090 secs] [Times: user=0.04 sys=0.10, real=0.02 secs] 
43.829: Total time for which application threads were stopped: 0.0205070 seconds, Stopping threads took: 0.0001680 seconds
44.830: Application time: 1.0001540 seconds
44.830: Total time for which application threads were stopped: 0.0004450 seconds, Stopping threads took: 0.0002300 seconds
45.010: Application time: 0.1802810 seconds
45.011: [GC
Desired survivor size 178782208 bytes, new threshold 7 (max 15)
 [PSYoungGen: 1202493K->174589K(1223680K)] 1202581K->179206K(4020224K), 0.0201420 secs] [Times: user=0.09 sys=0.06, real=0.02 secs] 
45.031: Total time for which application threads were stopped: 0.0206440 seconds, Stopping threads took: 0.0001780 seconds
46.031: Application time: 1.0001010 seconds
46.031: Total time for which application threads were stopped: 0.0002940 seconds, Stopping threads took: 0.0000680 seconds
46.253: Application time: 0.2216330 seconds
46.253: [GC
Desired survivor size 284688384 bytes, new threshold 6 (max 15)
 [PSYoungGen: 1223677K->174588K(1223680K)] 1228294K->211956K(4020224K), 0.0209460 secs] [Times: user=0.12 sys=0.03, real=0.02 secs] 
46.274: Total time for which application threads were stopped: 0.0213210 seconds, Stopping threads took: 0.0000610 seconds
47.275: Application time: 1.0001520 seconds
47.275: Total time for which application threads were stopped: 0.0003830 seconds, Stopping threads took: 0.0001540 seconds
47.438: Application time: 0.1631040 seconds
47.438: [GC
Desired survivor size 310902784 bytes, new threshold 5 (max 15)
 [PSYoungGen: 1223676K->174590K(965632K)] 1261044K->255056K(3762176K), 0.0213690 secs] [Times: user=0.12 sys=0.04, real=0.02 secs] 
47.460: Total time for which application threads were stopped: 0.0216690 seconds, Stopping threads took: 0.0000970 seconds
48.328: Application time: 0.8685590 seconds
48.329: [GC
Desired survivor size 320339968 bytes, new threshold 4 (max 15)
 [PSYoungGen: 965630K->206931K(998400K)] 1046096K->298491K(3794944K), 0.0196620 secs] [Times: user=0.14 sys=0.00, real=0.02 secs] 
48.348: Total time for which application threads were stopped: 0.0201170 seconds, Stopping threads took: 0.0000680 seconds
49.190: Application time: 0.8412950 seconds
49.190: [GC
Desired survivor size 329252864 bytes, new threshold 3 (max 15)
 [PSYoungGen: 997971K->216461K(1068032K)] 1089531K->328646K(3864576K), 0.0181220 secs] [Times: user=0.12 sys=0.00, real=0.02 secs] 
49.208: Total time for which application threads were stopped: 0.0186390 seconds, Stopping threads took: 0.0001280 seconds
50.036: Application time: 0.8272930 seconds
50.036: [GC
Desired survivor size 321912832 bytes, new threshold 2 (max 15)
 [PSYoungGen: 971661K->186656K(1076736K)] 1083846K->363292K(3873280K), 0.0198630 secs] [Times: user=0.10 sys=0.05, real=0.02 secs] 
50.056: Total time for which application threads were stopped: 0.0202310 seconds, Stopping threads took: 0.0000870 seconds
50.862: Application time: 0.8062770 seconds
50.863: [GC
Desired survivor size 311951360 bytes, new threshold 1 (max 15)
 [PSYoungGen: 941856K->131412K(1093632K)] 1118492K->394133K(3890176K), 0.0198730 secs] [Times: user=0.08 sys=0.06, real=0.02 secs] 
50.883: Total time for which application threads were stopped: 0.0203870 seconds, Stopping threads took: 0.0001320 seconds
51.733: Application time: 0.8503530 seconds
51.733: [GC
Desired survivor size 310902784 bytes, new threshold 1 (max 15)
 [PSYoungGen: 910676K->81342K(1083904K)] 1173397K->435565K(3880448K), 0.0175850 secs] [Times: user=0.09 sys=0.04, real=0.01 secs] 
51.751: Total time for which application threads were stopped: 0.0180820 seconds, Stopping threads took: 0.0001120 seconds
52.626: Application time: 0.8747740 seconds
52.626: [GC
Desired survivor size 309329920 bytes, new threshold 1 (max 15)
 [PSYoungGen: 860606K->74464K(1096192K)] 1214829K->479758K(3892736K), 0.0127460 secs] [Times: user=0.05 sys=0.04, real=0.01 secs] 
52.639: Total time for which application threads were stopped: 0.0131860 seconds, Stopping threads took: 0.0001500 seconds
53.502: Application time: 0.8629650 seconds
53.502: [GC
Desired survivor size 303562752 bytes, new threshold 1 (max 15)
 [PSYoungGen: 867040K->83492K(1094656K)] 1272334K->533760K(3891200K), 0.0129260 secs] [Times: user=0.08 sys=0.02, real=0.01 secs] 
53.515: Total time for which application threads were stopped: 0.0134300 seconds, Stopping threads took: 0.0000990 seconds
54.305: Application time: 0.7898560 seconds
54.305: [GC
Desired survivor size 297271296 bytes, new threshold 1 (max 15)
 [PSYoungGen: 876068K->81793K(1107968K)] 1326336K->581858K(3904512K), 0.0128980 secs] [Times: user=0.06 sys=0.03, real=0.01 secs] 
54.318: Total time for which application threads were stopped: 0.0132730 seconds, Stopping threads took: 0.0001060 seconds
54.414: Application time: 0.0950720 seconds
54.414: Total time for which application threads were stopped: 0.0002190 seconds, Stopping threads took: 0.0001480 seconds
55.205: Application time: 0.7910720 seconds
55.205: [GC
Desired survivor size 289931264 bytes, new threshold 1 (max 15)
 [PSYoungGen: 893313K->83302K(1101824K)] 1393378K->625764K(3898368K), 0.0123040 secs] [Times: user=0.04 sys=0.06, real=0.01 secs] 
55.218: Total time for which application threads were stopped: 0.0128530 seconds, Stopping threads took: 0.0001400 seconds
56.218: Application time: 1.0001530 seconds
56.218: Total time for which application threads were stopped: 0.0002370 seconds, Stopping threads took: 0.0001150 seconds
56.220: Application time: 0.0020440 seconds
56.220: [GC
Desired survivor size 281018368 bytes, new threshold 1 (max 15)
 [PSYoungGen: 894822K->86332K(1123840K)] 1437284K->675118K(3920384K), 0.0156270 secs] [Times: user=0.10 sys=0.00, real=0.02 secs] 
56.236: Total time for which application threads were stopped: 0.0158620 seconds, Stopping threads took: 0.0000350 seconds
57.135: Application time: 0.8990820 seconds
57.135: [GC
Desired survivor size 275251200 bytes, new threshold 1 (max 15)
 [PSYoungGen: 927036K->70414K(1115136K)] 1515822K->714759K(3911680K), 0.0130890 secs] [Times: user=0.07 sys=0.03, real=0.01 secs] 
57.149: Total time for which application threads were stopped: 0.0134360 seconds, Stopping threads took: 0.0000910 seconds
58.033: Application time: 0.8842150 seconds
58.033: [GC
Desired survivor size 266862592 bytes, new threshold 1 (max 15)
 [PSYoungGen: 911118K->75843K(1137664K)] 1555463K->760316K(3934208K), 0.0116450 secs] [Times: user=0.06 sys=0.02, real=0.01 secs] 
58.045: Total time for which application threads were stopped: 0.0120990 seconds, Stopping threads took: 0.0000630 seconds
58.789: Application time: 0.7445610 seconds
58.790: Total time for which application threads were stopped: 0.0002110 seconds, Stopping threads took: 0.0000740 seconds
59.006: Application time: 0.2164330 seconds
59.006: [GC
Desired survivor size 260571136 bytes, new threshold 1 (max 15)
 [PSYoungGen: 944707K->64987K(1129472K)] 1629180K->782702K(3926016K), 0.0099970 secs] [Times: user=0.08 sys=0.00, real=0.01 secs] 
59.016: Total time for which application threads were stopped: 0.0103410 seconds, Stopping threads took: 0.0001400 seconds
59.942: Application time: 0.9259000 seconds
59.943: [GC
Desired survivor size 255852544 bytes, new threshold 1 (max 15)
 [PSYoungGen: 933850K->52682K(1148416K)] 1651566K->803964K(3944960K), 0.0095150 secs] [Times: user=0.04 sys=0.03, real=0.00 secs] 
59.952: Total time for which application threads were stopped: 0.0099240 seconds, Stopping threads took: 0.0001310 seconds
61.066: Application time: 1.1138270 seconds
61.066: [GC
Desired survivor size 248512512 bytes, new threshold 1 (max 15)
 [PSYoungGen: 946634K->57259K(1143808K)] 1697916K->833941K(3940352K), 0.0099650 secs] [Times: user=0.04 sys=0.02, real=0.01 secs] 
61.077: Total time for which application threads were stopped: 0.0104450 seconds, Stopping threads took: 0.0000750 seconds
62.252: Application time: 1.1753230 seconds
62.252: [GC
Desired survivor size 240123904 bytes, new threshold 1 (max 15)
 [PSYoungGen: 950253K->63973K(1163776K)] 1726935K->864917K(3960320K), 0.0101750 secs] [Times: user=0.05 sys=0.02, real=0.02 secs] 
62.262: Total time for which application threads were stopped: 0.0105510 seconds, Stopping threads took: 0.0001090 seconds
63.236: Application time: 0.9733850 seconds
63.236: [GC
Desired survivor size 231211008 bytes, new threshold 1 (max 15)
 [PSYoungGen: 985061K->63834K(1155584K)] 1786005K->896372K(3952128K), 0.0103450 secs] [Times: user=0.07 sys=0.00, real=0.01 secs] 
63.247: Total time for which application threads were stopped: 0.0107390 seconds, Stopping threads took: 0.0001210 seconds
64.275: Application time: 1.0282550 seconds
64.275: [GC
Desired survivor size 224395264 bytes, new threshold 1 (max 15)
 [PSYoungGen: 984321K->53118K(1179136K)] 1816859K->919038K(3975680K), 0.0098090 secs] [Times: user=0.06 sys=0.00, real=0.01 secs] 
64.285: Total time for which application threads were stopped: 0.0102870 seconds, Stopping threads took: 0.0001020 seconds
65.345: Application time: 1.0600460 seconds
65.345: [GC
Desired survivor size 214433792 bytes, new threshold 1 (max 15)
 [PSYoungGen: 1006462K->68612K(1172480K)] 1872382K->954099K(3969024K), 0.0092280 secs] [Times: user=0.04 sys=0.02, real=0.01 secs] 
65.355: Total time for which application threads were stopped: 0.0096550 seconds, Stopping threads took: 0.0001580 seconds
66.396: Application time: 1.0412090 seconds
66.396: [GC
Desired survivor size 204996608 bytes, new threshold 1 (max 15)
 [PSYoungGen: 1021956K->70338K(1198080K)] 1907443K->985185K(3994624K), 0.0105120 secs] [Times: user=0.07 sys=0.00, real=0.01 secs] 
66.407: Total time for which application threads were stopped: 0.0109010 seconds, Stopping threads took: 0.0001020 seconds
67.463: Application time: 1.0557260 seconds
67.463: [GC
Desired survivor size 194510848 bytes, new threshold 1 (max 15)
 [PSYoungGen: 1059010K->76091K(1188864K)] 1973857K->1024171K(3985408K), 0.0114750 secs] [Times: user=0.09 sys=0.00, real=0.01 secs] 
67.474: Total time for which application threads were stopped: 0.0118820 seconds, Stopping threads took: 0.0001580 seconds
68.571: Application time: 1.0968350 seconds
68.572: [GC
Desired survivor size 186646528 bytes, new threshold 1 (max 15)
 [PSYoungGen: 1064763K->67645K(1216000K)] 2012843K->1046521K(4012544K), 0.0107660 secs] [Times: user=0.08 sys=0.00, real=0.02 secs] 
68.582: Total time for which application threads were stopped: 0.0111290 seconds, Stopping threads took: 0.0001090 seconds
69.583: Application time: 1.0001520 seconds
69.583: Total time for which application threads were stopped: 0.0002630 seconds, Stopping threads took: 0.0001320 seconds
69.712: Application time: 0.1287380 seconds
69.712: [GC
Desired survivor size 178257920 bytes, new threshold 1 (max 15)
 [PSYoungGen: 1093693K->69909K(1208320K)] 2072569K->1075694K(4004864K), 0.0102660 secs] [Times: user=0.08 sys=0.00, real=0.02 secs] 
69.722: Total time for which application threads were stopped: 0.0105660 seconds, Stopping threads took: 0.0001050 seconds
70.848: Application time: 1.1259090 seconds
70.848: [GC
Desired survivor size 171442176 bytes, new threshold 1 (max 15)
 [PSYoungGen: 1095954K->65820K(1230848K)] 2101739K->1104188K(4027392K), 0.0107040 secs] [Times: user=0.08 sys=0.00, real=0.01 secs] 
70.859: Total time for which application threads were stopped: 0.0110980 seconds, Stopping threads took: 0.0001070 seconds
72.072: Application time: 1.2127470 seconds
72.072: [GC
Desired survivor size 165675008 bytes, new threshold 1 (max 15)
 [PSYoungGen: 1122588K->61111K(1224192K)] 2160956K->1132424K(4020736K), 0.0110960 secs] [Times: user=0.07 sys=0.01, real=0.02 secs] 
72.084: Total time for which application threads were stopped: 0.0116010 seconds, Stopping threads took: 0.0001250 seconds
73.233: Application time: 1.1492120 seconds
73.233: [GC
Desired survivor size 157810688 bytes, new threshold 1 (max 15)
 [PSYoungGen: 1117879K->73322K(1244160K)] 2189192K->1173567K(4040704K), 0.0109670 secs] [Times: user=0.07 sys=0.02, real=0.01 secs] 
73.244: Total time for which application threads were stopped: 0.0113440 seconds, Stopping threads took: 0.0000970 seconds
74.458: Application time: 1.2141310 seconds
74.459: [GC
Desired survivor size 152043520 bytes, new threshold 1 (max 15)
 [PSYoungGen: 1155690K->67264K(1236480K)] 2255935K->1199933K(4033024K), 0.0112990 secs] [Times: user=0.07 sys=0.01, real=0.01 secs] 
74.470: Total time for which application threads were stopped: 0.0116980 seconds, Stopping threads took: 0.0001170 seconds
75.618: Application time: 1.1485210 seconds
75.619: [GC
Desired survivor size 146276352 bytes, new threshold 1 (max 15)
 [PSYoungGen: 1149632K->64711K(1255424K)] 2282301K->1229984K(4051968K), 0.0108180 secs] [Times: user=0.07 sys=0.01, real=0.01 secs] 
75.630: Total time for which application threads were stopped: 0.0111450 seconds, Stopping threads took: 0.0000620 seconds
76.883: Application time: 1.2529720 seconds
76.883: [GC
Desired survivor size 141557760 bytes, new threshold 1 (max 15)
 [PSYoungGen: 1171655K->64093K(1249792K)] 2336928K->1260937K(4046336K), 0.0145520 secs] [Times: user=0.10 sys=0.00, real=0.01 secs] 
76.897: Total time for which application threads were stopped: 0.0148910 seconds, Stopping threads took: 0.0000650 seconds
78.109: Application time: 1.2114500 seconds
78.109: [GC
Desired survivor size 136839168 bytes, new threshold 1 (max 15)
 [PSYoungGen: 1171037K->63815K(1264640K)] 2367881K->1291352K(4061184K), 0.0112820 secs] [Times: user=0.07 sys=0.02, real=0.01 secs] 
78.121: Total time for which application threads were stopped: 0.0116890 seconds, Stopping threads took: 0.0001440 seconds
79.447: Application time: 1.3261110 seconds
79.447: [GC
Desired survivor size 132120576 bytes, new threshold 1 (max 15)
 [PSYoungGen: 1190215K->63400K(1260032K)] 2417752K->1321302K(4056576K), 0.0122380 secs] [Times: user=0.08 sys=0.00, real=0.01 secs] 
79.459: Total time for which application threads were stopped: 0.0125700 seconds, Stopping threads took: 0.0000600 seconds
80.770: Application time: 1.3102930 seconds
80.770: [GC
Desired survivor size 128974848 bytes, new threshold 1 (max 15)
 [PSYoungGen: 1189800K->56694K(1272320K)] 2447702K->1343298K(4068864K), 0.0105640 secs] [Times: user=0.08 sys=0.00, real=0.01 secs] 
80.781: Total time for which application threads were stopped: 0.0109320 seconds, Stopping threads took: 0.0001150 seconds
82.141: Application time: 1.3608630 seconds
82.142: [GC
Desired survivor size 124780544 bytes, new threshold 1 (max 15)
 [PSYoungGen: 1199990K->62100K(1269248K)] 2486594K->1376635K(4065792K), 0.0106680 secs] [Times: user=0.06 sys=0.01, real=0.00 secs] 
82.152: Total time for which application threads were stopped: 0.0110640 seconds, Stopping threads took: 0.0001370 seconds
82.911: Application time: 0.7584630 seconds
82.911: Total time for which application threads were stopped: 0.0003800 seconds, Stopping threads took: 0.0001170 seconds
82.975: Application time: 0.0639450 seconds
82.975: Total time for which application threads were stopped: 0.0001950 seconds, Stopping threads took: 0.0001260 seconds
83.343: Application time: 0.3676520 seconds
83.344: [GC
Desired survivor size 122159104 bytes, new threshold 1 (max 15)
 [PSYoungGen: 1205396K->53983K(1278976K)] 2519931K->1398310K(4075520K), 0.0108590 secs] [Times: user=0.05 sys=0.02, real=0.01 secs] 
83.355: Total time for which application threads were stopped: 0.0114190 seconds, Stopping threads took: 0.0002190 seconds
83.355: Application time: 0.0005260 seconds
83.355: Total time for which application threads were stopped: 0.0002470 seconds, Stopping threads took: 0.0001830 seconds
84.026: Application time: 0.6708400 seconds
84.026: Total time for which application threads were stopped: 0.0003460 seconds, Stopping threads took: 0.0001010 seconds
84.520: Application time: 0.4932750 seconds
84.520: [GC
Desired survivor size 119537664 bytes, new threshold 1 (max 15)
 [PSYoungGen: 1211103K->54025K(1276416K)] 2555430K->1419237K(4072960K), 0.0104560 secs] [Times: user=0.07 sys=0.00, real=0.01 secs] 
84.531: Total time for which application threads were stopped: 0.0107390 seconds, Stopping threads took: 0.0000680 seconds
85.531: Application time: 1.0001410 seconds
85.531: Total time for which application threads were stopped: 0.0002760 seconds, Stopping threads took: 0.0001530 seconds
85.894: Application time: 0.3633730 seconds
85.895: [GC
Desired survivor size 116391936 bytes, new threshold 1 (max 15)
 [PSYoungGen: 1211145K->54771K(1284608K)] 2576357K->1440235K(4081152K), 0.0133110 secs] [Times: user=0.09 sys=0.00, real=0.01 secs] 
85.908: Total time for which application threads were stopped: 0.0136590 seconds, Stopping threads took: 0.0001370 seconds
87.343: Application time: 1.4352020 seconds
87.343: [GC
Desired survivor size 113770496 bytes, new threshold 1 (max 15)
 [PSYoungGen: 1222643K->52869K(1281536K)] 2608107K->1461145K(4078080K), 0.0107130 secs] [Times: user=0.07 sys=0.00, real=0.01 secs] 
