OpenJDK 64-Bit Server VM (24.121-b00) for linux-amd64 JRE (1.7.0_121-b00), built on Nov 18 2016 00:22:36 by "mockbuild" with gcc 4.8.3 20140911 (Red Hat 4.8.3-9)
Memory: 4k page, physical 15404000k(14631532k free), swap 0k(0k free)
CommandLine flags: -XX:+HeapDumpOnOutOfMemoryError -XX:HeapDumpPath=HzMember4D.hprof -XX:InitialHeapSize=4294967296 -XX:MaxHeapSize=4294967296 -XX:OnOutOfMemoryError= date >> HzMember4D.oome -XX:+PrintGC -XX:+PrintGCApplicationConcurrentTime -XX:+PrintGCApplicationStoppedTime -XX:+PrintGCDetails -XX:+PrintGCTimeStamps -XX:+PrintTenuringDistribution -XX:+UseCompressedOops -XX:+UseParallelGC 
0.213: Application time: 0.1716550 seconds
0.213: Total time for which application threads were stopped: 0.0000760 seconds, Stopping threads took: 0.0000310 seconds
4.052: Application time: 3.8392790 seconds
4.052: Total time for which application threads were stopped: 0.0002560 seconds, Stopping threads took: 0.0000640 seconds
14.054: Application time: 10.0013160 seconds
14.054: Total time for which application threads were stopped: 0.0001050 seconds, Stopping threads took: 0.0000290 seconds
14.499: Application time: 0.4453400 seconds
14.499: Total time for which application threads were stopped: 0.0001320 seconds, Stopping threads took: 0.0000600 seconds
14.510: Application time: 0.0109150 seconds
14.510: Total time for which application threads were stopped: 0.0000440 seconds, Stopping threads took: 0.0000250 seconds
14.511: Application time: 0.0004020 seconds
14.511: Total time for which application threads were stopped: 0.0001150 seconds, Stopping threads took: 0.0000870 seconds
14.512: Application time: 0.0009400 seconds
14.512: Total time for which application threads were stopped: 0.0001020 seconds, Stopping threads took: 0.0000700 seconds
14.512: Application time: 0.0001540 seconds
14.512: Total time for which application threads were stopped: 0.0001150 seconds, Stopping threads took: 0.0000930 seconds
14.512: Application time: 0.0001350 seconds
14.512: Total time for which application threads were stopped: 0.0000880 seconds, Stopping threads took: 0.0000660 seconds
14.512: Application time: 0.0000850 seconds
14.513: Total time for which application threads were stopped: 0.0001220 seconds, Stopping threads took: 0.0000950 seconds
14.513: Application time: 0.0004060 seconds
14.513: Total time for which application threads were stopped: 0.0001700 seconds, Stopping threads took: 0.0001440 seconds
14.514: Application time: 0.0010090 seconds
14.514: Total time for which application threads were stopped: 0.0001830 seconds, Stopping threads took: 0.0001500 seconds
14.514: Application time: 0.0001490 seconds
14.515: Total time for which application threads were stopped: 0.0001380 seconds, Stopping threads took: 0.0001030 seconds
14.516: Application time: 0.0009450 seconds
14.516: Total time for which application threads were stopped: 0.0001590 seconds, Stopping threads took: 0.0001270 seconds
14.520: Application time: 0.0042330 seconds
14.520: Total time for which application threads were stopped: 0.0001760 seconds, Stopping threads took: 0.0000690 seconds
14.524: Application time: 0.0034940 seconds
14.524: Total time for which application threads were stopped: 0.0000820 seconds, Stopping threads took: 0.0000600 seconds
14.527: Application time: 0.0030720 seconds
14.527: Total time for which application threads were stopped: 0.0000360 seconds, Stopping threads took: 0.0000190 seconds
14.528: Application time: 0.0015170 seconds
14.528: Total time for which application threads were stopped: 0.0000670 seconds, Stopping threads took: 0.0000400 seconds
14.528: Application time: 0.0000370 seconds
14.529: Total time for which application threads were stopped: 0.0001150 seconds, Stopping threads took: 0.0000920 seconds
14.529: Application time: 0.0000310 seconds
14.529: Total time for which application threads were stopped: 0.0000600 seconds, Stopping threads took: 0.0000360 seconds
14.529: Application time: 0.0000320 seconds
14.529: Total time for which application threads were stopped: 0.0000620 seconds, Stopping threads took: 0.0000460 seconds
14.529: Application time: 0.0004920 seconds
14.529: Total time for which application threads were stopped: 0.0000330 seconds, Stopping threads took: 0.0000170 seconds
14.530: Application time: 0.0005200 seconds
14.530: Total time for which application threads were stopped: 0.0000890 seconds, Stopping threads took: 0.0000610 seconds
14.530: Application time: 0.0000440 seconds
14.530: Total time for which application threads were stopped: 0.0000870 seconds, Stopping threads took: 0.0000510 seconds
14.531: Application time: 0.0006210 seconds
14.531: Total time for which application threads were stopped: 0.0001600 seconds, Stopping threads took: 0.0001310 seconds
14.531: Application time: 0.0003600 seconds
14.531: Total time for which application threads were stopped: 0.0000990 seconds, Stopping threads took: 0.0000720 seconds
14.531: Application time: 0.0000330 seconds
14.531: Total time for which application threads were stopped: 0.0000690 seconds, Stopping threads took: 0.0000440 seconds
14.531: Application time: 0.0000400 seconds
14.531: Total time for which application threads were stopped: 0.0000710 seconds, Stopping threads took: 0.0000470 seconds
14.532: Application time: 0.0000560 seconds
14.532: Total time for which application threads were stopped: 0.0000890 seconds, Stopping threads took: 0.0000630 seconds
14.532: Application time: 0.0000850 seconds
14.532: Total time for which application threads were stopped: 0.0000820 seconds, Stopping threads took: 0.0000560 seconds
14.533: Application time: 0.0010760 seconds
14.533: Total time for which application threads were stopped: 0.0000400 seconds, Stopping threads took: 0.0000240 seconds
14.534: Application time: 0.0008370 seconds
14.534: Total time for which application threads were stopped: 0.0000760 seconds, Stopping threads took: 0.0000480 seconds
14.534: Application time: 0.0000930 seconds
14.534: Total time for which application threads were stopped: 0.0000530 seconds, Stopping threads took: 0.0000300 seconds
14.535: Application time: 0.0008910 seconds
14.535: Total time for which application threads were stopped: 0.0000370 seconds, Stopping threads took: 0.0000220 seconds
14.537: Application time: 0.0024350 seconds
14.537: Total time for which application threads were stopped: 0.0000960 seconds, Stopping threads took: 0.0000640 seconds
14.538: Application time: 0.0000570 seconds
14.538: Total time for which application threads were stopped: 0.0000860 seconds, Stopping threads took: 0.0000570 seconds
14.538: Application time: 0.0002260 seconds
14.538: Total time for which application threads were stopped: 0.0000970 seconds, Stopping threads took: 0.0000730 seconds
14.538: Application time: 0.0004570 seconds
14.538: Total time for which application threads were stopped: 0.0000830 seconds, Stopping threads took: 0.0000580 seconds
14.539: Application time: 0.0000450 seconds
14.539: Total time for which application threads were stopped: 0.0002070 seconds, Stopping threads took: 0.0000460 seconds
14.556: Application time: 0.0173950 seconds
14.556: Total time for which application threads were stopped: 0.0002430 seconds, Stopping threads took: 0.0000940 seconds
14.557: Application time: 0.0003600 seconds
14.557: Total time for which application threads were stopped: 0.0001050 seconds, Stopping threads took: 0.0000700 seconds
14.646: Application time: 0.0894510 seconds
14.646: Total time for which application threads were stopped: 0.0001800 seconds, Stopping threads took: 0.0000370 seconds
14.661: Application time: 0.0147770 seconds
14.661: [GC
Desired survivor size 178782208 bytes, new threshold 7 (max 15)
 [PSYoungGen: 1049088K->19933K(1223680K)] 1049088K->20005K(4020224K), 0.0191540 secs] [Times: user=0.06 sys=0.00, real=0.01 secs] 
14.681: Total time for which application threads were stopped: 0.0193680 seconds, Stopping threads took: 0.0000640 seconds
14.681: Application time: 0.0001650 seconds
14.681: Total time for which application threads were stopped: 0.0001720 seconds, Stopping threads took: 0.0001260 seconds
14.681: Application time: 0.0000610 seconds
14.681: Total time for which application threads were stopped: 0.0001360 seconds, Stopping threads took: 0.0000990 seconds
14.681: Application time: 0.0000850 seconds
14.681: Total time for which application threads were stopped: 0.0000900 seconds, Stopping threads took: 0.0000610 seconds
14.681: Application time: 0.0000760 seconds
14.682: Total time for which application threads were stopped: 0.0001220 seconds, Stopping threads took: 0.0000900 seconds
14.682: Application time: 0.0000410 seconds
14.682: Total time for which application threads were stopped: 0.0001150 seconds, Stopping threads took: 0.0000880 seconds
14.682: Application time: 0.0000480 seconds
14.682: Total time for which application threads were stopped: 0.0001030 seconds, Stopping threads took: 0.0000730 seconds
14.682: Application time: 0.0000690 seconds
14.682: Total time for which application threads were stopped: 0.0000850 seconds, Stopping threads took: 0.0000570 seconds
14.682: Application time: 0.0000940 seconds
14.682: Total time for which application threads were stopped: 0.0001150 seconds, Stopping threads took: 0.0000790 seconds
14.682: Application time: 0.0000470 seconds
14.682: Total time for which application threads were stopped: 0.0001060 seconds, Stopping threads took: 0.0000770 seconds
14.683: Application time: 0.0002260 seconds
14.683: Total time for which application threads were stopped: 0.0001040 seconds, Stopping threads took: 0.0000730 seconds
14.685: Application time: 0.0021520 seconds
14.685: Total time for which application threads were stopped: 0.0000890 seconds, Stopping threads took: 0.0000620 seconds
14.685: Application time: 0.0000710 seconds
14.685: Total time for which application threads were stopped: 0.0001160 seconds, Stopping threads took: 0.0000860 seconds
14.685: Application time: 0.0000380 seconds
14.685: Total time for which application threads were stopped: 0.0000990 seconds, Stopping threads took: 0.0000730 seconds
14.685: Application time: 0.0000660 seconds
14.685: Total time for which application threads were stopped: 0.0000700 seconds, Stopping threads took: 0.0000470 seconds
14.686: Application time: 0.0000630 seconds
14.686: Total time for which application threads were stopped: 0.0000870 seconds, Stopping threads took: 0.0000610 seconds
14.686: Application time: 0.0000350 seconds
14.686: Total time for which application threads were stopped: 0.0000600 seconds, Stopping threads took: 0.0000360 seconds
14.686: Application time: 0.0000700 seconds
14.686: Total time for which application threads were stopped: 0.0001010 seconds, Stopping threads took: 0.0000670 seconds
14.686: Application time: 0.0000400 seconds
14.686: Total time for which application threads were stopped: 0.0000800 seconds, Stopping threads took: 0.0000470 seconds
14.686: Application time: 0.0000490 seconds
14.686: Total time for which application threads were stopped: 0.0000870 seconds, Stopping threads took: 0.0000630 seconds
14.686: Application time: 0.0000390 seconds
14.686: Total time for which application threads were stopped: 0.0002110 seconds, Stopping threads took: 0.0000410 seconds
14.686: Application time: 0.0000390 seconds
14.687: Total time for which application threads were stopped: 0.0000960 seconds, Stopping threads took: 0.0000690 seconds
14.687: Application time: 0.0000260 seconds
14.687: Total time for which application threads were stopped: 0.0000760 seconds, Stopping threads took: 0.0000510 seconds
14.687: Application time: 0.0000260 seconds
14.687: Total time for which application threads were stopped: 0.0001160 seconds, Stopping threads took: 0.0000900 seconds
14.687: Application time: 0.0000330 seconds
14.687: Total time for which application threads were stopped: 0.0000710 seconds, Stopping threads took: 0.0000470 seconds
14.687: Application time: 0.0000400 seconds
14.687: Total time for which application threads were stopped: 0.0000840 seconds, Stopping threads took: 0.0000590 seconds
14.687: Application time: 0.0000320 seconds
14.687: Total time for which application threads were stopped: 0.0000910 seconds, Stopping threads took: 0.0000670 seconds
14.687: Application time: 0.0000310 seconds
14.687: Total time for which application threads were stopped: 0.0000890 seconds, Stopping threads took: 0.0000640 seconds
14.687: Application time: 0.0000300 seconds
14.687: Total time for which application threads were stopped: 0.0000720 seconds, Stopping threads took: 0.0000480 seconds
14.687: Application time: 0.0000310 seconds
14.687: Total time for which application threads were stopped: 0.0000890 seconds, Stopping threads took: 0.0000650 seconds
14.688: Application time: 0.0000310 seconds
14.688: Total time for which application threads were stopped: 0.0000820 seconds, Stopping threads took: 0.0000580 seconds
14.688: Application time: 0.0000310 seconds
14.688: Total time for which application threads were stopped: 0.0000910 seconds, Stopping threads took: 0.0000670 seconds
14.688: Application time: 0.0000350 seconds
14.688: Total time for which application threads were stopped: 0.0001210 seconds, Stopping threads took: 0.0000920 seconds
14.688: Application time: 0.0000360 seconds
14.688: Total time for which application threads were stopped: 0.0000840 seconds, Stopping threads took: 0.0000580 seconds
14.688: Application time: 0.0000260 seconds
14.688: Total time for which application threads were stopped: 0.0000640 seconds, Stopping threads took: 0.0000410 seconds
14.688: Application time: 0.0000360 seconds
14.688: Total time for which application threads were stopped: 0.0000900 seconds, Stopping threads took: 0.0000650 seconds
14.688: Application time: 0.0000420 seconds
14.688: Total time for which application threads were stopped: 0.0000830 seconds, Stopping threads took: 0.0000570 seconds
14.688: Application time: 0.0000410 seconds
14.688: Total time for which application threads were stopped: 0.0000640 seconds, Stopping threads took: 0.0000410 seconds
14.688: Application time: 0.0000450 seconds
14.689: Total time for which application threads were stopped: 0.0000630 seconds, Stopping threads took: 0.0000390 seconds
14.689: Application time: 0.0000250 seconds
14.689: Total time for which application threads were stopped: 0.0000340 seconds, Stopping threads took: 0.0000180 seconds
14.689: Application time: 0.0000360 seconds
14.689: Total time for which application threads were stopped: 0.0002670 seconds, Stopping threads took: 0.0000570 seconds
14.698: Application time: 0.0086250 seconds
14.698: Total time for which application threads were stopped: 0.0001150 seconds, Stopping threads took: 0.0000780 seconds
14.701: Application time: 0.0035710 seconds
14.701: Total time for which application threads were stopped: 0.0000710 seconds, Stopping threads took: 0.0000390 seconds
14.702: Application time: 0.0008880 seconds
14.702: Total time for which application threads were stopped: 0.0001190 seconds, Stopping threads took: 0.0000880 seconds
14.703: Application time: 0.0010020 seconds
14.703: Total time for which application threads were stopped: 0.0000820 seconds, Stopping threads took: 0.0000540 seconds
14.712: Application time: 0.0089310 seconds
14.712: Total time for which application threads were stopped: 0.0000520 seconds, Stopping threads took: 0.0000290 seconds
14.714: Application time: 0.0013720 seconds
14.714: Total time for which application threads were stopped: 0.0000380 seconds, Stopping threads took: 0.0000170 seconds
15.714: Application time: 1.0001430 seconds
15.714: Total time for which application threads were stopped: 0.0002260 seconds, Stopping threads took: 0.0000580 seconds
20.668: Application time: 4.9534770 seconds
20.668: Total time for which application threads were stopped: 0.0002050 seconds, Stopping threads took: 0.0000770 seconds
20.668: Application time: 0.0001540 seconds
20.668: Total time for which application threads were stopped: 0.0000840 seconds, Stopping threads took: 0.0000510 seconds
23.669: Application time: 3.0004240 seconds
23.669: Total time for which application threads were stopped: 0.0002010 seconds, Stopping threads took: 0.0000930 seconds
25.678: Application time: 2.0091570 seconds
25.678: Total time for which application threads were stopped: 0.0001500 seconds, Stopping threads took: 0.0000510 seconds
25.679: Application time: 0.0004920 seconds
25.679: Total time for which application threads were stopped: 0.0000380 seconds, Stopping threads took: 0.0000180 seconds
25.687: Application time: 0.0086100 seconds
25.687: Total time for which application threads were stopped: 0.0000670 seconds, Stopping threads took: 0.0000370 seconds
25.689: Application time: 0.0014000 seconds
25.689: Total time for which application threads were stopped: 0.0000550 seconds, Stopping threads took: 0.0000330 seconds
26.694: Application time: 1.0050520 seconds
26.694: Total time for which application threads were stopped: 0.0001760 seconds, Stopping threads took: 0.0000740 seconds
26.705: Application time: 0.0114060 seconds
26.706: Total time for which application threads were stopped: 0.0001510 seconds, Stopping threads took: 0.0001090 seconds
27.706: Application time: 1.0001390 seconds
27.706: Total time for which application threads were stopped: 0.0002440 seconds, Stopping threads took: 0.0000520 seconds
28.706: Application time: 1.0001290 seconds
28.706: Total time for which application threads were stopped: 0.0003240 seconds, Stopping threads took: 0.0002160 seconds
29.500: Application time: 0.7936700 seconds
29.500: Total time for which application threads were stopped: 0.0002140 seconds, Stopping threads took: 0.0000850 seconds
29.510: Application time: 0.0097250 seconds
29.510: Total time for which application threads were stopped: 0.0000760 seconds, Stopping threads took: 0.0000420 seconds
40.872: Application time: 11.3623710 seconds
40.873: Total time for which application threads were stopped: 0.0002680 seconds, Stopping threads took: 0.0000510 seconds
40.890: Application time: 0.0176870 seconds
40.891: Total time for which application threads were stopped: 0.0003520 seconds, Stopping threads took: 0.0002860 seconds
40.909: Application time: 0.0178960 seconds
40.909: Total time for which application threads were stopped: 0.0001280 seconds, Stopping threads took: 0.0000740 seconds
40.913: Application time: 0.0047150 seconds
40.914: Total time for which application threads were stopped: 0.0001040 seconds, Stopping threads took: 0.0000640 seconds
40.921: Application time: 0.0075720 seconds
40.921: Total time for which application threads were stopped: 0.0000920 seconds, Stopping threads took: 0.0000450 seconds
40.976: Application time: 0.0551940 seconds
40.977: Total time for which application threads were stopped: 0.0005160 seconds, Stopping threads took: 0.0001520 seconds
40.998: Application time: 0.0208640 seconds
40.998: Total time for which application threads were stopped: 0.0004440 seconds, Stopping threads took: 0.0001260 seconds
41.085: Application time: 0.0869680 seconds
41.086: Total time for which application threads were stopped: 0.0003510 seconds, Stopping threads took: 0.0001980 seconds
41.412: Application time: 0.3263960 seconds
41.412: Total time for which application threads were stopped: 0.0003970 seconds, Stopping threads took: 0.0002120 seconds
41.603: Application time: 0.1908130 seconds
41.603: Total time for which application threads were stopped: 0.0002470 seconds, Stopping threads took: 0.0000940 seconds
41.861: Application time: 0.2572060 seconds
41.861: Total time for which application threads were stopped: 0.0002640 seconds, Stopping threads took: 0.0000960 seconds
41.917: Application time: 0.0559590 seconds
41.917: Total time for which application threads were stopped: 0.0002090 seconds, Stopping threads took: 0.0000610 seconds
41.917: Application time: 0.0001730 seconds
41.917: Total time for which application threads were stopped: 0.0001890 seconds, Stopping threads took: 0.0001390 seconds
41.918: Application time: 0.0004300 seconds
41.918: Total time for which application threads were stopped: 0.0001910 seconds, Stopping threads took: 0.0001480 seconds
41.918: Application time: 0.0002470 seconds
41.919: Total time for which application threads were stopped: 0.0001620 seconds, Stopping threads took: 0.0001210 seconds
41.922: Application time: 0.0032530 seconds
41.922: Total time for which application threads were stopped: 0.0004160 seconds, Stopping threads took: 0.0003690 seconds
41.924: Application time: 0.0022720 seconds
41.925: Total time for which application threads were stopped: 0.0002730 seconds, Stopping threads took: 0.0002260 seconds
41.927: Application time: 0.0026710 seconds
41.929: Total time for which application threads were stopped: 0.0015450 seconds, Stopping threads took: 0.0014990 seconds
41.933: Application time: 0.0038110 seconds
41.933: Total time for which application threads were stopped: 0.0003680 seconds, Stopping threads took: 0.0002080 seconds
42.138: Application time: 0.2051420 seconds
42.139: Total time for which application threads were stopped: 0.0002830 seconds, Stopping threads took: 0.0001070 seconds
42.416: Application time: 0.2771610 seconds
42.416: Total time for which application threads were stopped: 0.0002750 seconds, Stopping threads took: 0.0000960 seconds
42.649: Application time: 0.2330230 seconds
42.650: Total time for which application threads were stopped: 0.0004380 seconds, Stopping threads took: 0.0001360 seconds
42.694: Application time: 0.0443700 seconds
42.694: [GC
Desired survivor size 178782208 bytes, new threshold 7 (max 15)
 [PSYoungGen: 1069021K->89637K(1223680K)] 1069093K->89717K(4020224K), 0.0169640 secs] [Times: user=0.03 sys=0.06, real=0.01 secs] 
42.711: Total time for which application threads were stopped: 0.0172790 seconds, Stopping threads took: 0.0000910 seconds
42.763: Application time: 0.0523050 seconds
42.764: Total time for which application threads were stopped: 0.0003860 seconds, Stopping threads took: 0.0001890 seconds
42.916: Application time: 0.1525960 seconds
42.918: Total time for which application threads were stopped: 0.0019040 seconds, Stopping threads took: 0.0017370 seconds
42.918: Application time: 0.0000790 seconds
42.919: Total time for which application threads were stopped: 0.0002510 seconds, Stopping threads took: 0.0002100 seconds
42.920: Application time: 0.0011410 seconds
42.920: Total time for which application threads were stopped: 0.0005510 seconds, Stopping threads took: 0.0001090 seconds
43.796: Application time: 0.8760150 seconds
43.797: [GC
Desired survivor size 178782208 bytes, new threshold 7 (max 15)
 [PSYoungGen: 1138725K->145055K(1223680K)] 1138805K->145143K(4020224K), 0.0204980 secs] [Times: user=0.04 sys=0.09, real=0.02 secs] 
43.817: Total time for which application threads were stopped: 0.0210210 seconds, Stopping threads took: 0.0001360 seconds
44.818: Application time: 1.0001630 seconds
44.818: Total time for which application threads were stopped: 0.0003930 seconds, Stopping threads took: 0.0001500 seconds
44.969: Application time: 0.1514060 seconds
44.970: [GC
Desired survivor size 178782208 bytes, new threshold 7 (max 15)
 [PSYoungGen: 1194143K->174575K(1223680K)] 1194231K->175957K(4020224K), 0.0201970 secs] [Times: user=0.10 sys=0.04, real=0.02 secs] 
44.990: Total time for which application threads were stopped: 0.0205440 seconds, Stopping threads took: 0.0001380 seconds
45.990: Application time: 1.0001420 seconds
45.990: Total time for which application threads were stopped: 0.0003460 seconds, Stopping threads took: 0.0001000 seconds
46.035: Application time: 0.0447710 seconds
46.035: [GC
Desired survivor size 281542656 bytes, new threshold 6 (max 15)
 [PSYoungGen: 1223663K->174588K(1223680K)] 1225045K->210698K(4020224K), 0.0229830 secs] [Times: user=0.11 sys=0.04, real=0.02 secs] 
46.059: Total time for which application threads were stopped: 0.0233630 seconds, Stopping threads took: 0.0001670 seconds
47.059: Application time: 1.0001500 seconds
47.059: Total time for which application threads were stopped: 0.0003960 seconds, Stopping threads took: 0.0001320 seconds
47.162: Application time: 0.1033060 seconds
47.163: [GC
Desired survivor size 304087040 bytes, new threshold 5 (max 15)
 [PSYoungGen: 1223676K->174581K(978944K)] 1259786K->244815K(3775488K), 0.0208730 secs] [Times: user=0.12 sys=0.03, real=0.02 secs] 
47.184: Total time for which application threads were stopped: 0.0212210 seconds, Stopping threads took: 0.0001280 seconds
48.044: Application time: 0.8607060 seconds
48.045: [GC
Desired survivor size 317194240 bytes, new threshold 4 (max 15)
 [PSYoungGen: 978933K->209985K(1014784K)] 1049167K->291661K(3811328K), 0.0192480 secs] [Times: user=0.14 sys=0.00, real=0.02 secs] 
48.064: Total time for which application threads were stopped: 0.0197790 seconds, Stopping threads took: 0.0001170 seconds
48.920: Application time: 0.8558110 seconds
48.920: [GC
Desired survivor size 333447168 bytes, new threshold 3 (max 15)
 [PSYoungGen: 1014337K->229807K(1056768K)] 1096013K->326644K(3853312K), 0.0180410 secs] [Times: user=0.13 sys=0.00, real=0.02 secs] 
48.938: Total time for which application threads were stopped: 0.0185230 seconds, Stopping threads took: 0.0001120 seconds
49.707: Application time: 0.7689970 seconds
49.708: [GC
Desired survivor size 328204288 bytes, new threshold 2 (max 15)
 [PSYoungGen: 976815K->192728K(1072640K)] 1073652K->352650K(3869184K), 0.0205810 secs] [Times: user=0.12 sys=0.03, real=0.02 secs] 
49.729: Total time for which application threads were stopped: 0.0215490 seconds, Stopping threads took: 0.0006930 seconds
50.479: Application time: 0.7501560 seconds
50.480: [GC
Desired survivor size 317718528 bytes, new threshold 1 (max 15)
 [PSYoungGen: 939736K->131831K(1088000K)] 1099658K->376351K(3884544K), 0.0198330 secs] [Times: user=0.07 sys=0.07, real=0.02 secs] 
50.499: Total time for which application threads were stopped: 0.0202910 seconds, Stopping threads took: 0.0000900 seconds
51.314: Application time: 0.8144790 seconds
51.314: [GC
Desired survivor size 317194240 bytes, new threshold 1 (max 15)
 [PSYoungGen: 899312K->74356K(1077760K)] 1143831K->400168K(3874304K), 0.0163210 secs] [Times: user=0.07 sys=0.06, real=0.01 secs] 
51.331: Total time for which application threads were stopped: 0.0167550 seconds, Stopping threads took: 0.0000620 seconds
52.122: Application time: 0.7917490 seconds
52.123: [GC
Desired survivor size 314572800 bytes, new threshold 1 (max 15)
 [PSYoungGen: 841844K->74719K(1091072K)] 1167656K->438244K(3887616K), 0.0112390 secs] [Times: user=0.06 sys=0.02, real=0.01 secs] 
52.134: Total time for which application threads were stopped: 0.0117040 seconds, Stopping threads took: 0.0000890 seconds
52.899: Application time: 0.7651510 seconds
52.900: [GC
Desired survivor size 307757056 bytes, new threshold 1 (max 15)
 [PSYoungGen: 856031K->86603K(1088512K)] 1219556K->492607K(3885056K), 0.0139120 secs] [Times: user=0.08 sys=0.03, real=0.02 secs] 
52.914: Total time for which application threads were stopped: 0.0142700 seconds, Stopping threads took: 0.0000830 seconds
53.667: Application time: 0.7536200 seconds
53.668: [GC
Desired survivor size 300941312 bytes, new threshold 1 (max 15)
 [PSYoungGen: 867911K->83906K(1104384K)] 1273915K->533836K(3900928K), 0.0129850 secs] [Times: user=0.06 sys=0.03, real=0.01 secs] 
53.681: Total time for which application threads were stopped: 0.0134710 seconds, Stopping threads took: 0.0000980 seconds
54.526: Application time: 0.8450610 seconds
54.526: [GC
Desired survivor size 293601280 bytes, new threshold 1 (max 15)
 [PSYoungGen: 887746K->80017K(1097728K)] 1337676K->576256K(3894272K), 0.0129000 secs] [Times: user=0.05 sys=0.03, real=0.01 secs] 
54.539: Total time for which application threads were stopped: 0.0132470 seconds, Stopping threads took: 0.0000650 seconds
54.540: Application time: 0.0014340 seconds
54.541: Total time for which application threads were stopped: 0.0002350 seconds, Stopping threads took: 0.0001470 seconds
55.338: Application time: 0.7973190 seconds
55.338: [GC
Desired survivor size 285736960 bytes, new threshold 1 (max 15)
 [PSYoungGen: 883857K->78961K(1119232K)] 1380096K->623323K(3915776K), 0.0134980 secs] [Times: user=0.07 sys=0.02, real=0.01 secs] 
55.352: Total time for which application threads were stopped: 0.0140410 seconds, Stopping threads took: 0.0001020 seconds
56.346: Application time: 0.9943450 seconds
56.347: [GC
Desired survivor size 275775488 bytes, new threshold 1 (max 15)
 [PSYoungGen: 911260K->88524K(1111552K)] 1455622K->681266K(3908096K), 0.0141780 secs] [Times: user=0.08 sys=0.02, real=0.02 secs] 
56.361: Total time for which application threads were stopped: 0.0146030 seconds, Stopping threads took: 0.0001440 seconds
57.231: Application time: 0.8700530 seconds
57.231: [GC
Desired survivor size 266338304 bytes, new threshold 1 (max 15)
 [PSYoungGen: 921036K->83744K(1138176K)] 1513778K->726498K(3934720K), 0.0137750 secs] [Times: user=0.09 sys=0.02, real=0.02 secs] 
57.245: Total time for which application threads were stopped: 0.0142260 seconds, Stopping threads took: 0.0001570 seconds
57.787: Application time: 0.5421820 seconds
57.788: Total time for which application threads were stopped: 0.0002590 seconds, Stopping threads took: 0.0001080 seconds
58.146: Application time: 0.3582860 seconds
58.146: [GC
Desired survivor size 256376832 bytes, new threshold 1 (max 15)
 [PSYoungGen: 952608K->88778K(1128960K)] 1595362K->781559K(3925504K), 0.0153880 secs] [Times: user=0.10 sys=0.00, real=0.02 secs] 
58.162: Total time for which application threads were stopped: 0.0157300 seconds, Stopping threads took: 0.0001350 seconds
59.115: Application time: 0.9536950 seconds
59.116: [GC
Desired survivor size 248512512 bytes, new threshold 1 (max 15)
 [PSYoungGen: 957642K->79088K(1155584K)] 1650423K->813512K(3952128K), 0.0124800 secs] [Times: user=0.10 sys=0.00, real=0.01 secs] 
59.128: Total time for which application threads were stopped: 0.0128910 seconds, Stopping threads took: 0.0001270 seconds
60.022: Application time: 0.8939400 seconds
60.023: [GC
Desired survivor size 239075328 bytes, new threshold 1 (max 15)
 [PSYoungGen: 984304K->86070K(1147904K)] 1718728K->853264K(3944448K), 0.0119350 secs] [Times: user=0.08 sys=0.01, real=0.01 secs] 
60.035: Total time for which application threads were stopped: 0.0124130 seconds, Stopping threads took: 0.0001080 seconds
60.994: Application time: 0.9595310 seconds
60.994: [GC
Desired survivor size 233832448 bytes, new threshold 1 (max 15)
 [PSYoungGen: 991286K->61526K(1169920K)] 1758480K->875025K(3966464K), 0.0127830 secs] [Times: user=0.09 sys=0.00, real=0.01 secs] 
61.007: Total time for which application threads were stopped: 0.0131580 seconds, Stopping threads took: 0.0001100 seconds
62.202: Application time: 1.1941200 seconds
62.202: [GC
Desired survivor size 227016704 bytes, new threshold 1 (max 15)
 [PSYoungGen: 997974K->67872K(1164800K)] 1811473K->915407K(3961344K), 0.0119360 secs] [Times: user=0.05 sys=0.03, real=0.01 secs] 
62.214: Total time for which application threads were stopped: 0.0123180 seconds, Stopping threads took: 0.0000930 seconds
63.138: Application time: 0.9243240 seconds
63.139: [GC
Desired survivor size 220200960 bytes, new threshold 1 (max 15)
 [PSYoungGen: 1004320K->68558K(1183232K)] 1851855K->949452K(3979776K), 0.0115590 secs] [Times: user=0.07 sys=0.01, real=0.01 secs] 
63.150: Total time for which application threads were stopped: 0.0120880 seconds, Stopping threads took: 0.0001330 seconds
64.157: Application time: 1.0072190 seconds
64.158: [GC
Desired survivor size 212860928 bytes, new threshold 1 (max 15)
 [PSYoungGen: 1030094K->66478K(1176576K)] 1910988K->974824K(3973120K), 0.0109000 secs] [Times: user=0.07 sys=0.00, real=0.01 secs] 
64.169: Total time for which application threads were stopped: 0.0114040 seconds, Stopping threads took: 0.0002210 seconds
65.189: Application time: 1.0206100 seconds
65.190: [GC
Desired survivor size 206045184 bytes, new threshold 1 (max 15)
 [PSYoungGen: 1028011K->64821K(1197056K)] 1936357K->996717K(3993600K), 0.0101090 secs] [Times: user=0.06 sys=0.00, real=0.01 secs] 
65.200: Total time for which application threads were stopped: 0.0104500 seconds, Stopping threads took: 0.0000790 seconds
66.185: Application time: 0.9850810 seconds
66.185: [GC
Desired survivor size 198180864 bytes, new threshold 1 (max 15)
 [PSYoungGen: 1054005K->70766K(1190400K)] 1985901K->1028873K(3986944K), 0.0122410 secs] [Times: user=0.07 sys=0.00, real=0.01 secs] 
66.198: Total time for which application threads were stopped: 0.0126460 seconds, Stopping threads took: 0.0001310 seconds
67.198: Application time: 1.0001400 seconds
67.198: Total time for which application threads were stopped: 0.0003560 seconds, Stopping threads took: 0.0001170 seconds
67.304: Application time: 0.1054160 seconds
67.304: [GC
Desired survivor size 192937984 bytes, new threshold 1 (max 15)
 [PSYoungGen: 1059950K->58832K(1209856K)] 2018057K->1052125K(4006400K), 0.0125310 secs] [Times: user=0.06 sys=0.01, real=0.01 secs] 
67.316: Total time for which application threads were stopped: 0.0128970 seconds, Stopping threads took: 0.0001310 seconds
68.453: Application time: 1.1369320 seconds
68.454: [GC
Desired survivor size 185597952 bytes, new threshold 1 (max 15)
 [PSYoungGen: 1075152K->64602K(1204736K)] 2068445K->1084036K(4001280K), 0.0098710 secs] [Times: user=0.06 sys=0.01, real=0.01 secs] 
68.464: Total time for which application threads were stopped: 0.0102500 seconds, Stopping threads took: 0.0000910 seconds
69.500: Application time: 1.0368190 seconds
69.501: [GC
Desired survivor size 178782208 bytes, new threshold 1 (max 15)
 [PSYoungGen: 1080922K->65676K(1223680K)] 2100356K->1110687K(4020224K), 0.0105810 secs] [Times: user=0.07 sys=0.01, real=0.01 secs] 
69.511: Total time for which application threads were stopped: 0.0109850 seconds, Stopping threads took: 0.0001330 seconds
70.544: Application time: 1.0328560 seconds
70.545: [GC
Desired survivor size 170917888 bytes, new threshold 1 (max 15)
 [PSYoungGen: 1108108K->73007K(1217024K)] 2153119K->1148701K(4013568K), 0.0120320 secs] [Times: user=0.08 sys=0.00, real=0.01 secs] 
70.557: Total time for which application threads were stopped: 0.0124440 seconds, Stopping threads took: 0.0001280 seconds
71.734: Application time: 1.1775590 seconds
71.735: [GC
Desired survivor size 165675008 bytes, new threshold 1 (max 15)
 [PSYoungGen: 1115439K->60292K(1236480K)] 2191133K->1167216K(4033024K), 0.0110720 secs] [Times: user=0.06 sys=0.03, real=0.01 secs] 
71.746: Total time for which application threads were stopped: 0.0114430 seconds, Stopping threads took: 0.0001040 seconds
72.746: Application time: 1.0001430 seconds
72.746: Total time for which application threads were stopped: 0.0002880 seconds, Stopping threads took: 0.0001580 seconds
72.879: Application time: 0.1325300 seconds
72.879: [GC
Desired survivor size 159383552 bytes, new threshold 1 (max 15)
 [PSYoungGen: 1129860K->65903K(1231360K)] 2236784K->1200832K(4027904K), 0.0114020 secs] [Times: user=0.08 sys=0.01, real=0.01 secs] 
72.891: Total time for which application threads were stopped: 0.0117310 seconds, Stopping threads took: 0.0001250 seconds
74.081: Application time: 1.1903430 seconds
74.081: [GC
Desired survivor size 152567808 bytes, new threshold 1 (max 15)
 [PSYoungGen: 1135471K->69739K(1249280K)] 2270400K->1236060K(4045824K), 0.0125870 secs] [Times: user=0.08 sys=0.00, real=0.01 secs] 
74.094: Total time for which application threads were stopped: 0.0130020 seconds, Stopping threads took: 0.0001270 seconds
74.693: Application time: 0.5991720 seconds
74.693: Total time for which application threads were stopped: 0.0003040 seconds, Stopping threads took: 0.0001530 seconds
74.694: Application time: 0.0002430 seconds
74.694: Total time for which application threads were stopped: 0.0001750 seconds, Stopping threads took: 0.0001380 seconds
75.297: Application time: 0.6033010 seconds
75.297: [GC
Desired survivor size 147324928 bytes, new threshold 1 (max 15)
 [PSYoungGen: 1163371K->64823K(1242624K)] 2329692K->1262694K(4039168K), 0.0123180 secs] [Times: user=0.09 sys=0.00, real=0.01 secs] 
75.310: Total time for which application threads were stopped: 0.0127790 seconds, Stopping threads took: 0.0001630 seconds
76.510: Application time: 1.2001890 seconds
76.510: [GC
Desired survivor size 142082048 bytes, new threshold 1 (max 15)
 [PSYoungGen: 1158455K->65334K(1259520K)] 2356326K->1294590K(4056064K), 0.0118360 secs] [Times: user=0.08 sys=0.00, real=0.02 secs] 
76.522: Total time for which application threads were stopped: 0.0123880 seconds, Stopping threads took: 0.0001360 seconds
77.765: Application time: 1.2428500 seconds
77.766: [GC
Desired survivor size 136839168 bytes, new threshold 1 (max 15)
 [PSYoungGen: 1180982K->67933K(1254400K)] 2410238K->1328844K(4050944K), 0.0121660 secs] [Times: user=0.07 sys=0.02, real=0.01 secs] 
77.778: Total time for which application threads were stopped: 0.0125570 seconds, Stopping threads took: 0.0001190 seconds
79.016: Application time: 1.2383300 seconds
79.016: [GC
Desired survivor size 132644864 bytes, new threshold 1 (max 15)
 [PSYoungGen: 1183581K->63458K(1268736K)] 2444492K->1354672K(4065280K), 0.0115200 secs] [Times: user=0.08 sys=0.00, real=0.01 secs] 
79.028: Total time for which application threads were stopped: 0.0119070 seconds, Stopping threads took: 0.0001180 seconds
80.265: Application time: 1.2373320 seconds
80.266: [GC
Desired survivor size 127926272 bytes, new threshold 1 (max 15)
 [PSYoungGen: 1198562K->66242K(1264640K)] 2489776K->1383544K(4061184K), 0.0124370 secs] [Times: user=0.08 sys=0.00, real=0.01 secs] 
80.278: Total time for which application threads were stopped: 0.0127910 seconds, Stopping threads took: 0.0000900 seconds
81.454: Application time: 1.1762710 seconds
81.455: [GC
Desired survivor size 123731968 bytes, new threshold 1 (max 15)
 [PSYoungGen: 1201346K->64540K(1277440K)] 2518648K->1411523K(4073984K), 0.0113180 secs] [Times: user=0.06 sys=0.03, real=0.01 secs] 
81.466: Total time for which application threads were stopped: 0.0117560 seconds, Stopping threads took: 0.0001540 seconds
82.466: Application time: 1.0001570 seconds
82.467: Total time for which application threads were stopped: 0.0002390 seconds, Stopping threads took: 0.0001130 seconds
82.830: Application time: 0.3630640 seconds
82.830: [GC
Desired survivor size 121110528 bytes, new threshold 1 (max 15)
 [PSYoungGen: 1217052K->56848K(1273344K)] 2564035K->1432537K(4069888K), 0.0115960 secs] [Times: user=0.08 sys=0.00, real=0.02 secs] 
82.842: Total time for which application threads were stopped: 0.0120430 seconds, Stopping threads took: 0.0001160 seconds
82.842: Application time: 0.0002170 seconds
82.842: Total time for which application threads were stopped: 0.0002490 seconds, Stopping threads took: 0.0001690 seconds
83.115: Application time: 0.2723350 seconds
83.115: Total time for which application threads were stopped: 0.0002480 seconds, Stopping threads took: 0.0001170 seconds
83.179: Application time: 0.0643400 seconds
83.179: Total time for which application threads were stopped: 0.0001490 seconds, Stopping threads took: 0.0000610 seconds
83.890: Application time: 0.7109590 seconds
83.891: [GC
Desired survivor size 120586240 bytes, new threshold 1 (max 15)
 [PSYoungGen: 1209360K->46602K(1280512K)] 2585049K->1450940K(4077056K), 0.0103590 secs] [Times: user=0.07 sys=0.01, real=0.02 secs] 
83.901: Total time for which application threads were stopped: 0.0108530 seconds, Stopping threads took: 0.0000640 seconds
84.128: Application time: 0.2266810 seconds
84.128: Total time for which application threads were stopped: 0.0001280 seconds, Stopping threads took: 0.0000540 seconds
85.128: Application time: 1.0001440 seconds
85.128: Total time for which application threads were stopped: 0.0002930 seconds, Stopping threads took: 0.0000640 seconds
85.165: Application time: 0.0366120 seconds
85.165: [GC
Desired survivor size 116916224 bytes, new threshold 1 (max 15)
 [PSYoungGen: 1208842K->57890K(1280000K)] 2613180K->1478874K(4076544K), 0.0099320 secs] [Times: user=0.07 sys=0.00, real=0.01 secs] 
85.175: Total time for which application threads were stopped: 0.0102720 seconds, Stopping threads took: 0.0001220 seconds
86.570: Application time: 1.3946050 seconds
86.570: [GC
Desired survivor size 114294784 bytes, new threshold 1 (max 15)
 [PSYoungGen: 1220130K->54093K(1286656K)] 2641114K->1493830K(4083200K), 0.0099620 secs] [Times: user=0.08 sys=0.00, real=0.01 secs] 
86.580: Total time for which application threads were stopped: 0.0103890 seconds, Stopping threads took: 0.0001240 seconds
87.972: Application time: 1.3918370 seconds
87.973: [GC
Desired survivor size 112197632 bytes, new threshold 1 (max 15)
 [PSYoungGen: 1226573K->49957K(1284096K)] 2666310K->1511361K(4080640K), 0.0103530 secs] [Times: user=0.07 sys=0.00, real=0.02 secs] 
