OpenJDK 64-Bit Server VM (24.121-b00) for linux-amd64 JRE (1.7.0_121-b00), built on Nov 18 2016 00:22:36 by "mockbuild" with gcc 4.8.3 20140911 (Red Hat 4.8.3-9)
Memory: 4k page, physical 15404000k(14626372k free), swap 0k(0k free)
CommandLine flags: -XX:+HeapDumpOnOutOfMemoryError -XX:HeapDumpPath=HzMember4B.hprof -XX:InitialHeapSize=4294967296 -XX:MaxHeapSize=4294967296 -XX:OnOutOfMemoryError= date >> HzMember4B.oome -XX:+PrintGC -XX:+PrintGCApplicationConcurrentTime -XX:+PrintGCApplicationStoppedTime -XX:+PrintGCDetails -XX:+PrintGCTimeStamps -XX:+PrintTenuringDistribution -XX:+UseCompressedOops -XX:+UseParallelGC 
0.211: Application time: 0.1699470 seconds
0.211: Total time for which application threads were stopped: 0.0000710 seconds, Stopping threads took: 0.0000290 seconds
4.052: Application time: 3.8412440 seconds
4.053: Total time for which application threads were stopped: 0.0001740 seconds, Stopping threads took: 0.0000340 seconds
27.056: Application time: 23.0031430 seconds
27.056: Total time for which application threads were stopped: 0.0001490 seconds, Stopping threads took: 0.0000670 seconds
27.460: Application time: 0.4041290 seconds
27.460: Total time for which application threads were stopped: 0.0001140 seconds, Stopping threads took: 0.0000560 seconds
27.471: Application time: 0.0111100 seconds
27.471: Total time for which application threads were stopped: 0.0000680 seconds, Stopping threads took: 0.0000480 seconds
27.472: Application time: 0.0002420 seconds
27.472: Total time for which application threads were stopped: 0.0001170 seconds, Stopping threads took: 0.0000940 seconds
27.472: Application time: 0.0001270 seconds
27.472: Total time for which application threads were stopped: 0.0001960 seconds, Stopping threads took: 0.0001700 seconds
27.472: Application time: 0.0003810 seconds
27.473: Total time for which application threads were stopped: 0.0002170 seconds, Stopping threads took: 0.0001860 seconds
27.473: Application time: 0.0000450 seconds
27.473: Total time for which application threads were stopped: 0.0001550 seconds, Stopping threads took: 0.0001230 seconds
27.473: Application time: 0.0002970 seconds
27.473: Total time for which application threads were stopped: 0.0001510 seconds, Stopping threads took: 0.0001270 seconds
27.473: Application time: 0.0000520 seconds
27.474: Total time for which application threads were stopped: 0.0001650 seconds, Stopping threads took: 0.0001400 seconds
27.474: Application time: 0.0000710 seconds
27.474: Total time for which application threads were stopped: 0.0000850 seconds, Stopping threads took: 0.0000630 seconds
27.475: Application time: 0.0010440 seconds
27.475: Total time for which application threads were stopped: 0.0001470 seconds, Stopping threads took: 0.0001050 seconds
27.475: Application time: 0.0003130 seconds
27.475: Total time for which application threads were stopped: 0.0002310 seconds, Stopping threads took: 0.0001920 seconds
27.476: Application time: 0.0003990 seconds
27.476: Total time for which application threads were stopped: 0.0001520 seconds, Stopping threads took: 0.0001170 seconds
27.476: Application time: 0.0004220 seconds
27.476: Total time for which application threads were stopped: 0.0001030 seconds, Stopping threads took: 0.0000710 seconds
27.477: Application time: 0.0009600 seconds
27.478: Total time for which application threads were stopped: 0.0001530 seconds, Stopping threads took: 0.0001210 seconds
27.479: Application time: 0.0016100 seconds
27.479: Total time for which application threads were stopped: 0.0002350 seconds, Stopping threads took: 0.0001130 seconds
27.482: Application time: 0.0021650 seconds
27.482: Total time for which application threads were stopped: 0.0000860 seconds, Stopping threads took: 0.0000580 seconds
27.483: Application time: 0.0008840 seconds
27.483: Total time for which application threads were stopped: 0.0002280 seconds, Stopping threads took: 0.0001900 seconds
27.489: Application time: 0.0059080 seconds
27.489: Total time for which application threads were stopped: 0.0000900 seconds, Stopping threads took: 0.0000620 seconds
27.490: Application time: 0.0015460 seconds
27.490: Total time for which application threads were stopped: 0.0000430 seconds, Stopping threads took: 0.0000220 seconds
27.490: Application time: 0.0000420 seconds
27.491: Total time for which application threads were stopped: 0.0000530 seconds, Stopping threads took: 0.0000300 seconds
27.491: Application time: 0.0000330 seconds
27.491: Total time for which application threads were stopped: 0.0000570 seconds, Stopping threads took: 0.0000340 seconds
27.491: Application time: 0.0000340 seconds
27.491: Total time for which application threads were stopped: 0.0000280 seconds, Stopping threads took: 0.0000120 seconds
27.491: Application time: 0.0004660 seconds
27.491: Total time for which application threads were stopped: 0.0000660 seconds, Stopping threads took: 0.0000420 seconds
27.492: Application time: 0.0005350 seconds
27.492: Total time for which application threads were stopped: 0.0000880 seconds, Stopping threads took: 0.0000640 seconds
27.492: Application time: 0.0000410 seconds
27.492: Total time for which application threads were stopped: 0.0000780 seconds, Stopping threads took: 0.0000500 seconds
27.493: Application time: 0.0010910 seconds
27.493: Total time for which application threads were stopped: 0.0000880 seconds, Stopping threads took: 0.0000630 seconds
27.493: Application time: 0.0000280 seconds
27.493: Total time for which application threads were stopped: 0.0000890 seconds, Stopping threads took: 0.0000640 seconds
27.493: Application time: 0.0000390 seconds
27.493: Total time for which application threads were stopped: 0.0001240 seconds, Stopping threads took: 0.0001010 seconds
27.493: Application time: 0.0000420 seconds
27.494: Total time for which application threads were stopped: 0.0000810 seconds, Stopping threads took: 0.0000540 seconds
27.494: Application time: 0.0006190 seconds
27.494: Total time for which application threads were stopped: 0.0000510 seconds, Stopping threads took: 0.0000330 seconds
27.496: Application time: 0.0013540 seconds
27.496: Total time for which application threads were stopped: 0.0001100 seconds, Stopping threads took: 0.0000870 seconds
27.496: Application time: 0.0000690 seconds
27.496: Total time for which application threads were stopped: 0.0000340 seconds, Stopping threads took: 0.0000170 seconds
27.496: Application time: 0.0001130 seconds
27.496: Total time for which application threads were stopped: 0.0000380 seconds, Stopping threads took: 0.0000160 seconds
27.497: Application time: 0.0009310 seconds
27.497: Total time for which application threads were stopped: 0.0000890 seconds, Stopping threads took: 0.0000580 seconds
27.499: Application time: 0.0024930 seconds
27.500: Total time for which application threads were stopped: 0.0001030 seconds, Stopping threads took: 0.0000710 seconds
27.500: Application time: 0.0000510 seconds
27.500: Total time for which application threads were stopped: 0.0000730 seconds, Stopping threads took: 0.0000470 seconds
27.500: Application time: 0.0002030 seconds
27.500: Total time for which application threads were stopped: 0.0002570 seconds, Stopping threads took: 0.0001030 seconds
27.517: Application time: 0.0170070 seconds
27.517: Total time for which application threads were stopped: 0.0001700 seconds, Stopping threads took: 0.0001230 seconds
27.518: Application time: 0.0004470 seconds
27.518: Total time for which application threads were stopped: 0.0001260 seconds, Stopping threads took: 0.0000980 seconds
27.574: Application time: 0.0561840 seconds
27.574: Total time for which application threads were stopped: 0.0002190 seconds, Stopping threads took: 0.0000360 seconds
27.589: Application time: 0.0145550 seconds
27.589: [GC
Desired survivor size 178782208 bytes, new threshold 7 (max 15)
 [PSYoungGen: 1049088K->19877K(1223680K)] 1049088K->19949K(4020224K), 0.0207820 secs] [Times: user=0.06 sys=0.00, real=0.02 secs] 
27.610: Total time for which application threads were stopped: 0.0209870 seconds, Stopping threads took: 0.0000440 seconds
27.613: Application time: 0.0026700 seconds
27.613: Total time for which application threads were stopped: 0.0001600 seconds, Stopping threads took: 0.0001130 seconds
27.613: Application time: 0.0000720 seconds
27.613: Total time for which application threads were stopped: 0.0001890 seconds, Stopping threads took: 0.0001530 seconds
27.613: Application time: 0.0000510 seconds
27.613: Total time for which application threads were stopped: 0.0000450 seconds, Stopping threads took: 0.0000290 seconds
27.613: Application time: 0.0000900 seconds
27.613: Total time for which application threads were stopped: 0.0000880 seconds, Stopping threads took: 0.0000630 seconds
27.613: Application time: 0.0000470 seconds
27.613: Total time for which application threads were stopped: 0.0000730 seconds, Stopping threads took: 0.0000470 seconds
27.613: Application time: 0.0000620 seconds
27.613: Total time for which application threads were stopped: 0.0000370 seconds, Stopping threads took: 0.0000220 seconds
27.614: Application time: 0.0000490 seconds
27.614: Total time for which application threads were stopped: 0.0000600 seconds, Stopping threads took: 0.0000390 seconds
27.614: Application time: 0.0000390 seconds
27.614: Total time for which application threads were stopped: 0.0000710 seconds, Stopping threads took: 0.0000480 seconds
27.614: Application time: 0.0000400 seconds
27.614: Total time for which application threads were stopped: 0.0000630 seconds, Stopping threads took: 0.0000410 seconds
27.614: Application time: 0.0000370 seconds
27.614: Total time for which application threads were stopped: 0.0000320 seconds, Stopping threads took: 0.0000180 seconds
27.614: Application time: 0.0000430 seconds
27.614: Total time for which application threads were stopped: 0.0000830 seconds, Stopping threads took: 0.0000580 seconds
27.614: Application time: 0.0000340 seconds
27.614: Total time for which application threads were stopped: 0.0000860 seconds, Stopping threads took: 0.0000640 seconds
27.614: Application time: 0.0000580 seconds
27.614: Total time for which application threads were stopped: 0.0000900 seconds, Stopping threads took: 0.0000690 seconds
27.614: Application time: 0.0000600 seconds
27.614: Total time for which application threads were stopped: 0.0000960 seconds, Stopping threads took: 0.0000740 seconds
27.614: Application time: 0.0000320 seconds
27.615: Total time for which application threads were stopped: 0.0000760 seconds, Stopping threads took: 0.0000540 seconds
27.615: Application time: 0.0000580 seconds
27.615: Total time for which application threads were stopped: 0.0000730 seconds, Stopping threads took: 0.0000480 seconds
27.615: Application time: 0.0000400 seconds
27.615: Total time for which application threads were stopped: 0.0000930 seconds, Stopping threads took: 0.0000710 seconds
27.615: Application time: 0.0000320 seconds
27.615: Total time for which application threads were stopped: 0.0000340 seconds, Stopping threads took: 0.0000200 seconds
27.615: Application time: 0.0000610 seconds
27.615: Total time for which application threads were stopped: 0.0000720 seconds, Stopping threads took: 0.0000510 seconds
27.615: Application time: 0.0000320 seconds
27.615: Total time for which application threads were stopped: 0.0002320 seconds, Stopping threads took: 0.0000690 seconds
27.615: Application time: 0.0000630 seconds
27.615: Total time for which application threads were stopped: 0.0001200 seconds, Stopping threads took: 0.0000930 seconds
27.616: Application time: 0.0000350 seconds
27.616: Total time for which application threads were stopped: 0.0000730 seconds, Stopping threads took: 0.0000510 seconds
27.616: Application time: 0.0000420 seconds
27.616: Total time for which application threads were stopped: 0.0000460 seconds, Stopping threads took: 0.0000300 seconds
27.616: Application time: 0.0002300 seconds
27.616: Total time for which application threads were stopped: 0.0001170 seconds, Stopping threads took: 0.0000900 seconds
27.616: Application time: 0.0000380 seconds
27.616: Total time for which application threads were stopped: 0.0000920 seconds, Stopping threads took: 0.0000660 seconds
27.616: Application time: 0.0000300 seconds
27.616: Total time for which application threads were stopped: 0.0000890 seconds, Stopping threads took: 0.0000650 seconds
27.616: Application time: 0.0000310 seconds
27.616: Total time for which application threads were stopped: 0.0001080 seconds, Stopping threads took: 0.0000850 seconds
27.616: Application time: 0.0000320 seconds
27.617: Total time for which application threads were stopped: 0.0000980 seconds, Stopping threads took: 0.0000760 seconds
27.617: Application time: 0.0000290 seconds
27.617: Total time for which application threads were stopped: 0.0000800 seconds, Stopping threads took: 0.0000570 seconds
27.617: Application time: 0.0000490 seconds
27.617: Total time for which application threads were stopped: 0.0000590 seconds, Stopping threads took: 0.0000380 seconds
27.617: Application time: 0.0000400 seconds
27.617: Total time for which application threads were stopped: 0.0000730 seconds, Stopping threads took: 0.0000510 seconds
27.617: Application time: 0.0000300 seconds
27.617: Total time for which application threads were stopped: 0.0000680 seconds, Stopping threads took: 0.0000460 seconds
27.617: Application time: 0.0000300 seconds
27.617: Total time for which application threads were stopped: 0.0000730 seconds, Stopping threads took: 0.0000490 seconds
27.617: Application time: 0.0000300 seconds
27.617: Total time for which application threads were stopped: 0.0001000 seconds, Stopping threads took: 0.0000770 seconds
27.617: Application time: 0.0000290 seconds
27.617: Total time for which application threads were stopped: 0.0000680 seconds, Stopping threads took: 0.0000460 seconds
27.617: Application time: 0.0000290 seconds
27.617: Total time for which application threads were stopped: 0.0000960 seconds, Stopping threads took: 0.0000730 seconds
27.617: Application time: 0.0000280 seconds
27.618: Total time for which application threads were stopped: 0.0000700 seconds, Stopping threads took: 0.0000490 seconds
27.618: Application time: 0.0000300 seconds
27.618: Total time for which application threads were stopped: 0.0000720 seconds, Stopping threads took: 0.0000500 seconds
27.618: Application time: 0.0000300 seconds
27.618: Total time for which application threads were stopped: 0.0000320 seconds, Stopping threads took: 0.0000170 seconds
27.618: Application time: 0.0000330 seconds
27.618: Total time for which application threads were stopped: 0.0001630 seconds, Stopping threads took: 0.0000460 seconds
27.623: Application time: 0.0047760 seconds
27.623: Total time for which application threads were stopped: 0.0001220 seconds, Stopping threads took: 0.0000910 seconds
27.632: Application time: 0.0090140 seconds
27.632: Total time for which application threads were stopped: 0.0001310 seconds, Stopping threads took: 0.0000870 seconds
27.634: Application time: 0.0023950 seconds
27.634: Total time for which application threads were stopped: 0.0000930 seconds, Stopping threads took: 0.0000600 seconds
27.672: Application time: 0.0377500 seconds
27.672: Total time for which application threads were stopped: 0.0001480 seconds, Stopping threads took: 0.0000430 seconds
27.674: Application time: 0.0013130 seconds
27.674: Total time for which application threads were stopped: 0.0000520 seconds, Stopping threads took: 0.0000230 seconds
28.674: Application time: 1.0001350 seconds
28.674: Total time for which application threads were stopped: 0.0001330 seconds, Stopping threads took: 0.0000500 seconds
33.618: Application time: 4.9435920 seconds
33.618: Total time for which application threads were stopped: 0.0002140 seconds, Stopping threads took: 0.0001080 seconds
33.618: Application time: 0.0001690 seconds
33.618: Total time for which application threads were stopped: 0.0000770 seconds, Stopping threads took: 0.0000420 seconds
38.627: Application time: 5.0092660 seconds
38.627: Total time for which application threads were stopped: 0.0001380 seconds, Stopping threads took: 0.0000480 seconds
38.628: Application time: 0.0004440 seconds
38.628: Total time for which application threads were stopped: 0.0000360 seconds, Stopping threads took: 0.0000180 seconds
38.636: Application time: 0.0082700 seconds
38.637: Total time for which application threads were stopped: 0.0002710 seconds, Stopping threads took: 0.0002310 seconds
38.638: Application time: 0.0012700 seconds
38.638: Total time for which application threads were stopped: 0.0000420 seconds, Stopping threads took: 0.0000250 seconds
39.643: Application time: 1.0051890 seconds
39.643: Total time for which application threads were stopped: 0.0002020 seconds, Stopping threads took: 0.0001020 seconds
39.655: Application time: 0.0116610 seconds
39.655: Total time for which application threads were stopped: 0.0001540 seconds, Stopping threads took: 0.0001080 seconds
40.655: Application time: 1.0001870 seconds
40.655: Total time for which application threads were stopped: 0.0002250 seconds, Stopping threads took: 0.0000580 seconds
42.457: Application time: 1.8017470 seconds
42.457: Total time for which application threads were stopped: 0.0001470 seconds, Stopping threads took: 0.0000520 seconds
53.880: Application time: 11.4224350 seconds
53.880: Total time for which application threads were stopped: 0.0002130 seconds, Stopping threads took: 0.0000500 seconds
53.914: Application time: 0.0337840 seconds
53.914: Total time for which application threads were stopped: 0.0001290 seconds, Stopping threads took: 0.0000830 seconds
53.922: Application time: 0.0078880 seconds
53.922: Total time for which application threads were stopped: 0.0000960 seconds, Stopping threads took: 0.0000570 seconds
53.927: Application time: 0.0048090 seconds
53.927: Total time for which application threads were stopped: 0.0001200 seconds, Stopping threads took: 0.0000790 seconds
53.935: Application time: 0.0078660 seconds
53.935: Total time for which application threads were stopped: 0.0000600 seconds, Stopping threads took: 0.0000340 seconds
53.946: Application time: 0.0108340 seconds
53.946: Total time for which application threads were stopped: 0.0001870 seconds, Stopping threads took: 0.0001400 seconds
54.022: Application time: 0.0758610 seconds
54.022: Total time for which application threads were stopped: 0.0005040 seconds, Stopping threads took: 0.0001320 seconds
54.059: Application time: 0.0368810 seconds
54.059: Total time for which application threads were stopped: 0.0003950 seconds, Stopping threads took: 0.0001180 seconds
54.116: Application time: 0.0563030 seconds
54.116: Total time for which application threads were stopped: 0.0002160 seconds, Stopping threads took: 0.0000930 seconds
54.629: Application time: 0.5129460 seconds
54.629: Total time for which application threads were stopped: 0.0003120 seconds, Stopping threads took: 0.0001150 seconds
54.787: Application time: 0.1573360 seconds
54.787: Total time for which application threads were stopped: 0.0002820 seconds, Stopping threads took: 0.0001410 seconds
54.814: Application time: 0.0270530 seconds
54.814: Total time for which application threads were stopped: 0.0002870 seconds, Stopping threads took: 0.0001610 seconds
54.920: Application time: 0.1055670 seconds
54.920: Total time for which application threads were stopped: 0.0003200 seconds, Stopping threads took: 0.0001780 seconds
54.922: Application time: 0.0016380 seconds
54.922: Total time for which application threads were stopped: 0.0002700 seconds, Stopping threads took: 0.0001880 seconds
54.928: Application time: 0.0055020 seconds
54.928: Total time for which application threads were stopped: 0.0001610 seconds, Stopping threads took: 0.0001220 seconds
54.928: Application time: 0.0004170 seconds
54.928: Total time for which application threads were stopped: 0.0001060 seconds, Stopping threads took: 0.0000690 seconds
54.930: Application time: 0.0022800 seconds
54.931: Total time for which application threads were stopped: 0.0002300 seconds, Stopping threads took: 0.0001890 seconds
54.932: Application time: 0.0012370 seconds
54.932: Total time for which application threads were stopped: 0.0001280 seconds, Stopping threads took: 0.0000960 seconds
54.934: Application time: 0.0019110 seconds
54.934: Total time for which application threads were stopped: 0.0004590 seconds, Stopping threads took: 0.0004190 seconds
54.935: Application time: 0.0007330 seconds
54.936: Total time for which application threads were stopped: 0.0003070 seconds, Stopping threads took: 0.0002670 seconds
54.936: Application time: 0.0007620 seconds
54.936: Total time for which application threads were stopped: 0.0001610 seconds, Stopping threads took: 0.0001250 seconds
54.984: Application time: 0.0473030 seconds
54.984: Total time for which application threads were stopped: 0.0002540 seconds, Stopping threads took: 0.0001930 seconds
55.383: Application time: 0.3985760 seconds
55.383: Total time for which application threads were stopped: 0.0003020 seconds, Stopping threads took: 0.0000810 seconds
55.604: Application time: 0.2215980 seconds
55.605: Total time for which application threads were stopped: 0.0003640 seconds, Stopping threads took: 0.0001990 seconds
55.653: Application time: 0.0484000 seconds
55.653: Total time for which application threads were stopped: 0.0002140 seconds, Stopping threads took: 0.0000730 seconds
55.864: Application time: 0.2105980 seconds
55.864: Total time for which application threads were stopped: 0.0002870 seconds, Stopping threads took: 0.0000710 seconds
55.920: Application time: 0.0555730 seconds
55.920: Total time for which application threads were stopped: 0.0003090 seconds, Stopping threads took: 0.0001030 seconds
55.921: Application time: 0.0007680 seconds
55.921: Total time for which application threads were stopped: 0.0001400 seconds, Stopping threads took: 0.0001070 seconds
55.921: Application time: 0.0000990 seconds
55.921: Total time for which application threads were stopped: 0.0002240 seconds, Stopping threads took: 0.0001650 seconds
55.922: Application time: 0.0008060 seconds
55.922: Total time for which application threads were stopped: 0.0001030 seconds, Stopping threads took: 0.0000690 seconds
55.923: Application time: 0.0002040 seconds
55.923: Total time for which application threads were stopped: 0.0001920 seconds, Stopping threads took: 0.0001290 seconds
55.923: Application time: 0.0000650 seconds
55.923: Total time for which application threads were stopped: 0.0004280 seconds, Stopping threads took: 0.0000720 seconds
56.147: Application time: 0.2239640 seconds
56.148: [GC
Desired survivor size 178782208 bytes, new threshold 7 (max 15)
 [PSYoungGen: 1068965K->92249K(1223680K)] 1069037K->92329K(4020224K), 0.0160330 secs] [Times: user=0.06 sys=0.03, real=0.02 secs] 
56.164: Total time for which application threads were stopped: 0.0164650 seconds, Stopping threads took: 0.0001390 seconds
57.164: Application time: 1.0001240 seconds
57.164: Total time for which application threads were stopped: 0.0003420 seconds, Stopping threads took: 0.0001180 seconds
57.544: Application time: 0.3793940 seconds
57.544: [GC
Desired survivor size 178782208 bytes, new threshold 7 (max 15)
 [PSYoungGen: 1141337K->120143K(1223680K)] 1141417K->120232K(4020224K), 0.0179260 secs] [Times: user=0.09 sys=0.03, real=0.02 secs] 
57.562: Total time for which application threads were stopped: 0.0183050 seconds, Stopping threads took: 0.0000900 seconds
58.562: Application time: 1.0001360 seconds
58.562: Total time for which application threads were stopped: 0.0003130 seconds, Stopping threads took: 0.0000980 seconds
58.979: Application time: 0.4164520 seconds
58.979: [GC
Desired survivor size 178782208 bytes, new threshold 7 (max 15)
 [PSYoungGen: 1168967K->148854K(1223680K)] 1169055K->148950K(4020224K), 0.0169700 secs] [Times: user=0.10 sys=0.02, real=0.02 secs] 
58.996: Total time for which application threads were stopped: 0.0174920 seconds, Stopping threads took: 0.0002510 seconds
59.996: Application time: 1.0001110 seconds
59.997: Total time for which application threads were stopped: 0.0003290 seconds, Stopping threads took: 0.0001210 seconds
60.419: Application time: 0.4219960 seconds
60.419: [GC
Desired survivor size 234881024 bytes, new threshold 6 (max 15)
 [PSYoungGen: 1197942K->174588K(1197568K)] 1198038K->175052K(3994112K), 0.0189230 secs] [Times: user=0.06 sys=0.06, real=0.02 secs] 
60.438: Total time for which application threads were stopped: 0.0192530 seconds, Stopping threads took: 0.0001320 seconds
61.780: Application time: 1.3416730 seconds
61.780: [GC
Desired survivor size 257425408 bytes, new threshold 5 (max 15)
 [PSYoungGen: 1197564K->174581K(1070080K)] 1198028K->184363K(3866624K), 0.0222140 secs] [Times: user=0.16 sys=0.00, real=0.03 secs] 
61.802: Total time for which application threads were stopped: 0.0226530 seconds, Stopping threads took: 0.0001000 seconds
62.802: Application time: 1.0001430 seconds
62.803: Total time for which application threads were stopped: 0.0003260 seconds, Stopping threads took: 0.0002040 seconds
63.005: Application time: 0.2021750 seconds
63.005: [GC
Desired survivor size 278396928 bytes, new threshold 4 (max 15)
 [PSYoungGen: 1069024K->199073K(1094656K)] 1078807K->219944K(3891200K), 0.0196890 secs] [Times: user=0.14 sys=0.00, real=0.02 secs] 
63.025: Total time for which application threads were stopped: 0.0200500 seconds, Stopping threads took: 0.0001840 seconds
64.025: Application time: 1.0001430 seconds
64.026: Total time for which application threads were stopped: 0.0003710 seconds, Stopping threads took: 0.0001600 seconds
64.183: Application time: 0.1578460 seconds
64.184: [GC
Desired survivor size 290979840 bytes, new threshold 3 (max 15)
 [PSYoungGen: 1094561K->199734K(1101824K)] 1115432K->227597K(3898368K), 0.0155500 secs] [Times: user=0.12 sys=0.00, real=0.01 secs] 
64.199: Total time for which application threads were stopped: 0.0158070 seconds, Stopping threads took: 0.0000700 seconds
65.199: Application time: 1.0001470 seconds
65.200: Total time for which application threads were stopped: 0.0002860 seconds, Stopping threads took: 0.0000770 seconds
65.299: Application time: 0.0990060 seconds
65.299: [GC
Desired survivor size 288358400 bytes, new threshold 2 (max 15)
 [PSYoungGen: 1029686K->173926K(1114112K)] 1057549K->249625K(3910656K), 0.0178000 secs] [Times: user=0.13 sys=0.00, real=0.02 secs] 
65.317: Total time for which application threads were stopped: 0.0180770 seconds, Stopping threads took: 0.0000810 seconds
66.503: Application time: 1.1864920 seconds
66.504: [GC
Desired survivor size 276299776 bytes, new threshold 1 (max 15)
 [PSYoungGen: 1003878K->133946K(1128448K)] 1079577K->272500K(3924992K), 0.0174250 secs] [Times: user=0.09 sys=0.04, real=0.02 secs] 
66.521: Total time for which application threads were stopped: 0.0178940 seconds, Stopping threads took: 0.0001080 seconds
67.490: Application time: 0.9692320 seconds
67.491: Total time for which application threads were stopped: 0.0002640 seconds, Stopping threads took: 0.0001320 seconds
67.491: Application time: 0.0002570 seconds
67.491: Total time for which application threads were stopped: 0.0001360 seconds, Stopping threads took: 0.0000940 seconds
67.654: Application time: 0.1634450 seconds
67.655: [GC
Desired survivor size 274202624 bytes, new threshold 1 (max 15)
 [PSYoungGen: 980362K->82182K(1116672K)] 1118916K->302646K(3913216K), 0.0169060 secs] [Times: user=0.03 sys=0.09, real=0.01 secs] 
67.672: Total time for which application threads were stopped: 0.0172200 seconds, Stopping threads took: 0.0001390 seconds
68.672: Application time: 1.0000550 seconds
68.672: Total time for which application threads were stopped: 0.0003490 seconds, Stopping threads took: 0.0001490 seconds
68.840: Application time: 0.1682190 seconds
68.840: [GC
Desired survivor size 270532608 bytes, new threshold 1 (max 15)
 [PSYoungGen: 928110K->80861K(1134080K)] 1148573K->346156K(3930624K), 0.0118940 secs] [Times: user=0.06 sys=0.03, real=0.01 secs] 
68.852: Total time for which application threads were stopped: 0.0121330 seconds, Stopping threads took: 0.0000600 seconds
69.853: Application time: 1.0001430 seconds
69.853: Total time for which application threads were stopped: 0.0003480 seconds, Stopping threads took: 0.0001290 seconds
69.957: Application time: 0.1039850 seconds
69.957: [GC
Desired survivor size 266862592 bytes, new threshold 1 (max 15)
 [PSYoungGen: 947165K->77835K(1130496K)] 1212460K->386583K(3927040K), 0.0117170 secs] [Times: user=0.06 sys=0.03, real=0.01 secs] 
69.969: Total time for which application threads were stopped: 0.0119480 seconds, Stopping threads took: 0.0000590 seconds
70.969: Application time: 1.0001910 seconds
70.969: Total time for which application threads were stopped: 0.0002020 seconds, Stopping threads took: 0.0000990 seconds
71.111: Application time: 0.1417190 seconds
71.111: [GC
Desired survivor size 261095424 bytes, new threshold 1 (max 15)
 [PSYoungGen: 944094K->79269K(1143296K)] 1252841K->429441K(3939840K), 0.0114440 secs] [Times: user=0.09 sys=0.00, real=0.02 secs] 
71.123: Total time for which application threads were stopped: 0.0118750 seconds, Stopping threads took: 0.0002500 seconds
72.242: Application time: 1.1188810 seconds
72.242: [GC
Desired survivor size 254279680 bytes, new threshold 1 (max 15)
 [PSYoungGen: 961957K->83584K(1137664K)] 1312129K->476154K(3934208K), 0.0127370 secs] [Times: user=0.04 sys=0.04, real=0.01 secs] 
72.255: Total time for which application threads were stopped: 0.0130960 seconds, Stopping threads took: 0.0001180 seconds
73.255: Application time: 1.0000420 seconds
73.255: Total time for which application threads were stopped: 0.0003140 seconds, Stopping threads took: 0.0001040 seconds
73.418: Application time: 0.1626710 seconds
73.418: [GC
Desired survivor size 245891072 bytes, new threshold 1 (max 15)
 [PSYoungGen: 966272K->88132K(1158144K)] 1358842K->522067K(3954688K), 0.0131360 secs] [Times: user=0.09 sys=0.00, real=0.01 secs] 
73.431: Total time for which application threads were stopped: 0.0133790 seconds, Stopping threads took: 0.0000620 seconds
74.431: Application time: 1.0001250 seconds
74.432: Total time for which application threads were stopped: 0.0001740 seconds, Stopping threads took: 0.0000540 seconds
74.801: Application time: 0.3689490 seconds
74.801: [GC
Desired survivor size 238026752 bytes, new threshold 1 (max 15)
 [PSYoungGen: 997956K->87935K(1149952K)] 1431891K->564121K(3946496K), 0.0134740 secs] [Times: user=0.08 sys=0.01, real=0.01 secs] 
74.814: Total time for which application threads were stopped: 0.0137880 seconds, Stopping threads took: 0.0001320 seconds
76.154: Application time: 1.3396230 seconds
76.154: [GC
Desired survivor size 230162432 bytes, new threshold 1 (max 15)
 [PSYoungGen: 997759K->87969K(1173504K)] 1473945K->602620K(3970048K), 0.0121080 secs] [Times: user=0.09 sys=0.00, real=0.01 secs] 
76.166: Total time for which application threads were stopped: 0.0124760 seconds, Stopping threads took: 0.0001340 seconds
76.329: Application time: 0.1628120 seconds
76.329: Total time for which application threads were stopped: 0.0001910 seconds, Stopping threads took: 0.0001200 seconds
77.419: Application time: 1.0898660 seconds
77.420: [GC
Desired survivor size 223870976 bytes, new threshold 1 (max 15)
 [PSYoungGen: 1028786K->78911K(1165824K)] 1543437K->631090K(3962368K), 0.0116320 secs] [Times: user=0.08 sys=0.01, real=0.01 secs] 
77.431: Total time for which application threads were stopped: 0.0120640 seconds, Stopping threads took: 0.0001730 seconds
78.689: Application time: 1.2575090 seconds
78.689: [GC
Desired survivor size 217055232 bytes, new threshold 1 (max 15)
 [PSYoungGen: 1019960K->80227K(1186304K)] 1572139K->671507K(3982848K), 0.0120030 secs] [Times: user=0.07 sys=0.02, real=0.02 secs] 
78.701: Total time for which application threads were stopped: 0.0124710 seconds, Stopping threads took: 0.0001180 seconds
79.702: Application time: 1.0001810 seconds
79.702: Total time for which application threads were stopped: 0.0001580 seconds, Stopping threads took: 0.0000510 seconds
79.986: Application time: 0.2838600 seconds
79.986: [GC
Desired survivor size 210763776 bytes, new threshold 1 (max 15)
 [PSYoungGen: 1047907K->75049K(1179648K)] 1639187K->706743K(3976192K), 0.0127040 secs] [Times: user=0.05 sys=0.03, real=0.01 secs] 
79.999: Total time for which application threads were stopped: 0.0129940 seconds, Stopping threads took: 0.0001010 seconds
80.999: Application time: 1.0000470 seconds
80.999: Total time for which application threads were stopped: 0.0002390 seconds, Stopping threads took: 0.0001160 seconds
81.222: Application time: 0.2235280 seconds
81.223: [GC
Desired survivor size 203948032 bytes, new threshold 1 (max 15)
 [PSYoungGen: 1042729K->81472K(1199104K)] 1674423K->750176K(3995648K), 0.0117600 secs] [Times: user=0.07 sys=0.02, real=0.01 secs] 
81.234: Total time for which application threads were stopped: 0.0120400 seconds, Stopping threads took: 0.0000830 seconds
82.620: Application time: 1.3857940 seconds
82.620: [GC
Desired survivor size 197132288 bytes, new threshold 1 (max 15)
 [PSYoungGen: 1074394K->78033K(1192448K)] 1743098K->784364K(3988992K), 0.0137010 secs] [Times: user=0.06 sys=0.01, real=0.01 secs] 
82.634: Total time for which application threads were stopped: 0.0140700 seconds, Stopping threads took: 0.0001000 seconds
83.890: Application time: 1.2559240 seconds
83.890: [GC
Desired survivor size 189267968 bytes, new threshold 1 (max 15)
 [PSYoungGen: 1071307K->85334K(1213440K)] 1777639K->828151K(4009984K), 0.0120040 secs] [Times: user=0.09 sys=0.00, real=0.02 secs] 
83.903: Total time for which application threads were stopped: 0.0123220 seconds, Stopping threads took: 0.0000820 seconds
85.298: Application time: 1.3958370 seconds
85.299: [GC
Desired survivor size 182976512 bytes, new threshold 1 (max 15)
 [PSYoungGen: 1106257K->80989K(1205760K)] 1849074K->861693K(4002304K), 0.0120870 secs] [Times: user=0.08 sys=0.00, real=0.01 secs] 
85.311: Total time for which application threads were stopped: 0.0125120 seconds, Stopping threads took: 0.0000720 seconds
86.650: Application time: 1.3386820 seconds
86.650: [GC
Desired survivor size 177733632 bytes, new threshold 1 (max 15)
 [PSYoungGen: 1101197K->74444K(1224704K)] 1881901K->893574K(4021248K), 0.0116640 secs] [Times: user=0.09 sys=0.00, real=0.02 secs] 
86.662: Total time for which application threads were stopped: 0.0119770 seconds, Stopping threads took: 0.0000800 seconds
87.491: Application time: 0.8294890 seconds
87.491: Total time for which application threads were stopped: 0.0003240 seconds, Stopping threads took: 0.0001870 seconds
88.048: Application time: 0.5564200 seconds
88.048: [GC
Desired survivor size 172490752 bytes, new threshold 1 (max 15)
 [PSYoungGen: 1120380K->75839K(1219584K)] 1939509K->929110K(4016128K), 0.0120600 secs] [Times: user=0.08 sys=0.00, real=0.01 secs] 
88.060: Total time for which application threads were stopped: 0.0124130 seconds, Stopping threads took: 0.0000980 seconds
89.462: Application time: 1.4016290 seconds
89.462: [GC
Desired survivor size 168296448 bytes, new threshold 1 (max 15)
 [PSYoungGen: 1121855K->70299K(1233920K)] 1975126K->959658K(4030464K), 0.0120820 secs] [Times: user=0.05 sys=0.03, real=0.01 secs] 
89.474: Total time for which application threads were stopped: 0.0123810 seconds, Stopping threads took: 0.0000620 seconds
90.868: Application time: 1.3939070 seconds
90.868: [GC
Desired survivor size 163053568 bytes, new threshold 1 (max 15)
 [PSYoungGen: 1135771K->72795K(1229824K)] 2025130K->997363K(4026368K), 0.0205690 secs] [Times: user=0.12 sys=0.00, real=0.02 secs] 
90.889: Total time for which application threads were stopped: 0.0210160 seconds, Stopping threads took: 0.0001610 seconds
92.237: Application time: 1.3477810 seconds
92.237: [GC
Desired survivor size 157286400 bytes, new threshold 1 (max 15)
 [PSYoungGen: 1137673K->78506K(1244672K)] 2062241K->1035335K(4041216K), 0.0117990 secs] [Times: user=0.07 sys=0.02, real=0.01 secs] 
92.249: Total time for which application threads were stopped: 0.0123020 seconds, Stopping threads took: 0.0001530 seconds
93.865: Application time: 1.6159910 seconds
93.865: [GC
Desired survivor size 154664960 bytes, new threshold 1 (max 15)
 [PSYoungGen: 1163946K->63393K(1239040K)] 2120775K->1048277K(4035584K), 0.0102620 secs] [Times: user=0.07 sys=0.00, real=0.01 secs] 
93.876: Total time for which application threads were stopped: 0.0105970 seconds, Stopping threads took: 0.0000800 seconds
95.466: Application time: 1.5900740 seconds
95.466: [GC
Desired survivor size 152567808 bytes, new threshold 1 (max 15)
 [PSYoungGen: 1148409K->56618K(1249280K)] 2133293K->1067024K(4045824K), 0.0096340 secs] [Times: user=0.07 sys=0.00, real=0.01 secs] 
95.476: Total time for which application threads were stopped: 0.0100410 seconds, Stopping threads took: 0.0001550 seconds
96.119: Application time: 0.6432320 seconds
96.119: Total time for which application threads were stopped: 0.0002750 seconds, Stopping threads took: 0.0000560 seconds
96.189: Application time: 0.0693440 seconds
96.189: Total time for which application threads were stopped: 0.0001960 seconds, Stopping threads took: 0.0001360 seconds
96.697: Application time: 0.5081730 seconds
96.698: [GC
Desired survivor size 151519232 bytes, new threshold 1 (max 15)
 [PSYoungGen: 1154858K->46436K(1247232K)] 2165264K->1081879K(4043776K), 0.0093560 secs] [Times: user=0.07 sys=0.00, real=0.01 secs] 
96.707: Total time for which application threads were stopped: 0.0099450 seconds, Stopping threads took: 0.0001470 seconds
96.707: Application time: 0.0001920 seconds
96.707: Total time for which application threads were stopped: 0.0001850 seconds, Stopping threads took: 0.0001170 seconds
96.961: Application time: 0.2537000 seconds
96.961: Total time for which application threads were stopped: 0.0002560 seconds, Stopping threads took: 0.0000940 seconds
97.962: Application time: 1.0001400 seconds
97.962: Total time for which application threads were stopped: 0.0002540 seconds, Stopping threads took: 0.0001410 seconds
98.124: Application time: 0.1617890 seconds
98.124: [GC
Desired survivor size 149422080 bytes, new threshold 1 (max 15)
 [PSYoungGen: 1144676K->49563K(1252352K)] 2180119K->1103006K(4048896K), 0.0101940 secs] [Times: user=0.06 sys=0.00, real=0.01 secs] 
98.134: Total time for which application threads were stopped: 0.0104560 seconds, Stopping threads took: 0.0000590 seconds
99.632: Application time: 1.4977670 seconds
99.632: [GC
Desired survivor size 144703488 bytes, new threshold 1 (max 15)
 [PSYoungGen: 1153556K->59916K(1250304K)] 2206999K->1132840K(4046848K), 0.0097410 secs] [Times: user=0.04 sys=0.02, real=0.02 secs] 
